[backblue.gif]
[fade.gif]
[index.html]
[pastorscott/speaking/index.php/feed/index.html]
[pastorscott/speaking/wp-includes/js/jquery/jquery.minf43b.js]
[pastorscott/speaking/wp-includes/js/jquery/jquery-migrate.min5589.js]
[pastorscott/speaking/wp-content/plugins/picasa-express-x2/photoswipe/lib/klass.min8d18.js]
[pastorscott/speaking/wp-content/plugins/picasa-express-x2/photoswipe/code.photoswipe.jquery-3.0.5.min8d18.js]
[pastorscott/speaking/wp-content/plugins/click-to-top/assets/js/jquery.easing5152.js]
[pastorscott/speaking/wp-content/plugins/click-to-top/assets/js/jquery.scrollUp5152.js]
[pastorscott/speaking/wp-content/themes/x-blog/assets/js/modernizr1e39.js]
[pastorscott/speaking/wp-content/plugins/mobile-menu/includes/js/mobmenu5e0b.js]
[pastorscott/speaking/xmlrpc0db0.php]
[pastorscott/speaking/index.php/wp-json/index.html]
[pastorscott/speaking/wp-content/uploads/2023/10/girl.png]
[pastorscott/speaking/wp-content/uploads/2011/12/notredame.jpg]
[-4XjmXqADQVs/XqnTCshjMAI/AAAAAAABE9I/Fz50Dm1A3VQGfyGa6X3Lpkq3UG7xa4dKACPcBGAsYHg/s1600/coronverses43.png]
[-spnfN-mtPEo/XqdGtvt158I/AAAAAAABE8E/s7PaPni1QHAJ_Fh3xnB7Ykddlt1ZJ1gCQCPcBGAsYHg/s1600/coronverses42.png]
[-7ZV1N0-osgM/XqWgX989dlI/AAAAAAABE6s/VjL1qfV1Rkw_GzMfWNLHFYggipKpmB-qwCPcBGAsYHg/s1600/coronverses41.png]
[-c3MS1VX541c/XqTOy1yd7rI/AAAAAAABE50/Ri8FBEE_xkcbOkAEpv-4Wr23gi0fogcLwCPcBGAsYHg/s1600/coronverses40.png]
[-dWdo0hNnOuw/XqNFEiGdYLI/AAAAAAABE20/I4z6-P0CfZo67CW6CSEhrIk8psATXOXZgCPcBGAsYHg/s1600/coronverses39.png]
[-35SpL1oqfvo/XqILcco-jdI/AAAAAAABE1g/xHGLmRUJtJgYBloyuPsSTFqUBLL2mGzJgCPcBGAsYHg/s1600/coronverses38.png]
[pastorscott/speaking/wp-content/themes/x-blog/assets/js/skip-link-focus-fixbab4.js]
[pastorscott/speaking/wp-content/themes/x-blog/assets/js/jquery.slicknav4a7d.js]
[pastorscott/speaking/index.html]
[pastorscott/speaking/wp-content/themes/x-blog/assets/js/mainbab4.js]
[pastorscott/speaking/wp-content/plugins/picasa-express-x2/pe2-display8ce6.css]
[pastorscott/speaking/wp-content/plugins/picasa-express-x2/photoswipe/loader.gif]
[pastorscott/speaking/wp-content/plugins/picasa-express-x2/photoswipe/error.gif]
[pastorscott/speaking/wp-content/plugins/picasa-express-x2/photoswipe/icons.png]
[pastorscott/speaking/wp-content/plugins/picasa-express-x2/photoswipe/icons@2x.png]
[pastorscott/speaking/wp-content/plugins/picasa-express-x2/photoswipe/photoswipe8d18.css]
[pastorscott/speaking/wp-includes/css/dist/block-library/style.min1e39.css]
[pastorscott/speaking/wp-content/themes/x-blog/assets/css/admin-block5152.css]
[pastorscott/speaking/wp-content/plugins/click-to-top/assets/fonts/fontawesome-webfont3295.eot]
[pastorscott/speaking/wp-content/plugins/click-to-top/assets/fonts/fontawesome-webfontd41d.eot]
[pastorscott/speaking/wp-content/plugins/click-to-top/assets/fonts/fontawesome-webfont3295.woff2]
[pastorscott/speaking/wp-content/plugins/click-to-top/assets/fonts/fontawesome-webfont3295.woff]
[pastorscott/speaking/wp-content/plugins/click-to-top/assets/fonts/fontawesome-webfont3295.ttf]
[pastorscott/speaking/wp-content/plugins/click-to-top/assets/css/font-awesome.min11b8.css]
[pastorscott/speaking/wp-content/plugins/click-to-top/assets/css/hover5152.css]
[pastorscott/speaking/wp-content/plugins/click-to-top/assets/css/click-top-style97e1.css]
[pastorscott/speaking/wp-content/themes/x-blog/assets/webfonts/fa-brands-400.eot]
[pastorscott/speaking/wp-content/themes/x-blog/assets/webfonts/fa-brands-400d41d.eot]
[pastorscott/speaking/wp-content/themes/x-blog/assets/webfonts/fa-brands-400.woff2]
[pastorscott/speaking/wp-content/themes/x-blog/assets/webfonts/fa-brands-400.woff]
[pastorscott/speaking/wp-content/themes/x-blog/assets/webfonts/fa-brands-400.ttf]
[pastorscott/speaking/wp-content/themes/x-blog/assets/webfonts/fa-regular-400.eot]
[pastorscott/speaking/wp-content/themes/x-blog/assets/webfonts/fa-regular-400d41d.eot]
[pastorscott/speaking/wp-content/themes/x-blog/assets/webfonts/fa-regular-400.woff2]
[pastorscott/speaking/wp-content/themes/x-blog/assets/webfonts/fa-regular-400.woff]
[pastorscott/speaking/wp-content/themes/x-blog/assets/webfonts/fa-regular-400.ttf]
[pastorscott/speaking/wp-content/themes/x-blog/assets/webfonts/fa-solid-900.eot]
[pastorscott/speaking/wp-content/themes/x-blog/assets/webfonts/fa-solid-900.woff2]
[pastorscott/speaking/wp-content/themes/x-blog/assets/webfonts/fa-solid-900.woff]
[pastorscott/speaking/wp-content/themes/x-blog/assets/webfonts/fa-solid-900.ttf]
[pastorscott/speaking/wp-content/themes/x-blog/assets/webfonts/fa-solid-900d41d.eot]
[pastorscott/speaking/wp-content/themes/x-blog/assets/css/all05c8.css]
[pastorscott/speaking/wp-content/themes/x-blog/assets/css/slicknav68b3.css]
[pastorscott/speaking/wp-content/themes/x-blog/assets/css/blockbab4.css]
[pastorscott/speaking/wp-content/themes/x-blog/style1e39.css]
[pastorscott/speaking/wp-content/themes/x-blog/assets/css/responsivebab4.css]
[pastorscott/speaking/wp-content/themes/x-blog/assets/css/custom_script1e39.css]
[pastorscott/speaking/wp-content/uploads/dynamic-mobmenu9daf.css]
[pastorscott/speaking/wp-content/plugins/mobile-menu/includes/css/font/mobmenu327f.woff2]
[pastorscott/speaking/wp-content/plugins/mobile-menu/includes/css/font/mobmenu327f.woff]
[pastorscott/speaking/wp-content/plugins/mobile-menu/includes/css/mobmenu-icons1e39.css]
[pastorscott/speaking/wp-content/plugins/mobile-menu/includes/css/mobmenu5e0b.css]
[pastorscott/speaking/index.php/wp-json/wp/v2/pages/1766.json]
[pastorscott/speaking/index.php/wp-json/oembed/1.0/embedb966.json]
[pastorscott/speaking/index.php/wp-json/oembed/1.0/embed7068]
[wp-content/uploads/2023/02/20230101_114211-scaled.jpg]
[wp-content/uploads/2023/02/20230101_114211-1024x768.jpg]
[wp-content/uploads/2009/03/black-bkg-grc-medium.jpg]
[wp-content/uploads/2013/01/P2028657.jpg]
[wp-content/uploads/2013/01/P2028657-300x239.jpg]
[wp-content/uploads/2011/03/Quill-Pen-150x104.jpg]
[-MbZ6l5QCoDA/XX7YIQ1ZVlI/AAAAAAABBFg/qvSI3JsNR0wOSSQqJ9VO4qEtStI8DPE9wCKgBGAsYHg/s1600/IMG_20190627_172732.jpg]
[pastorscott/speaking/index.php/about/index.html]
[pastorscott/speaking/index.php/wp-json/wp/v2/pages/3507.json]
[pastorscott/speaking/index.php/wp-json/oembed/1.0/embedc9e2.json]
[pastorscott/speaking/index.php/wp-json/oembed/1.0/embed048f]
[pastorscott/speaking/index.php/tag-cloud/index.html]
[pastorscott/speaking/index.php/wp-json/wp/v2/posts/3306.json]
[pastorscott/speaking/index.php/wp-json/oembed/1.0/embed702f.json]
[pastorscott/speaking/index.php/wp-json/oembed/1.0/embed4625]
[pastorscott/speaking/index.php/minister-to-children/index.html]
[pastorscott/speaking/index.php/wp-json/wp/v2/users/3.json]
[pastorscott/speaking/index.php/author/grscott/index.html]
[pastorscott/speaking/index.php/category/ministerially_speaking/index.html]
[pastorscott/speaking/index.php/wp-json/wp/v2/categories/623.json]
[pastorscott/speaking/index.php/wp-json/wp/v2/tags/15.json]
[-OIPxWg7XI4c/XBQDvFyKd8I/AAAAAAAA3-4/e6JgfdV0Bio3wJ-Nw4tC5c1p5-C0s3JQwCKgBGAs/s1600/photo.JPG]
[pastorscott/speaking/wp-content/uploads/2018/04/checkmark.png]
[pastorscott/speaking/wp-content/uploads/2018/04/facebook-mobile-app-820x4201.jpg]
[pastorscott/speaking/wp-content/uploads/2014/01/thimbles-300x207.jpg]
[pastorscott/speaking/wp-content/uploads/2013/10/logo-Pastor_Appreciation_Month-300x165.jpg]
[pastorscott/speaking/index.php/tag/advice/index.html]
[pastorscott/speaking/wp-content/uploads/2013/08/lets_make_a_deal_doors.jpg]
[pastorscott/speaking/index.php/wp-json/wp/v2/tags/72.json]
[pastorscott/speaking/index.php/tag/children/index.html]
[pastorscott/speaking/index.php/wp-json/wp/v2/tags/80.json]
[-wEHgGRKUmXI/U5Un2kkrASI/AAAAAAAAdDA/D6gbHoi9570/s0/IMG_2465.JPG]
[-V-su8JXTUk0/VR7WLHIHSGI/AAAAAAAAiJo/iekZI0iKK4M/s0-d/100_3734.JPG]
[-maQHi2VWjmA/VUakLGOoygI/AAAAAAAAibM/5tIVKYGifsk/s0-d/clearlakenaz.jpg]
[-YXwj6XJ5934/VR7brsq-sFI/AAAAAAAAiPY/_01Gy3AJm9s/s0/PHOTO_20150130_145029.jpg]
[pastorscott/speaking/index.php/tag/church/index.html]
[pastorscott/speaking/index.php/author/grscott/feed/index.html]
[pastorscott/speaking/index.php/category/ministerially_speaking/feed/index.html]
[pastorscott/speaking/index.php/tag/advice/feed/index.html]
[pastorscott/speaking/index.php/wp-json/wp/v2/posts/969.json]
[pastorscott/speaking/index.php/wp-json/oembed/1.0/embedc7dd.json]
[pastorscott/speaking/index.php/wp-json/oembed/1.0/embedcc6a]
[pastorscott/speaking/index.php/christmas-is-a-hard-time-for-a-lot-of-people/index.html]
[pastorscott/speaking/index.php/tag/children/feed/index.html]
[pastorscott/speaking/index.php/tag/church/feed/index.html]
[pastorscott/speaking/index.php/wp-json/wp/v2/categories/1.json]
[pastorscott/speaking/index.php/category/uncategorized/feed/index.html]
[-7OBQw1_WDcg/XnY4vuil2iI/AAAAAAABEF8/3q1HtCA3x24urh9_ARGlOKmzV7O6fkMzQCKgBGAsYHg/s1600/coronverses04.png]
[-IdWUlqxdQRA/Wy8JjHnFjDI/AAAAAAAAzDQ/2v6UdxPiU3ck_E1C5OY32beH1edYXc49QCKgBGAs/s1600/2013-07-04 12.11.39.jpg]
[pastorscott/speaking/index.php/category/uncategorized/index.html]
[pastorscott/speaking/index.php/tag/christmas/index.html]
[pastorscott/speaking/index.php/wp-json/wp/v2/tags/78.json]
[pastorscott/speaking/index.php/wp-json/wp/v2/tags/142.json]
[pastorscott/speaking/index.php/tag/emmanuel/index.html]
[pastorscott/speaking/index.php/tag/christmas/feed/index.html]
[pastorscott/speaking/index.php/tag/emmanuel/feed/index.html]
[pastorscott/speaking/index.php/tag/grinch/feed/index.html]
[pastorscott/speaking/index.php/wp-json/wp/v2/tags/193.json]
[pastorscott/speaking/index.php/tag/grinch/index.html]
[pastorscott/speaking/index.php/wp-json/wp/v2/posts/3084.json]
[pastorscott/speaking/index.php/wp-json/oembed/1.0/embedade5.json]
[pastorscott/speaking/index.php/wp-json/oembed/1.0/embed7030]
[pastorscott/speaking/index.php/advice-to-young-pastors-preach-the-gospel/index.html]
[pastorscott/speaking/index.php/tag/bible/feed/index.html]
[pastorscott/speaking/index.php/wp-json/wp/v2/tags/40.json]
[-kH1suxppdLM/URKw2zoMprI/AAAAAAAASBY/q5auheEEbCY/s1600/2013-02-06 12.10.01.jpg]
[pastorscott/speaking/wp-content/uploads/2013/02/2013-02-06-12.10.01.jpg]
[-Ttl02q_M2jU/URKw5V7r-UI/AAAAAAAASBg/0lWSVW1YHAY/s1600/2013-02-06 12.10.51.jpg]
[pastorscott/speaking/wp-content/uploads/2013/02/2013-02-06-12.10.51.jpg]
[-R4bl8So_UQc/URKw5VN4V5I/AAAAAAAASBk/ySIJRC29lrM/s1600/2013-02-06 12.11.04.jpg]
[pastorscott/speaking/wp-content/uploads/2013/02/2013-02-06-12.11.04.jpg]
[-KA14dBrYtlk/URKw5mMhKGI/AAAAAAAASBo/WRSx6TvMGOc/s1600/2013-02-06 12.10.19.jpg]
[pastorscott/speaking/wp-content/uploads/2013/02/2013-02-06-12.10.19.jpg]
[pastorscott/speaking/index.php/tag/bible/index.html]
[pastorscott/speaking/index.php/wp-json/wp/v2/tags/267.json]
[-hRbSeP0QLQQ/TxxXBZ3_jWI/AAAAAAAATo8/NB7ECQfbCbo/s1600/zachaeous.97.delayed]
[pastorscott/speaking/index.php/tag/ministry/index.html]
[pastorscott/speaking/index.php/tag/ministry/feed/index.html]
[pastorscott/speaking/index.php/tag/pastor/feed/index.html]
[pastorscott/speaking/index.php/wp-json/wp/v2/tags/301.json]
[pastorscott/speaking/index.php/tag/pastor/index.html]
[pastorscott/speaking/index.php/wp-json/wp/v2/tags/330.json]
[pastorscott/speaking/index.php/tag/preaching/index.html]
[pastorscott/speaking/index.php/tag/preaching/feed/index.html]
[pastorscott/speaking/index.php/wp-json/wp/v2/tags/368.json]
[pastorscott/speaking/index.php/tag/sermons/index.html]
[pastorscott/speaking/index.php/tag/sermons/feed/index.html]
[pastorscott/speaking/index.php/wp-json/wp/v2/posts/3062.json]
[pastorscott/speaking/index.php/wp-json/oembed/1.0/embedcc18.json]
[pastorscott/speaking/index.php/wp-json/oembed/1.0/embedfba3]
[pastorscott/speaking/index.php/coronaverses-wrap-up/index.html]
[pastorscott/speaking/index.php/tag/coronaverses/feed/index.html]
[pastorscott/speaking/index.php/wp-json/wp/v2/tags/621.json]
[-8h0VU2uvf2E/XqCr5xOwEII/AAAAAAABE0k/QI1xeSbntrw4JVBtvovEMmGssVw8aBFfQCPcBGAsYHg/s1600/coronverses37.png]
[-GqedGAU87ew/Xp9nyUNnRfI/AAAAAAABEzY/zwy7Bq0cBTE28LJUJmLfg6iXLC4eO9pnQCPcBGAsYHg/s1600/coronverses36.png]
[-F23NcdybV9o/Xp3gLupqWcI/AAAAAAABEyc/afJRlZ_fl4gIHpvUfPW8934lMga2-JKUQCPcBGAsYHg/s1600/coronverses35.png]
[pastorscott/speaking/index.php/tag/coronaverses/index.html]
[pastorscott/speaking/index.php/wp-json/wp/v2/posts/3058.json]
[pastorscott/speaking/index.php/wp-json/oembed/1.0/embed2575.json]
[pastorscott/speaking/index.php/wp-json/oembed/1.0/embed532c]
[pastorscott/speaking/index.php/coronaverses-43/index.html]
[pastorscott/speaking/index.php/wp-json/wp/v2/posts/3056.json]
[pastorscott/speaking/index.php/wp-json/oembed/1.0/embeddc3b.json]
[pastorscott/speaking/index.php/wp-json/oembed/1.0/embed21b5]
[pastorscott/speaking/index.php/coronaverses-42/index.html]
[pastorscott/speaking/index.php/wp-json/wp/v2/posts/3054.json]
[pastorscott/speaking/index.php/wp-json/oembed/1.0/embedfff6]
[pastorscott/speaking/index.php/wp-json/oembed/1.0/embedf7af]
[pastorscott/speaking/index.php/coronaverses-41/index.html]
[pastorscott/speaking/index.php/wp-json/wp/v2/posts/3052.json]
[pastorscott/speaking/index.php/wp-json/oembed/1.0/embeda59c.json]
[pastorscott/speaking/index.php/coronaverses-40/index.html]
[pastorscott/speaking/index.php/wp-json/oembed/1.0/embed9425]
[pastorscott/speaking/index.php/wp-json/wp/v2/posts/3050.json]
[pastorscott/speaking/index.php/wp-json/oembed/1.0/embed026b]
[pastorscott/speaking/index.php/wp-json/oembed/1.0/embedeb48]
[pastorscott/speaking/index.php/coronaverses-39/index.html]
[pastorscott/speaking/index.php/wp-json/wp/v2/posts/3048.json]
[pastorscott/speaking/index.php/wp-json/oembed/1.0/embed980f.json]
[pastorscott/speaking/index.php/wp-json/oembed/1.0/embed1007]
[pastorscott/speaking/index.php/coronaverses-38/index.html]
[-bKC_yaJ_BJo/XpxvKvJdO1I/AAAAAAABExY/KFQOXcK5K5wLa5gIpYSaCuEgDcxQ3ro9QCPcBGAsYHg/s1600/coronverses34.png]
[-CdqOLbKYfQ4/Xpt5_pCU0SI/AAAAAAABEwU/fYLvX_y9xw4okJZPicoVEgwbxdmljW90gCPcBGAsYHg/s1600/coronverses33.png]
[-XVNlt6JJtzw/XppYGDywVAI/AAAAAAABEvY/dTDfpyvQEZQ9KpGIlP3Z-QQzB14nvy9cACPcBGAsYHg/s1600/coronverses32.png]
[-V5lOCu1S8fs/XpivkV21C_I/AAAAAAABEsw/_1dQm_KCDLcPlCh7KHKHQKpJHP02Mw3ogCPcBGAsYHg/s1600/coronverses31.png]
[-FtOzyDvMLSw/Xpd78l4dGlI/AAAAAAABEr8/YG_Qr1xj018tZKUMluB4vWnzmAUw1Y09QCPcBGAsYHg/s1600/coronverses30.png]
[-VcJIt3t6Jn8/XpYXA4uL1rI/AAAAAAABErE/peoFhYD4QQsdFD9THyOlEzAC-AHiZ8L1ACKgBGAsYHg/s1600/coronverses29.png]
[pastorscott/speaking/index.php/page/2/index.html]
[-VjMOo0V7NCo/XpSgb3NZILI/AAAAAAABEqE/TB5wZsXgNtM4C-OnBRdESk8gIxF_blXzQCKgBGAsYHg/s1600/coronverses28.png]
[pastorscott/speaking/wp-content/plugins/click-to-top/assets/fonts/fontawesome-webfont3295.svg]
[pastorscott/speaking/wp-content/themes/x-blog/assets/webfonts/fa-brands-400.svg]
[pastorscott/speaking/wp-content/themes/x-blog/assets/webfonts/fa-regular-400.svg]
[pastorscott/speaking/wp-content/themes/x-blog/assets/webfonts/fa-solid-900.svg]
[pastorscott/speaking/wp-content/uploads/dynamic-mobmenu61a2.css]
[pastorscott/speaking/indexf770.html]
[pastorscott/speaking/wp-content/uploads/dynamic-mobmenu2d99.css]
[pastorscott/speaking/index60a4.html]
[pastorscott/speaking/index.php/tag/911/feed/index.html]
[pastorscott/speaking/index.php/wp-json/wp/v2/tags/9.json]
[pastorscott/speaking/index.php/tag/911/index.html]
[pastorscott/speaking/index.php/tag/abraham-lincoln/feed/index.html]
[pastorscott/speaking/index.php/wp-json/wp/v2/tags/11.json]
[pastorscott/speaking/index.php/tag/abraham-lincoln/index.html]
[pastorscott/speaking/index.php/wp-json/wp/v2/tags/25.json]
[pastorscott/speaking/index.php/tag/appreciation/feed/index.html]
[_hfFNqoLYQa8/R1MWPXHTCKI/AAAAAAAABzQ/SZ3ZP8QL7zE/s1600-R/PB232830.JPG]
[_hfFNqoLYQa8/R1MWPXHTCKI/AAAAAAAABzQ/uSFX4gmQoOg/s160/PB232830.JPG]
[_hfFNqoLYQa8/R1MWP3HTCLI/AAAAAAAABzY/P4FYd44lDF0/s1600-R/PC012849.JPG]
[_hfFNqoLYQa8/R1MWP3HTCLI/AAAAAAAABzY/8sKBhIU1oUk/s160/PC012849.JPG]
[_hfFNqoLYQa8/R1MWQnHTCMI/AAAAAAAABzg/jjE4e6atzm4/s1600-R/PC012851.JPG]
[_hfFNqoLYQa8/R1MWQnHTCMI/AAAAAAAABzg/j74DJ7MjNmM/s160/PC012851.JPG]
[_hfFNqoLYQa8/R1MWRHHTCNI/AAAAAAAABzo/G-S6plhyrd8/s1600-R/PC012861.JPG]
[_hfFNqoLYQa8/R1MWRHHTCNI/AAAAAAAABzo/OyzX0LS7QG8/s160/PC012861.JPG]
[pbp.gif]
[pastorscott/speaking/index.php/tag/appreciation/index.html]
[pastorscott/speaking/index.php/tag/blunders/feed/index.html]
[pastorscott/speaking/index.php/wp-json/wp/v2/tags/50.json]
[pastorscott/speaking/index.php/tag/blunders/index.html]
[pastorscott/speaking/index.php/tag/brezee/feed/index.html]
[pastorscott/speaking/index.php/wp-json/wp/v2/tags/53.json]
[2015/03/phineas-bresee.jpg]
[pastorscott/speaking/index.php/tag/brezee/index.html]
[pastorscott/speaking/index.php/tag/camping/feed/index.html]
[pastorscott/speaking/index.php/wp-json/wp/v2/tags/61.json]
[-YGAhC-QYXkY/U2aVH8mGusI/AAAAAAAAbvg/2CsvDHkmfXQ/s800/PHOTO_20140502_173747.jpg]
[pastorscott/speaking/index.php/tag/camping/index.html]
[pastorscott/speaking/index.php/tag/carnality/index.html]
[pastorscott/speaking/index.php/tag/carnality/feed/index.html]
[pastorscott/speaking/index.php/wp-json/wp/v2/tags/64.json]
[pastorscott/speaking/index.php/tag/change/feed/index.html]
[pastorscott/speaking/index.php/tag/change/index.html]
[pastorscott/speaking/index.php/wp-json/wp/v2/tags/69.json]
[pastorscott/speaking/index.php/tag/church-of-the-nazarene/index.html]
[pastorscott/speaking/index.php/wp-json/wp/v2/tags/82.json]
[pastorscott/speaking/index.php/tag/church-of-the-nazarene/feed/index.html]
[pastorscott/speaking/index.php/tag/church-video/feed/index.html]
[pastorscott/speaking/index.php/wp-json/wp/v2/tags/85.json]
[pastorscott/speaking/index.php/tag/church-video/index.html]
[pastorscott/speaking/index.php/tag/commitment/feed/index.html]
[pastorscott/speaking/index.php/wp-json/wp/v2/tags/93.json]
[pastorscott/speaking/index.php/tag/commitment/index.html]
[pastorscott/speaking/index.php/wp-json/wp/v2/tags/95.json]
[pastorscott/speaking/index.php/tag/communion/feed/index.html]
[pastorscott/speaking/index.php/tag/communion/index.html]
[pastorscott/speaking/index.php/tag/creator/feed/index.html]
[pastorscott/speaking/index.php/wp-json/wp/v2/tags/102.json]
[pastorscott/speaking/index.php/tag/creator/index.html]
[pastorscott/speaking/index.php/wp-json/wp/v2/tags/104.json]
[pastorscott/speaking/index.php/tag/cross/feed/index.html]
[pastorscott/speaking/index.php/tag/cross/index.html]
[pastorscott/speaking/index.php/wp-json/wp/v2/tags/105.json]
[pastorscott/speaking/index.php/tag/crucifixion/index.html]
[pastorscott/speaking/index.php/tag/crucifixion/feed/index.html]
[pastorscott/speaking/index.php/tag/debates/index.html]
[pastorscott/speaking/index.php/tag/debates/feed/index.html]
[pastorscott/speaking/index.php/wp-json/wp/v2/tags/113.json]
[pastorscott/speaking/index.php/wp-json/wp/v2/tags/117.json]
[pastorscott/speaking/index.php/tag/devotinal-reading/index.html]
[pastorscott/speaking/index.php/tag/devotinal-reading/feed/index.html]
[pastorscott/speaking/index.php/wp-json/wp/v2/tags/122.json]
[pastorscott/speaking/index.php/tag/doctrine/index.html]
[pastorscott/speaking/index.php/tag/doctrine/feed/index.html]
[pastorscott/speaking/index.php/wp-json/wp/v2/tags/133.json]
[pastorscott/speaking/index.php/tag/easter/feed/index.html]
[pastorscott/speaking/wp-content/uploads/2017/04/arose.jpg]
[pastorscott/speaking/index.php/tag/easter/index.html]
[pastorscott/speaking/index.php/tag/elder-brother/index.html]
[pastorscott/speaking/index.php/wp-json/wp/v2/tags/135.json]
[pastorscott/speaking/index.php/tag/elder-brother/feed/index.html]
[pastorscott/speaking/index.php/tag/electricity/index.html]
[pastorscott/speaking/index.php/tag/electricity/feed/index.html]
[pastorscott/speaking/index.php/wp-json/wp/v2/tags/136.json]
[pastorscott/speaking/index.php/tag/emergent/feed/index.html]
[pastorscott/speaking/index.php/wp-json/wp/v2/tags/140.json]
[pastorscott/speaking/index.php/tag/emergent/index.html]
[pastorscott/speaking/index.php/tag/faith/index.html]
[pastorscott/speaking/index.php/tag/faith/feed/index.html]
[pastorscott/speaking/index.php/wp-json/wp/v2/tags/152.json]
[pastorscott/speaking/index.php/wp-json/wp/v2/tags/153.json]
[pastorscott/speaking/index.php/tag/faithfulness/index.html]
[pastorscott/speaking/index.php/tag/faithfulness/feed/index.html]
[pastorscott/speaking/index.php/tag/freedom/feed/index.html]
[pastorscott/speaking/index.php/tag/freedom/index.html]
[pastorscott/speaking/index.php/wp-json/wp/v2/tags/165.json]
[pastorscott/speaking/index.php/tag/fresh-wind-fresh-fire/feed/index.html]
[pastorscott/speaking/index.php/wp-json/wp/v2/tags/166.json]
[pastorscott/speaking/index.php/tag/fresh-wind-fresh-fire/index.html]
[pastorscott/speaking/index.php/tag/fundamentalism/feed/index.html]
[pastorscott/speaking/index.php/tag/fundamentalism/index.html]
[pastorscott/speaking/index.php/wp-json/wp/v2/tags/168.json]
[pastorscott/speaking/index.php/tag/fundamentalist/feed/index.html]
[pastorscott/speaking/index.php/wp-json/wp/v2/tags/169.json]
[pastorscott/speaking/index.php/tag/fundamentalist/index.html]
[pastorscott/speaking/index.php/tag/funeral/feed/index.html]
[pastorscott/speaking/index.php/wp-json/wp/v2/tags/170.json]
[pastorscott/speaking/index.php/tag/funeral/index.html]
[pastorscott/speaking/index.php/wp-json/wp/v2/tags/171.json]
[pastorscott/speaking/index.php/tag/funerals/feed/index.html]
[pastorscott/speaking/index.php/tag/funerals/index.html]
[pastorscott/speaking/index.php/wp-json/wp/v2/tags/181.json]
[pastorscott/speaking/index.php/tag/gods-grace/index.html]
[pastorscott/speaking/index.php/tag/gods-grace/feed/index.html]
[pastorscott/speaking/index.php/tag/good-friday/index.html]
[pastorscott/speaking/index.php/tag/good-friday/feed/index.html]
[pastorscott/speaking/index.php/wp-json/wp/v2/tags/616.json]
[pastorscott/speaking/index.php/wp-json/wp/v2/tags/185.json]
[pastorscott/speaking/index.php/tag/good-shepherd/feed/index.html]
[pastorscott/speaking/index.php/tag/good-shepherd/index.html]
[pastorscott/speaking/index.php/wp-json/wp/v2/tags/202.json]
[pastorscott/speaking/index.php/tag/history/index.html]
[pastorscott/speaking/index.php/tag/history/feed/index.html]
[pastorscott/speaking/index.php/tag/holiness/feed/index.html]
[pastorscott/speaking/index.php/wp-json/wp/v2/tags/203.json]
[pastorscott/speaking/index.php/tag/holiness/index.html]
[pastorscott/speaking/index.php/wp-json/wp/v2/tags/205.json]
[pastorscott/speaking/index.php/tag/holy-week/index.html]
[pastorscott/speaking/index.php/tag/holy-week/feed/index.html]
[pastorscott/speaking/index.php/tag/humor/feed/index.html]
[pastorscott/speaking/index.php/wp-json/wp/v2/tags/215.json]
[pastorscott/speaking/index.php/tag/humor/index.html]
[pastorscott/speaking/index.php/tag/hurricane/feed/index.html]
[pastorscott/speaking/index.php/wp-json/wp/v2/tags/216.json]
[pastorscott/speaking/index.php/tag/hurricane/index.html]
[pastorscott/speaking/index.php/wp-json/wp/v2/tags/218.json]
[pastorscott/speaking/index.php/tag/hurricane-ike/index.html]
[pastorscott/speaking/index.php/tag/hurricane-ike/feed/index.html]
[pastorscott/speaking/index.php/wp-json/wp/v2/tags/219.json]
[pastorscott/speaking/index.php/tag/hurricane-rita/feed/index.html]
[pastorscott/speaking/index.php/tag/hurricane-rita/index.html]
[pastorscott/speaking/index.php/wp-json/wp/v2/tags/220.json]
[pastorscott/speaking/index.php/tag/hurt/index.html]
[pastorscott/speaking/index.php/tag/hurt/feed/index.html]
[pastorscott/speaking/index.php/wp-json/wp/v2/tags/229.json]
[pastorscott/speaking/index.php/tag/internet/index.html]
[pastorscott/speaking/index.php/tag/internet/feed/index.html]
[pastorscott/speaking/index.php/tag/j-hudson-taylor/feed/index.html]
[pastorscott/speaking/index.php/wp-json/wp/v2/tags/232.json]
[pastorscott/speaking/index.php/tag/j-hudson-taylor/index.html]
[pastorscott/speaking/index.php/tag/jim-cymbala/feed/index.html]
[pastorscott/speaking/index.php/wp-json/wp/v2/tags/233.json]
[pastorscott/speaking/index.php/tag/jim-cymbala/index.html]
[pastorscott/speaking/index.php/tag/john-geddie/feed/index.html]
[pastorscott/speaking/index.php/wp-json/wp/v2/tags/234.json]
[pastorscott/speaking/index.php/tag/john-geddie/index.html]
[pastorscott/speaking/index.php/tag/joke/feed/index.html]
[pastorscott/speaking/index.php/wp-json/wp/v2/tags/235.json]
[pastorscott/speaking/index.php/tag/joke/index.html]
[pastorscott/speaking/index.php/tag/keith-drury/feed/index.html]
[pastorscott/speaking/index.php/wp-json/wp/v2/tags/239.json]
[pastorscott/speaking/index.php/tag/keith-drury/index.html]
[pastorscott/speaking/index.php/wp-json/wp/v2/tags/249.json]
[pastorscott/speaking/index.php/tag/laypeople/index.html]
[pastorscott/speaking/index.php/tag/laypeople/feed/index.html]
[pastorscott/speaking/index.php/tag/liberals/feed/index.html]
[pastorscott/speaking/index.php/wp-json/wp/v2/tags/251.json]
[pastorscott/speaking/index.php/tag/liberals/index.html]
[pastorscott/speaking/index.php/tag/life/feed/index.html]
[pastorscott/speaking/index.php/wp-json/wp/v2/tags/253.json]
[pastorscott/speaking/index.php/tag/life/index.html]
[pastorscott/speaking/index.php/tag/liturgy/feed/index.html]
[pastorscott/speaking/index.php/wp-json/wp/v2/tags/255.json]
[pastorscott/speaking/index.php/tag/liturgy/index.html]
[pastorscott/speaking/index.php/wp-json/wp/v2/tags/457.json]
[pastorscott/speaking/index.php/tag/lords-supper/index.html]
[pastorscott/speaking/index.php/tag/lords-supper/feed/index.html]
[pastorscott/speaking/index.php/wp-json/wp/v2/tags/257.json]
[pastorscott/speaking/index.php/tag/love/index.html]
[pastorscott/speaking/index.php/tag/love/feed/index.html]
[pastorscott/speaking/index.php/tag/memorial-day/feed/index.html]
[pastorscott/speaking/index.php/wp-json/wp/v2/tags/262.json]
[pastorscott/speaking/index.php/tag/memorial-day/index.html]
[pastorscott/speaking/index.php/tag/missionary/feed/index.html]
[pastorscott/speaking/index.php/wp-json/wp/v2/tags/268.json]
[pastorscott/speaking/index.php/tag/missionary/index.html]
[pastorscott/speaking/index.php/wp-json/wp/v2/tags/272.json]
[pastorscott/speaking/index.php/tag/mothers/index.html]
[pastorscott/speaking/index.php/tag/mothers/feed/index.html]
[pastorscott/speaking/index.php/wp-json/wp/v2/tags/277.json]
[pastorscott/speaking/index.php/tag/music/feed/index.html]
[pastorscott/speaking/index.php/tag/music/index.html]
[pastorscott/speaking/index.php/wp-json/wp/v2/tags/279.json]
[pastorscott/speaking/index.php/tag/nazarene/index.html]
[pastorscott/speaking/index.php/tag/nazarene/feed/index.html]
[pastorscott/speaking/index.php/tag/nazarenes/feed/index.html]
[pastorscott/speaking/index.php/wp-json/wp/v2/tags/282.json]
[pastorscott/speaking/index.php/tag/nazarenes/index.html]
[pastorscott/speaking/index.php/tag/new-hebrides/feed/index.html]
[pastorscott/speaking/index.php/wp-json/wp/v2/tags/286.json]
[pastorscott/speaking/index.php/tag/new-hebrides/index.html]
[pastorscott/speaking/index.php/tag/oswald-chambers/feed/index.html]
[pastorscott/speaking/index.php/wp-json/wp/v2/tags/297.json]
[pastorscott/speaking/index.php/tag/oswald-chambers/index.html]
[pastorscott/speaking/index.php/tag/pain/feed/index.html]
[pastorscott/speaking/index.php/wp-json/wp/v2/tags/298.json]
[pastorscott/speaking/index.php/tag/pain/index.html]
[pastorscott/speaking/index.php/tag/pastor-appreciation/feed/index.html]
[pastorscott/speaking/index.php/wp-json/wp/v2/tags/302.json]
[pastorscott/speaking/index.php/tag/pastor-appreciation/index.html]
[pastorscott/speaking/index.php/wp-json/wp/v2/tags/305.json]
[pastorscott/speaking/index.php/tag/pastoring/index.html]
[pastorscott/speaking/index.php/tag/pastoring/feed/index.html]
[pastorscott/speaking/index.php/wp-json/wp/v2/tags/306.json]
[pastorscott/speaking/index.php/tag/pastors/index.html]
[pastorscott/speaking/index.php/tag/pastors/feed/index.html]
[pastorscott/speaking/index.php/tag/pastor-scott-cundiff/feed/index.html]
[pastorscott/speaking/index.php/wp-json/wp/v2/tags/304.json]
[pastorscott/speaking/index.php/tag/pastor-scott-cundiff/index.html]
[pastorscott/speaking/index.php/tag/patience/feed/index.html]
[pastorscott/speaking/index.php/wp-json/wp/v2/tags/307.json]
[pastorscott/speaking/index.php/tag/patience/index.html]
[pastorscott/speaking/index.php/tag/prayer/feed/index.html]
[pastorscott/speaking/index.php/wp-json/wp/v2/tags/327.json]
[pastorscott/speaking/index.php/tag/prayer/index.html]
[pastorscott/speaking/index.php/tag/preacher/feed/index.html]
[pastorscott/speaking/index.php/wp-json/wp/v2/tags/329.json]
[pastorscott/speaking/index.php/tag/preacher/index.html]
[pastorscott/speaking/index.php/wp-json/wp/v2/tags/331.json]
[pastorscott/speaking/index.php/tag/prevenient-grace/feed/index.html]
[pastorscott/speaking/index.php/tag/prevenient-grace/index.html]
[pastorscott/speaking/index.php/tag/prodigal-son/feed/index.html]
[pastorscott/speaking/index.php/wp-json/wp/v2/tags/334.json]
[pastorscott/speaking/index.php/tag/prodigal-son/index.html]
[pastorscott/speaking/index.php/tag/purity/feed/index.html]
[pastorscott/speaking/index.php/wp-json/wp/v2/tags/337.json]
[pastorscott/speaking/index.php/tag/purity/index.html]
[pastorscott/speaking/index.php/tag/resurrection/feed/index.html]
[pastorscott/speaking/index.php/wp-json/wp/v2/tags/346.json]
[pastorscott/speaking/index.php/tag/resurrection/index.html]
[pastorscott/speaking/index.php/tag/retirement/feed/index.html]
[pastorscott/speaking/index.php/wp-json/wp/v2/tags/459.json]
[pastorscott/speaking/index.php/tag/retirement/index.html]
[pastorscott/speaking/index.php/tag/reverend/feed/index.html]
[pastorscott/speaking/index.php/wp-json/wp/v2/tags/347.json]
[pastorscott/speaking/index.php/tag/reverend/index.html]
[pastorscott/speaking/index.php/tag/sabbatical-leave/feed/index.html]
[pastorscott/speaking/index.php/wp-json/wp/v2/tags/357.json]
[pastorscott/speaking/index.php/tag/sabbatical-leave/index.html]
[pastorscott/speaking/index.php/tag/sacraments/feed/index.html]
[pastorscott/speaking/index.php/wp-json/wp/v2/tags/458.json]
[pastorscott/speaking/index.php/tag/sacraments/index.html]
[pastorscott/speaking/index.php/tag/sacrifice/feed/index.html]
[pastorscott/speaking/index.php/wp-json/wp/v2/tags/358.json]
[pastorscott/speaking/index.php/tag/sacrifice/index.html]
[pastorscott/speaking/index.php/wp-json/wp/v2/tags/359.json]
[pastorscott/speaking/index.php/tag/salvation/feed/index.html]
[pastorscott/speaking/index.php/tag/salvation/index.html]
[pastorscott/speaking/index.php/tag/sanctification/feed/index.html]
[pastorscott/speaking/index.php/wp-json/wp/v2/tags/360.json]
[pastorscott/speaking/index.php/tag/sanctification/index.html]
[pastorscott/speaking/index.php/wp-json/wp/v2/tags/362.json]
[pastorscott/speaking/index.php/tag/scripture/index.html]
[pastorscott/speaking/index.php/tag/scripture/feed/index.html]
[pastorscott/speaking/index.php/tag/sd-gordon/feed/index.html]
[pastorscott/speaking/index.php/wp-json/wp/v2/tags/363.json]
[pastorscott/speaking/index.php/tag/sd-gordon/index.html]
[pastorscott/speaking/index.php/tag/second-coming/feed/index.html]
[pastorscott/speaking/index.php/wp-json/wp/v2/tags/366.json]
[pastorscott/speaking/index.php/tag/second-coming/index.html]
[pastorscott/speaking/index.php/tag/technology/feed/index.html]
[pastorscott/speaking/index.php/wp-json/wp/v2/tags/389.json]
[pastorscott/speaking/index.php/tag/technology/index.html]
[pastorscott/speaking/index.php/tag/terrorist/feed/index.html]
[pastorscott/speaking/index.php/wp-json/wp/v2/tags/391.json]
[pastorscott/speaking/index.php/tag/terrorist/index.html]
[pastorscott/speaking/index.php/wp-json/wp/v2/tags/393.json]
[pastorscott/speaking/index.php/tag/thanksgiving/index.html]
[pastorscott/speaking/index.php/tag/thanksgiving/feed/index.html]
[pastorscott/speaking/index.php/wp-json/wp/v2/tags/397.json]
[pastorscott/speaking/index.php/tag/theology/feed/index.html]
[pastorscott/speaking/index.php/tag/theology/index.html]
[pastorscott/speaking/index.php/wp-json/wp/v2/tags/439.json]
[pastorscott/speaking/index.php/tag/worship/feed/index.html]
[pastorscott/speaking/index.php/tag/worship/index.html]
[pastorscott/speaking/wp-content/uploads/dynamic-mobmenu6e49.css]
[pastorscott/speaking/index8a01.html]
[pastorscott/speaking/wp-content/uploads/dynamic-mobmenu33c8.css]
[pastorscott/speaking/index.php/author/grscott/page/2/index.html]
[pastorscott/speaking/wp-content/uploads/dynamic-mobmenu4213.css]
[pastorscott/speaking/index.php/category/ministerially_speaking/page/2/index.html]
[pastorscott/speaking/wp-content/uploads/dynamic-mobmenu7261.css]
[pastorscott/speaking/index.php/wp-json/wp/v2/posts/2919.json]
[pastorscott/speaking/index.php/wp-json/oembed/1.0/embed2d9a.json]
[pastorscott/speaking/index.php/wp-json/oembed/1.0/embed2c8a]
[pastorscott/speaking/index.php/maybe-pastors-should-stop-talking-about-football/index.html]
[pastorscott/speaking/index.php/wp-json/wp/v2/posts/2833.json]
[pastorscott/speaking/index.php/wp-json/oembed/1.0/embed9d93]
[pastorscott/speaking/index.php/wp-json/oembed/1.0/embed1e55]
[pastorscott/speaking/index.php/pastor-this-is-real-commitment/index.html]
[pastorscott/speaking/index.php/wp-json/wp/v2/posts/2758.json]
[pastorscott/speaking/index.php/wp-json/oembed/1.0/embeda1c6.json]
[pastorscott/speaking/index.php/wp-json/oembed/1.0/embed26c6]
[pastorscott/speaking/index.php/looking-for-a-pastor/index.html]
[pastorscott/speaking/index.php/wp-json/wp/v2/posts/2570.json]
[pastorscott/speaking/index.php/wp-json/oembed/1.0/embed0030.json]
[pastorscott/speaking/index.php/wp-json/oembed/1.0/embed29dc]
[pastorscott/speaking/index.php/advise-to-young-pastors-baptism/index.html]
[pastorscott/speaking/index.php/tag/baptism/feed/index.html]
[pastorscott/speaking/index.php/wp-json/wp/v2/tags/618.json]
[pastorscott/speaking/index.php/tag/baptism/index.html]
[pastorscott/speaking/index.php/wp-json/wp/v2/posts/2259.json]
[pastorscott/speaking/index.php/wp-json/oembed/1.0/embed2852.json]
[pastorscott/speaking/index.php/wp-json/oembed/1.0/embed5d30]
[pastorscott/speaking/index.php/after-communion/index.html]
[pastorscott/speaking/index.php/wp-json/wp/v2/posts/2240.json]
[pastorscott/speaking/index.php/wp-json/oembed/1.0/embedc6a6.json]
[pastorscott/speaking/index.php/wp-json/oembed/1.0/embed779d]
[pastorscott/speaking/index.php/thinking-about-pastor-appreciation/index.html]
[pastorscott/speaking/index.php/wp-json/wp/v2/posts/2221.json]
[pastorscott/speaking/index.php/wp-json/oembed/1.0/embed7df0.json]
[pastorscott/speaking/index.php/wp-json/oembed/1.0/embed48f2]
[pastorscott/speaking/index.php/how-well-is-your-church-entrance-marked/index.html]
[pastorscott/speaking/index.php/wp-json/wp/v2/posts/2132.json]
[pastorscott/speaking/index.php/wp-json/oembed/1.0/embed890e.json]
[pastorscott/speaking/index.php/wp-json/oembed/1.0/embede797]
[pastorscott/speaking/index.php/advice-to-young-pastors-annual-meetings-1/index.html]
[pastorscott/speaking/index.php/wp-json/wp/v2/tags/448.json]
[pastorscott/speaking/index.php/tag/annual-meeting/index.html]
[pastorscott/speaking/index.php/tag/annual-meeting/feed/index.html]
[pastorscott/speaking/index.php/tag/advice/page/2/index.html]
[pastorscott/speaking/wp-content/uploads/dynamic-mobmenu59f8.css]
[pastorscott/speaking/index.php/wp-json/wp/v2/posts/2257.json]
[pastorscott/speaking/index.php/wp-json/oembed/1.0/embed203a.json]
[pastorscott/speaking/index.php/wp-json/oembed/1.0/embed66ab]
[pastorscott/speaking/index.php/communion/index.html]
[pastorscott/speaking/index.php/wp-json/wp/v2/posts/782.json]
[pastorscott/speaking/index.php/wp-json/oembed/1.0/embed17fd.json]
[pastorscott/speaking/index.php/wp-json/oembed/1.0/embedd059]
[pastorscott/speaking/index.php/if-you-have-a-child-who-is-away-from-god-today/index.html]
[pastorscott/speaking/wp-content/uploads/dynamic-mobmenuc4b7.css]
[pastorscott/speaking/index.php/wp-json/wp/v2/posts/2893.json]
[pastorscott/speaking/index.php/wp-json/oembed/1.0/embed9473.json]
[pastorscott/speaking/index.php/wp-json/oembed/1.0/embed901a]
[pastorscott/speaking/index.php/have-church-people-stopped-singing/index.html]
[pastorscott/speaking/index.php/wp-json/wp/v2/posts/2553.json]
[pastorscott/speaking/index.php/wp-json/oembed/1.0/embed971b.json]
[pastorscott/speaking/index.php/wp-json/oembed/1.0/embed8250]
[pastorscott/speaking/index.php/reflections-on-the-second-anniversary-of-my-retirement/index.html]
[pastorscott/speaking/index.php/category/pastor-scott-cundiff/feed/index.html]
[pastorscott/speaking/index.php/wp-json/wp/v2/categories/466.json]
[pastorscott/speaking/index.php/category/pastor-scott-cundiff/index.html]
[pastorscott/speaking/index.php/wp-json/wp/v2/posts/1453.json]
[pastorscott/speaking/index.php/wp-json/oembed/1.0/embed95b0.json]
[pastorscott/speaking/index.php/wp-json/oembed/1.0/embedfa8c]
[pastorscott/speaking/index.php/at-the-pearly-gates/index.html]
[pastorscott/speaking/wp-content/uploads/dynamic-mobmenuc178.css]
[pastorscott/speaking/indexb2a8.html]
[pastorscott/speaking/wp-content/uploads/dynamic-mobmenu1b4a.css]
[pastorscott/speaking/index.php/wp-json/wp/v2/posts/2972.json]
[pastorscott/speaking/index.php/wp-json/oembed/1.0/embeda55a.json]
[pastorscott/speaking/index.php/wp-json/oembed/1.0/embed4ae0]
[pastorscott/speaking/index.php/coronaverses-04/index.html]
[pastorscott/speaking/index.php/wp-json/wp/v2/posts/2540.json]
[pastorscott/speaking/index.php/wp-json/oembed/1.0/embed5d69.json]
[pastorscott/speaking/index.php/wp-json/oembed/1.0/embedb1b7]
[pastorscott/speaking/index.php/thinking-about-the-tomb-that-first-easter-morning/index.html]
[pastorscott/speaking/index.php/wp-json/wp/v2/posts/2653.json]
[pastorscott/speaking/index.php/wp-json/oembed/1.0/embed7296.json]
[pastorscott/speaking/index.php/wp-json/oembed/1.0/embed2869]
[pastorscott/speaking/index.php/pastors-need-mondays/index.html]
[pastorscott/speaking/index.php/wp-json/wp/v2/posts/2342.json]
[pastorscott/speaking/index.php/wp-json/oembed/1.0/embed41b5.json]
[pastorscott/speaking/index.php/wp-json/oembed/1.0/embed1c9e]
[pastorscott/speaking/index.php/on-the-subject-of-forgiveness/index.html]
[pastorscott/speaking/index.php/tag/forgiveness/feed/index.html]
[pastorscott/speaking/index.php/wp-json/wp/v2/tags/460.json]
[pastorscott/speaking/index.php/tag/forgiveness/index.html]
[pastorscott/speaking/index.php/tag/video/feed/index.html]
[pastorscott/speaking/index.php/wp-json/wp/v2/tags/421.json]
[pastorscott/speaking/index.php/tag/video/index.html]
[pastorscott/speaking/index.php/wp-json/wp/v2/posts/2179.json]
[pastorscott/speaking/index.php/wp-json/oembed/1.0/embed9777.json]
[pastorscott/speaking/index.php/wp-json/oembed/1.0/embed87d0]
[pastorscott/speaking/index.php/reading-the-word-of-the-lord/index.html]
[pastorscott/speaking/index.php/tag/new-testament/feed/index.html]
[pastorscott/speaking/index.php/wp-json/wp/v2/tags/452.json]
[pastorscott/speaking/index.php/tag/new-testament/index.html]
[pastorscott/speaking/index.php/tag/old-testament/feed/index.html]
[pastorscott/speaking/index.php/wp-json/wp/v2/tags/451.json]
[pastorscott/speaking/index.php/tag/old-testament/index.html]
[pastorscott/speaking/index.php/tag/out-loud/feed/index.html]
[pastorscott/speaking/index.php/wp-json/wp/v2/tags/453.json]
[pastorscott/speaking/index.php/tag/out-loud/index.html]
[pastorscott/speaking/index.php/wp-json/wp/v2/posts/2173.json]
[pastorscott/speaking/index.php/wp-json/oembed/1.0/embedb4b1.json]
[pastorscott/speaking/index.php/wp-json/oembed/1.0/embed7cd0]
[pastorscott/speaking/index.php/god-sometimes-colors-outside-the-lines/index.html]
[pastorscott/speaking/index.php/tag/jonah/feed/index.html]
[pastorscott/speaking/index.php/wp-json/wp/v2/tags/449.json]
[pastorscott/speaking/index.php/tag/jonah/index.html]
[pastorscott/speaking/index.php/tag/nineveh/feed/index.html]
[pastorscott/speaking/index.php/wp-json/wp/v2/tags/450.json]
[pastorscott/speaking/index.php/tag/nineveh/index.html]
[pastorscott/speaking/index.php/category/uncategorized/page/2/index.html]
[pastorscott/speaking/wp-content/uploads/dynamic-mobmenu9922.css]
[pastorscott/speaking/wp-content/uploads/dynamic-mobmenu83ce.css]
[pastorscott/speaking/wp-content/uploads/dynamic-mobmenue09f.css]
[pastorscott/speaking/wp-content/uploads/dynamic-mobmenu1ded.css]
[pastorscott/speaking/indexcb51.html]
[pastorscott/speaking/wp-content/uploads/dynamic-mobmenub308.css]
[pastorscott/speaking/index.php/wp-json/wp/v2/posts/2346.json]
[pastorscott/speaking/index.php/wp-json/oembed/1.0/embedfcf3.json]
[pastorscott/speaking/index.php/wp-json/oembed/1.0/embeddf83]
[pastorscott/speaking/index.php/my-how-things-have-changed/index.html]
[pastorscott/speaking/index.php/wp-json/wp/v2/posts/1437.json]
[pastorscott/speaking/index.php/wp-json/oembed/1.0/embede636.json]
[pastorscott/speaking/index.php/wp-json/oembed/1.0/embed5d8c]
[pastorscott/speaking/index.php/holy-week-scripture-readings/index.html]
[pastorscott/speaking/index.php/wp-json/wp/v2/posts/1394.json]
[pastorscott/speaking/index.php/wp-json/oembed/1.0/embed5734.json]
[pastorscott/speaking/index.php/wp-json/oembed/1.0/embed9488]
[pastorscott/speaking/index.php/nazarenes-the-bible-fundamentalism/index.html]
[pastorscott/speaking/index.php/wp-json/wp/v2/posts/1273.json]
[pastorscott/speaking/index.php/wp-json/oembed/1.0/embed892f.json]
[pastorscott/speaking/index.php/wp-json/oembed/1.0/embeda5a3]
[pastorscott/speaking/index.php/battle-for-the-bible-2/index.html]
[pastorscott/speaking/index.php/tag/wesleyanism/feed/index.html]
[pastorscott/speaking/index.php/wp-json/wp/v2/tags/432.json]
[pastorscott/speaking/index.php/tag/wesleyanism/index.html]
[pastorscott/speaking/index.php/wp-json/wp/v2/posts/785.json]
[pastorscott/speaking/index.php/wp-json/oembed/1.0/embeda4b4.json]
[pastorscott/speaking/index.php/wp-json/oembed/1.0/embed0074]
[pastorscott/speaking/index.php/god-and-history/index.html]
[pastorscott/speaking/index.php/tag/the-message/feed/index.html]
[pastorscott/speaking/index.php/wp-json/wp/v2/tags/395.json]
[pastorscott/speaking/index.php/tag/the-message/index.html]
[pastorscott/speaking/index.php/wp-json/wp/v2/posts/2614.json]
[pastorscott/speaking/index.php/wp-json/oembed/1.0/embedc32c.json]
[pastorscott/speaking/index.php/wp-json/oembed/1.0/embed7993]
[pastorscott/speaking/index.php/preaching-for-decisions-know-when-to-land-the-sermon/index.html]
[pastorscott/speaking/index.php/wp-json/wp/v2/posts/2285.json]
[pastorscott/speaking/index.php/wp-json/oembed/1.0/embed2353.json]
[pastorscott/speaking/index.php/wp-json/oembed/1.0/embed0177]
[pastorscott/speaking/index.php/contemporary-worship-things-that-bug-me/index.html]
[pastorscott/speaking/index.php/wp-json/wp/v2/posts/2217.json]
[pastorscott/speaking/index.php/wp-json/oembed/1.0/embed3c72.json]
[pastorscott/speaking/index.php/wp-json/oembed/1.0/embedca3d]
[pastorscott/speaking/index.php/church-website-advice/index.html]
[pastorscott/speaking/index.php/wp-json/wp/v2/tags/431.json]
[pastorscott/speaking/index.php/tag/websites/index.html]
[pastorscott/speaking/wp-content/uploads/dynamic-mobmenue38a.css]
[pastorscott/speaking/index.php/tag/websites/feed/index.html]
[pastorscott/speaking/index.php/wp-json/wp/v2/posts/2544.json]
[pastorscott/speaking/index.php/wp-json/oembed/1.0/embed8626.json]
[pastorscott/speaking/index.php/wp-json/oembed/1.0/embedf6df]
[pastorscott/speaking/index.php/good-friday-is-a-no-parking-zone/index.html]
[pastorscott/speaking/index.php/wp-json/wp/v2/posts/2655.json]
[pastorscott/speaking/index.php/wp-json/oembed/1.0/embed1ca1.json]
[pastorscott/speaking/index.php/wp-json/oembed/1.0/embede399]
[pastorscott/speaking/index.php/pastor-appreciation-why-some-churches-dont-do-it/index.html]
[pastorscott/speaking/index.php/wp-json/wp/v2/posts/2591.json]
[pastorscott/speaking/index.php/wp-json/oembed/1.0/embedf7c1.json]
[pastorscott/speaking/index.php/wp-json/oembed/1.0/embed16ec]
[pastorscott/speaking/index.php/the-biggest-single-change-for-pastors/index.html]
[pastorscott/speaking/index.php/tag/pastor/page/2/index.html]
[pastorscott/speaking/wp-content/uploads/dynamic-mobmenud0f5.css]
[pastorscott/speaking/index.php/wp-json/wp/v2/posts/1818.json]
[pastorscott/speaking/index.php/wp-json/oembed/1.0/embed526a.json]
[pastorscott/speaking/index.php/wp-json/oembed/1.0/embed0f6b]
[pastorscott/speaking/index.php/preaching-advice-for-young-pastors-preach-an-annual-message/index.html]
[pastorscott/speaking/index.php/wp-json/wp/v2/posts/1803.json]
[pastorscott/speaking/index.php/wp-json/oembed/1.0/embed8599.json]
[pastorscott/speaking/index.php/wp-json/oembed/1.0/embedc0f3]
[pastorscott/speaking/index.php/learning-to-laugh-at-yourself/index.html]
[pastorscott/speaking/index.php/tag/preaching/page/2/index.html]
[pastorscott/speaking/wp-content/uploads/dynamic-mobmenu46d8.css]
[pastorscott/speaking/wp-content/uploads/dynamic-mobmenu7484.css]
[pastorscott/speaking/indexfc9e.html]
[pastorscott/speaking/wp-content/uploads/dynamic-mobmenu1f93.css]
[pastorscott/speaking/index.php/wp-json/wp/v2/posts/3046.json]
[pastorscott/speaking/index.php/wp-json/oembed/1.0/embede929.json]
[pastorscott/speaking/index.php/wp-json/oembed/1.0/embed02d2]
[pastorscott/speaking/index.php/coronaverses-37/index.html]
[pastorscott/speaking/index.php/wp-json/wp/v2/posts/3044.json]
[pastorscott/speaking/index.php/wp-json/oembed/1.0/embedfb0c.json]
[pastorscott/speaking/index.php/wp-json/oembed/1.0/embedfccd]
[pastorscott/speaking/index.php/coronaverses-36/index.html]
[pastorscott/speaking/index.php/wp-json/wp/v2/posts/3040.json]
[pastorscott/speaking/index.php/wp-json/oembed/1.0/embed9a97.json]
[pastorscott/speaking/index.php/wp-json/oembed/1.0/embedcc98]
[pastorscott/speaking/index.php/coronaverses-35/index.html]
[-Ne8mlnBy3Pk/XpMqqYLWP4I/AAAAAAABEpM/aEuM0xGoFJAFqUD_-2MS1hyCqMCT548rACKgBGAsYHg/s1600/coronverses27.png]
[-bLOEMtq_SRc/XpI9HxhHCFI/AAAAAAABEoU/VQYiSmaHQUY17TNn_32vIFOprQ9pBrFkQCKgBGAsYHg/s1600/coronverses26.png]
[pastorscott/speaking/index.php/tag/coronaverses/page/2/index.html]
[pastorscott/speaking/wp-content/uploads/dynamic-mobmenuc551.css]
[pastorscott/speaking/index4144.html]
[pastorscott/speaking/wp-content/uploads/dynamic-mobmenudb6c.css]
[pastorscott/speaking/index01aa.html]
[pastorscott/speaking/wp-content/uploads/dynamic-mobmenu06a9.css]
[pastorscott/speaking/index5dc8.html]
[pastorscott/speaking/wp-content/uploads/dynamic-mobmenudcd2.css]
[pastorscott/speaking/index56f2.html]
[pastorscott/speaking/wp-content/uploads/dynamic-mobmenu0dbf.css]
[pastorscott/speaking/index275d.html]
[pastorscott/speaking/wp-content/uploads/dynamic-mobmenu405c.css]
[pastorscott/speaking/indexd9e7.html]
[pastorscott/speaking/wp-content/uploads/dynamic-mobmenu51ec.css]
[-P_2denmmS_w/XpCkcFqg0EI/AAAAAAABEnI/JJnBlefOn4k472s_y1ir_MgfXZ4riqBSACKgBGAsYHg/s1600/coronverses25.png]
[pastorscott/speaking/index.php/wp-json/wp/v2/posts/3038.json]
[pastorscott/speaking/index.php/wp-json/oembed/1.0/embed9484.json]
[pastorscott/speaking/index.php/wp-json/oembed/1.0/embed0e0c]
[pastorscott/speaking/index.php/coronaverses-34/index.html]
[pastorscott/speaking/index.php/wp-json/wp/v2/posts/3035.json]
[pastorscott/speaking/index.php/wp-json/oembed/1.0/embedd1ac.json]
[pastorscott/speaking/index.php/wp-json/oembed/1.0/embed0d46]
[pastorscott/speaking/index.php/coronaverses-33/index.html]
[pastorscott/speaking/index.php/wp-json/wp/v2/posts/3033.json]
[pastorscott/speaking/index.php/wp-json/oembed/1.0/embed627a.json]
[pastorscott/speaking/index.php/wp-json/oembed/1.0/embed4096]
[pastorscott/speaking/index.php/coronaverses-32/index.html]
[pastorscott/speaking/index.php/wp-json/wp/v2/posts/3031.json]
[pastorscott/speaking/index.php/wp-json/oembed/1.0/embedcc64.json]
[pastorscott/speaking/index.php/wp-json/oembed/1.0/embed236a]
[pastorscott/speaking/index.php/coronaverses-31/index.html]
[pastorscott/speaking/index.php/wp-json/wp/v2/posts/3028.json]
[pastorscott/speaking/index.php/wp-json/oembed/1.0/embede2e5.json]
[pastorscott/speaking/index.php/wp-json/oembed/1.0/embed62e9]
[pastorscott/speaking/index.php/coronaverses-30/index.html]
[pastorscott/speaking/index.php/wp-json/wp/v2/posts/3026.json]
[pastorscott/speaking/index.php/wp-json/oembed/1.0/embed26d8.json]
[pastorscott/speaking/index.php/wp-json/oembed/1.0/embed8e08]
[pastorscott/speaking/index.php/coronaverses-29/index.html]
[pastorscott/speaking/index.php/wp-json/wp/v2/posts/3024.json]
[pastorscott/speaking/index.php/wp-json/oembed/1.0/embed70b9.json]
[pastorscott/speaking/index.php/wp-json/oembed/1.0/embedf4fb]
[pastorscott/speaking/index.php/coronaverses-28/index.html]
[-p1gXdYZ-5Q8/Xo9Gcufe7yI/AAAAAAABEmQ/JHm6f7IqlFUX4pvOqbWvLcV9LQQjIOq8ACKgBGAsYHg/s1600/coronverses24.png]
[-3nGrg8eWwFc/Xo3iERp75qI/AAAAAAABElU/855ICZDHtqMd3dEpcCfp1b_AofwG6kM7gCKgBGAsYHg/s1600/coronverses23.png]
[-zc96YQfvxAo/XozRuq72VTI/AAAAAAABEkY/46fk2Ce5hZA_-oXFc_j8_tr7I-tetfZOACKgBGAsYHg/s1600/coronverses22.png]
[-_VonMXajZCc/XotDmWrakPI/AAAAAAABEjc/I3M8QrBdmhEQobZI-YXHFVskuBSeiqkAQCKgBGAsYHg/s1600/coronverses21.png]
[-CVBPwHtGrLw/XooGahNb6wI/AAAAAAABEik/hGuySAo5jekmdqXNusBCjNQab_FNqnjjgCKgBGAsYHg/s1600/coronverses20.png]
[-HIwgfV8pzQU/XokBWkFo0mI/AAAAAAABEhc/Wp2HpnSq5ZkI6uz65E-XAHUesVvf-wv9ACKgBGAsYHg/s1600/coronverses19.png]
[pastorscott/speaking/index.php/page/3/index.html]
[pastorscott/speaking/wp-content/uploads/dynamic-mobmenu0a9c.css]
[-kLY4SCvZK_s/XoeXZ9x2GCI/AAAAAAABEgI/3p5MxLQVJA02KhWy9AOCY92r6AWzQLsxQCKgBGAsYHg/s1600/coronverses18.png]
[pastorscott/speaking/index.php/wp-json/wp/v2/posts/817.json]
[pastorscott/speaking/index.php/wp-json/oembed/1.0/embed3d99.json]
[pastorscott/speaking/index.php/911-we-remember/index.html]
[pastorscott/speaking/wp-content/uploads/dynamic-mobmenu71d1.css]
[pastorscott/speaking/index.php/wp-json/oembed/1.0/embeda561]
[pastorscott/speaking/index.php/wp-json/wp/v2/posts/802.json]
[pastorscott/speaking/index.php/wp-json/oembed/1.0/embedb3cb.json]
[pastorscott/speaking/index.php/wp-json/oembed/1.0/embed65ae]
[pastorscott/speaking/index.php/humor-of-abraham-lincoln/index.html]
[pastorscott/speaking/wp-content/uploads/dynamic-mobmenu0fe6.css]
[pastorscott/speaking/index.php/wp-json/wp/v2/posts/901.json]
[pastorscott/speaking/index.php/wp-json/oembed/1.0/embedae6c.json]
[pastorscott/speaking/index.php/wp-json/oembed/1.0/embed689b]
[pastorscott/speaking/index.php/a-pastor-appreciating-fine-lay-people/index.html]
[pastorscott/speaking/wp-content/uploads/dynamic-mobmenu58a9.css]
[pastorscott/speaking/wp-content/uploads/dynamic-mobmenu601e.css]
[pastorscott/speaking/index.php/wp-json/wp/v2/posts/1805.json]
[pastorscott/speaking/index.php/wp-json/oembed/1.0/embede0e3.json]
[pastorscott/speaking/index.php/wp-json/oembed/1.0/embed5c82]
[pastorscott/speaking/index.php/quote-from-pf-bresee-concerning-nazarene-doctrine/index.html]
[pastorscott/speaking/wp-content/uploads/dynamic-mobmenua8b5.css]
[pastorscott/speaking/index.php/wp-json/wp/v2/posts/2277.json]
[pastorscott/speaking/index.php/wp-json/oembed/1.0/embed4ab9.json]
[pastorscott/speaking/index.php/wp-json/oembed/1.0/embed5b30]
[pastorscott/speaking/index.php/reflections-on-the-1st-anniversary-of-my-retirement/index.html]
[pastorscott/speaking/index.php/wp-json/wp/v2/posts/1695.json]
[pastorscott/speaking/index.php/wp-json/oembed/1.0/embed1dcf.json]
[pastorscott/speaking/index.php/wp-json/oembed/1.0/embed98f9]
[pastorscott/speaking/index.php/plugged-and-unplugged-2/index.html]
[pastorscott/speaking/wp-content/uploads/dynamic-mobmenu78f3.css]
[pastorscott/speaking/index.php/wp-json/wp/v2/posts/1392.json]
[pastorscott/speaking/index.php/wp-json/oembed/1.0/embed278a.json]
[pastorscott/speaking/index.php/wp-json/oembed/1.0/embedb4c7]
[pastorscott/speaking/index.php/cutting-and-slashing-in-jesus-name/index.html]
[pastorscott/speaking/wp-content/uploads/dynamic-mobmenu1fef.css]
[pastorscott/speaking/index.php/wp-json/wp/v2/posts/801.json]
[pastorscott/speaking/index.php/wp-json/oembed/1.0/embed2510.json]
[pastorscott/speaking/index.php/wp-json/oembed/1.0/embed73f2]
[pastorscott/speaking/index.php/wish-i-had-said-that/index.html]
[pastorscott/speaking/wp-content/uploads/dynamic-mobmenu2930.css]
[pastorscott/speaking/wp-content/uploads/dynamic-mobmenucca1.css]
[pastorscott/speaking/wp-content/uploads/dynamic-mobmenud90d.css]
[pastorscott/speaking/index.php/wp-json/wp/v2/posts/1465.json]
[pastorscott/speaking/index.php/wp-json/oembed/1.0/embed7dd4.json]
[pastorscott/speaking/index.php/wp-json/oembed/1.0/embede852]
[pastorscott/speaking/index.php/great-holiness-song/index.html]
[pastorscott/speaking/wp-content/uploads/dynamic-mobmenuc996.css]
[pastorscott/speaking/index.php/wp-json/wp/v2/posts/2632.json]
[pastorscott/speaking/index.php/wp-json/oembed/1.0/embedd7d3.json]
[pastorscott/speaking/index.php/wp-json/oembed/1.0/embedafd7]
[pastorscott/speaking/index.php/during-communion/index.html]
[pastorscott/speaking/wp-content/uploads/dynamic-mobmenuf4f4.css]
[pastorscott/speaking/index.php/wp-json/wp/v2/posts/806.json]
[pastorscott/speaking/index.php/wp-json/oembed/1.0/embed39b6.json]
[pastorscott/speaking/index.php/wp-json/oembed/1.0/embed5ba0]
[pastorscott/speaking/index.php/who-is-god/index.html]
[pastorscott/speaking/wp-content/uploads/dynamic-mobmenu7f77.css]
[pastorscott/speaking/index.php/wp-json/wp/v2/posts/2748.json]
[pastorscott/speaking/index.php/wp-json/oembed/1.0/embedd67a.json]
[pastorscott/speaking/index.php/wp-json/oembed/1.0/embed1346]
[pastorscott/speaking/index.php/holy-saturday/index.html]
[pastorscott/speaking/index.php/wp-json/wp/v2/posts/2744.json]
[pastorscott/speaking/index.php/wp-json/oembed/1.0/embed2e2e.json]
[pastorscott/speaking/index.php/wp-json/oembed/1.0/embedfc8e]
[pastorscott/speaking/index.php/good-friday/index.html]
[pastorscott/speaking/index.php/wp-json/wp/v2/posts/2536.json]
[pastorscott/speaking/index.php/wp-json/oembed/1.0/embedd296.json]
[pastorscott/speaking/index.php/wp-json/oembed/1.0/embed384e]
[pastorscott/speaking/index.php/thinking-about-good-friday/index.html]
[pastorscott/speaking/index.php/wp-json/wp/v2/posts/1439.json]
[pastorscott/speaking/index.php/wp-json/oembed/1.0/embed5013.json]
[pastorscott/speaking/index.php/wp-json/oembed/1.0/embed0fb7]
[pastorscott/speaking/index.php/at-the-cross/index.html]
[pastorscott/speaking/wp-content/uploads/dynamic-mobmenu87dd.css]
[pastorscott/speaking/wp-content/uploads/dynamic-mobmenu9335.css]
[pastorscott/speaking/wp-content/uploads/dynamic-mobmenu58e4.css]
[pastorscott/speaking/wp-content/uploads/dynamic-mobmenu5d75.css]
[pastorscott/speaking/index.php/wp-json/wp/v2/posts/2626.json]
[pastorscott/speaking/index.php/wp-json/oembed/1.0/embed8041.json]
[pastorscott/speaking/index.php/wp-json/oembed/1.0/embed70f7]
[pastorscott/speaking/index.php/sing-it-right-christ-arose/index.html]
[pastorscott/speaking/index.php/wp-json/wp/v2/posts/1441.json]
[pastorscott/speaking/index.php/wp-json/oembed/1.0/embed161e.json]
[pastorscott/speaking/index.php/wp-json/oembed/1.0/embed6b1c]
[pastorscott/speaking/index.php/great-easter-quote/index.html]
[pastorscott/speaking/wp-content/uploads/dynamic-mobmenu7fc4.css]
[pastorscott/speaking/index.php/wp-json/wp/v2/posts/793.json]
[pastorscott/speaking/index.php/wp-json/oembed/1.0/embed88e7.json]
[pastorscott/speaking/index.php/wp-json/oembed/1.0/embed8add]
[pastorscott/speaking/index.php/the-elder-brother/index.html]
[pastorscott/speaking/wp-content/uploads/dynamic-mobmenub3d0.css]
[pastorscott/speaking/wp-content/uploads/dynamic-mobmenu73ad.css]
[pastorscott/speaking/index.php/wp-json/wp/v2/posts/1413.json]
[pastorscott/speaking/index.php/wp-json/oembed/1.0/embed67b4.json]
[pastorscott/speaking/index.php/wp-json/oembed/1.0/embed0c5f]
[pastorscott/speaking/index.php/playing-ecclesiastical-space-invaders/index.html]
[pastorscott/speaking/wp-content/uploads/dynamic-mobmenub0f1.css]
[pastorscott/speaking/wp-content/uploads/dynamic-mobmenu69ec.css]
[pastorscott/speaking/index.php/wp-json/wp/v2/posts/781.json]
[pastorscott/speaking/index.php/wp-json/oembed/1.0/embed2857.json]
[pastorscott/speaking/index.php/wp-json/oembed/1.0/embede8e4]
[pastorscott/speaking/index.php/christians-should-walk-the-talk/index.html]
[pastorscott/speaking/wp-content/uploads/dynamic-mobmenua68b.css]
[pastorscott/speaking/index.php/wp-json/wp/v2/posts/835.json]
[pastorscott/speaking/index.php/wp-json/oembed/1.0/embed1b3f.json]
[pastorscott/speaking/index.php/wp-json/oembed/1.0/embede62e]
[pastorscott/speaking/index.php/memorial-day-thoughts/index.html]
[pastorscott/speaking/wp-content/uploads/dynamic-mobmenufc61.css]
[pastorscott/speaking/index.php/wp-json/wp/v2/posts/843.json]
[pastorscott/speaking/index.php/wp-json/oembed/1.0/embed7589.json]
[pastorscott/speaking/index.php/wp-json/oembed/1.0/embed7ccd]
[pastorscott/speaking/index.php/heart-and-doctrine/index.html]
[pastorscott/speaking/wp-content/uploads/dynamic-mobmenub42f.css]
[pastorscott/speaking/wp-content/uploads/dynamic-mobmenu818a.css]
[pastorscott/speaking/wp-content/uploads/dynamic-mobmenud2aa.css]
[pastorscott/speaking/index.php/wp-json/wp/v2/posts/805.json]
[pastorscott/speaking/index.php/wp-json/oembed/1.0/embedf825.json]
[pastorscott/speaking/index.php/wp-json/oembed/1.0/embed0775]
[pastorscott/speaking/index.php/funeral-for-a-baby-that-didnt-make-it-to-birth/index.html]
[pastorscott/speaking/wp-content/uploads/dynamic-mobmenube6c.css]
[pastorscott/speaking/index.php/wp-json/wp/v2/posts/1798.json]
[pastorscott/speaking/index.php/wp-json/oembed/1.0/embed958d.json]
[pastorscott/speaking/index.php/wp-json/oembed/1.0/embed9f2e]
[pastorscott/speaking/index.php/preaching-advice-for-young-pastors-funerals-part-3/index.html]
[pastorscott/speaking/index.php/wp-json/wp/v2/posts/1796.json]
[pastorscott/speaking/index.php/wp-json/oembed/1.0/embedca78.json]
[pastorscott/speaking/index.php/wp-json/oembed/1.0/embed0872]
[pastorscott/speaking/index.php/preaching-advice-for-young-pastors-funerals-part-2/index.html]
[pastorscott/speaking/index.php/wp-json/wp/v2/posts/1794.json]
[pastorscott/speaking/index.php/wp-json/oembed/1.0/embedfc39.json]
[pastorscott/speaking/index.php/wp-json/oembed/1.0/embedeff8]
[pastorscott/speaking/index.php/preaching-advice-for-young-pastors-funerals-part-1/index.html]
[pastorscott/speaking/wp-content/uploads/dynamic-mobmenu8f73.css]
[pastorscott/speaking/wp-content/uploads/dynamic-mobmenud132.css]
[pastorscott/speaking/wp-content/uploads/dynamic-mobmenuf08e.css]
[pastorscott/speaking/wp-content/uploads/dynamic-mobmenu2871.css]
[pastorscott/speaking/wp-content/uploads/dynamic-mobmenub46a.css]
[pastorscott/speaking/index.php/wp-json/wp/v2/posts/803.json]
[pastorscott/speaking/index.php/wp-json/oembed/1.0/embeda461.json]
[pastorscott/speaking/index.php/wp-json/oembed/1.0/embed9ac8]
[pastorscott/speaking/index.php/preaching-on-second-blessing-holiness/index.html]
[pastorscott/speaking/index.php/wp-json/wp/v2/posts/788.json]
[pastorscott/speaking/index.php/wp-json/oembed/1.0/embed15d9.json]
[pastorscott/speaking/index.php/wp-json/oembed/1.0/embed05c6]
[pastorscott/speaking/index.php/a-holy-god-and-a-holy-people/index.html]
[pastorscott/speaking/index.php/tag/transcendence/feed/index.html]
[pastorscott/speaking/index.php/wp-json/wp/v2/tags/406.json]
[pastorscott/speaking/index.php/tag/transcendence/index.html]
[pastorscott/speaking/wp-content/uploads/dynamic-mobmenuad62.css]
[pastorscott/speaking/wp-content/uploads/dynamic-mobmenu20cb.css]
[pastorscott/speaking/wp-content/uploads/dynamic-mobmenu0d4b.css]
[pastorscott/speaking/index.php/wp-json/wp/v2/posts/819.json]
[pastorscott/speaking/index.php/wp-json/oembed/1.0/embede0e3-2.json]
[pastorscott/speaking/index.php/wp-json/oembed/1.0/embed5009]
[pastorscott/speaking/index.php/hurricanes-and-the-return-of-christ/index.html]
[pastorscott/speaking/index.php/wp-json/wp/v2/posts/813.json]
[pastorscott/speaking/index.php/wp-json/oembed/1.0/embed8860.json]
[pastorscott/speaking/index.php/wp-json/oembed/1.0/embed5c12]
[pastorscott/speaking/index.php/clothes-gluttons/index.html]
[pastorscott/speaking/wp-content/uploads/dynamic-mobmenud08b.css]
[pastorscott/speaking/wp-content/uploads/dynamic-mobmenu3c01.css]
[pastorscott/speaking/wp-content/uploads/dynamic-mobmenu2c7b.css]
[pastorscott/speaking/index.php/wp-json/wp/v2/posts/1387.json]
[pastorscott/speaking/index.php/wp-json/oembed/1.0/embedb582.json]
[pastorscott/speaking/index.php/wp-json/oembed/1.0/embedc3ba]
[pastorscott/speaking/index.php/what-to-think-of-someone-who-accuses-us-of-telling-lies-or-says-other-unkind-things-about-us/index.html]
[pastorscott/speaking/index.php/tag/words/feed/index.html]
[pastorscott/speaking/index.php/wp-json/wp/v2/tags/438.json]
[pastorscott/speaking/index.php/tag/words/index.html]
[pastorscott/speaking/wp-content/uploads/dynamic-mobmenub11a.css]
[pastorscott/speaking/wp-content/uploads/dynamic-mobmenuff08.css]
[pastorscott/speaking/index.php/wp-json/wp/v2/posts/853.json]
[pastorscott/speaking/index.php/wp-json/oembed/1.0/embed5518.json]
[pastorscott/speaking/index.php/wp-json/oembed/1.0/embed999f]
[pastorscott/speaking/index.php/j-hudson-taylor-on-prayer/index.html]
[pastorscott/speaking/wp-content/uploads/dynamic-mobmenu91ed.css]
[pastorscott/speaking/wp-content/uploads/dynamic-mobmenu0066.css]
[pastorscott/speaking/index.php/wp-json/wp/v2/posts/799.json]
[pastorscott/speaking/index.php/wp-json/oembed/1.0/embed40b6.json]
[pastorscott/speaking/index.php/wp-json/oembed/1.0/embedac86]
[pastorscott/speaking/index.php/inspirational-story-of-gohn-geddie/index.html]
[pastorscott/speaking/wp-content/uploads/dynamic-mobmenuf4a8.css]
[pastorscott/speaking/wp-content/uploads/dynamic-mobmenu3294.css]
[pastorscott/speaking/index.php/wp-json/wp/v2/posts/865.json]
[pastorscott/speaking/index.php/wp-json/oembed/1.0/embed490a.json]
[pastorscott/speaking/index.php/wp-json/oembed/1.0/embed8650]
[pastorscott/speaking/index.php/in-search-of-mediocrity/index.html]
[pastorscott/speaking/index.php/tag/the-church/feed/index.html]
[pastorscott/speaking/index.php/wp-json/wp/v2/tags/394.json]
[pastorscott/speaking/index.php/tag/the-church/index.html]
[pastorscott/speaking/wp-content/uploads/dynamic-mobmenue3bb.css]
[pastorscott/speaking/wp-content/uploads/dynamic-mobmenuf7bd.css]
[pastorscott/speaking/wp-content/uploads/dynamic-mobmenubd10.css]
[pastorscott/speaking/wp-content/uploads/dynamic-mobmenu15c5.css]
[pastorscott/speaking/index.php/wp-json/wp/v2/posts/1784.json]
[pastorscott/speaking/index.php/wp-json/oembed/1.0/embed2324.json]
[pastorscott/speaking/index.php/wp-json/oembed/1.0/embedafed]
[pastorscott/speaking/index.php/confession-of-a-non-liturgical-pastor/index.html]
[pastorscott/speaking/wp-content/uploads/dynamic-mobmenu4dac.css]
[pastorscott/speaking/wp-content/uploads/dynamic-mobmenu1377.css]
[pastorscott/speaking/wp-content/uploads/dynamic-mobmenu4cd1.css]
[pastorscott/speaking/wp-content/uploads/dynamic-mobmenu667b.css]
[pastorscott/speaking/wp-content/uploads/dynamic-mobmenufcf7.css]
[pastorscott/speaking/index.php/wp-json/wp/v2/posts/1789.json]
[pastorscott/speaking/index.php/wp-json/oembed/1.0/embed127c.json]
[pastorscott/speaking/index.php/wp-json/oembed/1.0/embed6590]
[pastorscott/speaking/index.php/preaching-advice-for-young-pastors-mothers-day/index.html]
[pastorscott/speaking/wp-content/uploads/dynamic-mobmenuf2c6.css]
[pastorscott/speaking/wp-content/uploads/dynamic-mobmenu0f70.css]
[pastorscott/speaking/wp-content/uploads/dynamic-mobmenu6df0.css]
[pastorscott/speaking/wp-content/uploads/dynamic-mobmenu1224.css]
[pastorscott/speaking/wp-content/uploads/dynamic-mobmenu084f.css]
[pastorscott/speaking/wp-content/uploads/dynamic-mobmenu8395.css]
[pastorscott/speaking/wp-content/uploads/dynamic-mobmenu253c.css]
[pastorscott/speaking/index.php/wp-json/wp/v2/posts/1525.json]
[pastorscott/speaking/index.php/wp-json/oembed/1.0/embed5472.json]
[pastorscott/speaking/index.php/wp-json/oembed/1.0/embedebc4]
[pastorscott/speaking/index.php/pastor-appreciation-take-the-day-off/index.html]
[pastorscott/speaking/index.php/wp-json/wp/v2/posts/1360.json]
[pastorscott/speaking/index.php/wp-json/oembed/1.0/embede7d6.json]
[pastorscott/speaking/index.php/wp-json/oembed/1.0/embedb420]
[pastorscott/speaking/index.php/more-and-more-pastor-appreciation/index.html]
[pastorscott/speaking/index.php/wp-json/wp/v2/posts/1353.json]
[pastorscott/speaking/index.php/wp-json/oembed/1.0/embed7a9b.json]
[pastorscott/speaking/index.php/wp-json/oembed/1.0/embed3936]
[pastorscott/speaking/index.php/its-pastor-appreciation-month/index.html]
[pastorscott/speaking/wp-content/uploads/dynamic-mobmenu9237.css]
[pastorscott/speaking/index.php/tag/pastoring/page/2/index.html]
[pastorscott/speaking/wp-content/uploads/dynamic-mobmenu5e71.css]
[pastorscott/speaking/wp-content/uploads/dynamic-mobmenuba78.css]
[pastorscott/speaking/wp-content/uploads/dynamic-mobmenu0862.css]
[pastorscott/speaking/wp-content/uploads/dynamic-mobmenuc576.css]
[pastorscott/speaking/index.php/wp-json/wp/v2/posts/795.json]
[pastorscott/speaking/index.php/wp-json/oembed/1.0/embed5805.json]
[pastorscott/speaking/index.php/wp-json/oembed/1.0/embedff78]
[pastorscott/speaking/index.php/value-of-prayer/index.html]
[pastorscott/speaking/wp-content/uploads/dynamic-mobmenua7b9.css]
[pastorscott/speaking/index.php/wp-json/wp/v2/posts/809.json]
[pastorscott/speaking/index.php/wp-json/oembed/1.0/embed3ce6.json]
[pastorscott/speaking/index.php/wp-json/oembed/1.0/embed2e1e]
[pastorscott/speaking/index.php/reverend-pastor-preacher-father/index.html]
[pastorscott/speaking/index.php/wp-json/wp/v2/tags/400.json]
[pastorscott/speaking/index.php/tag/titles/index.html]
[pastorscott/speaking/wp-content/uploads/dynamic-mobmenud741.css]
[pastorscott/speaking/index.php/tag/titles/feed/index.html]
[pastorscott/speaking/index.php/wp-json/wp/v2/posts/2209.json]
[pastorscott/speaking/index.php/wp-json/oembed/1.0/embed0f4a.json]
[pastorscott/speaking/index.php/wp-json/oembed/1.0/embed6857]
[pastorscott/speaking/index.php/previenent-grace-along-the-highway/index.html]
[pastorscott/speaking/index.php/tag/grace/feed/index.html]
[pastorscott/speaking/index.php/wp-json/wp/v2/tags/456.json]
[pastorscott/speaking/index.php/tag/grace/index.html]
[pastorscott/speaking/wp-content/uploads/dynamic-mobmenu6253.css]
[pastorscott/speaking/wp-content/uploads/dynamic-mobmenu4bed.css]
[pastorscott/speaking/wp-content/uploads/dynamic-mobmenu97fd.css]
[pastorscott/speaking/wp-content/uploads/dynamic-mobmenu8c3c.css]
[pastorscott/speaking/wp-content/uploads/dynamic-mobmenue90e.css]
[pastorscott/speaking/wp-content/uploads/dynamic-mobmenu340a.css]
[pastorscott/speaking/index.php/wp-json/wp/v2/posts/2219.json]
[pastorscott/speaking/index.php/wp-json/oembed/1.0/embed7265.json]
[pastorscott/speaking/index.php/wp-json/oembed/1.0/embedea99]
[pastorscott/speaking/index.php/preparing-the-church-for-a-pastoral-sabbatical/index.html]
[pastorscott/speaking/wp-content/uploads/dynamic-mobmenu4ec1.css]
[pastorscott/speaking/wp-content/uploads/dynamic-mobmenua738.css]
[pastorscott/speaking/wp-content/uploads/dynamic-mobmenu6dc0.css]
[pastorscott/speaking/wp-content/uploads/dynamic-mobmenu25ca.css]
[pastorscott/speaking/wp-content/uploads/dynamic-mobmenu9b69.css]
[pastorscott/speaking/wp-content/uploads/dynamic-mobmenu6239.css]
[pastorscott/speaking/wp-content/uploads/dynamic-mobmenu71c3.css]
[pastorscott/speaking/wp-content/uploads/dynamic-mobmenueff4.css]
[pastorscott/speaking/wp-content/uploads/dynamic-mobmenufa5f.css]
[pastorscott/speaking/wp-content/uploads/dynamic-mobmenufbe5.css]
[pastorscott/speaking/index.php/wp-json/wp/v2/posts/2599.json]
[pastorscott/speaking/index.php/wp-json/oembed/1.0/embed5d45]
[pastorscott/speaking/index.php/wp-json/oembed/1.0/embed9034]
[pastorscott/speaking/index.php/contemporary-worship-in-a-traditional-sanctuary/index.html]
[pastorscott/speaking/index.php/tag/contemporary/feed/index.html]
[pastorscott/speaking/index.php/wp-json/wp/v2/tags/619.json]
[pastorscott/speaking/index.php/tag/contemporary/index.html]
[pastorscott/speaking/wp-content/uploads/dynamic-mobmenue645.css]
[pastorscott/speaking/index.php/author/grscott/page/3/index.html]
[pastorscott/speaking/wp-content/uploads/dynamic-mobmenu6f97.css]
[pastorscott/speaking/index.php/category/ministerially_speaking/page/3/index.html]
[pastorscott/speaking/wp-content/uploads/dynamic-mobmenuc4de.css]
[pastorscott/speaking/indexccfb.html]
[pastorscott/speaking/index.php/wp-json/wp/v2/posts/2966.json]
[pastorscott/speaking/index.php/wp-json/oembed/1.0/embedc119.json]
[pastorscott/speaking/index.php/wp-json/oembed/1.0/embedcc9b]
[-Ox8eiBrr-CE/XnJlYRt0r9I/AAAAAAABEDY/dueicabc7uQNBIwCQAq5VHcAYX3qXtqygCKgBGAsYHg/s1600/coronverses1.png]
[pastorscott/speaking/index.php/coronaverses-1/index.html]
[pastorscott/speaking/wp-content/uploads/dynamic-mobmenu2597.css]
[pastorscott/speaking/index7994.html]
[pastorscott/speaking/wp-content/uploads/dynamic-mobmenu5f73.css]
[pastorscott/speaking/indexc446.html]
[pastorscott/speaking/wp-content/uploads/dynamic-mobmenud945.css]
[pastorscott/speaking/index151a.html]
[pastorscott/speaking/wp-content/uploads/dynamic-mobmenu1b19.css]
[pastorscott/speaking/wp-content/uploads/dynamic-mobmenu082a.css]
[pastorscott/speaking/indexaaa5.html]
[pastorscott/speaking/wp-content/uploads/dynamic-mobmenue029.css]
[pastorscott/speaking/index52de.html]
[pastorscott/speaking/wp-content/uploads/dynamic-mobmenua1a6.css]
[pastorscott/speaking/index4775.html]
[pastorscott/speaking/wp-content/uploads/dynamic-mobmenue2ca.css]
[pastorscott/speaking/indexee0c.html]
[pastorscott/speaking/wp-content/uploads/dynamic-mobmenu6d05.css]
[pastorscott/speaking/wp-content/uploads/dynamic-mobmenud350.css]
[pastorscott/speaking/wp-content/uploads/dynamic-mobmenu725b.css]
[pastorscott/speaking/indexbe4b.html]
[pastorscott/speaking/wp-content/uploads/dynamic-mobmenu1709.css]
[pastorscott/speaking/indexe83f.html]
[pastorscott/speaking/wp-content/uploads/dynamic-mobmenudbbd.css]
[pastorscott/speaking/indexa896.html]
[pastorscott/speaking/wp-content/uploads/dynamic-mobmenu639c.css]
[pastorscott/speaking/index605c.html]
[pastorscott/speaking/wp-content/uploads/dynamic-mobmenu9f90.css]
[pastorscott/speaking/wp-content/uploads/dynamic-mobmenu606d.css]
[pastorscott/speaking/index2582.html]
[pastorscott/speaking/wp-content/uploads/dynamic-mobmenu8faa.css]
[pastorscott/speaking/index4e45.html]
[pastorscott/speaking/index.php/wp-json/wp/v2/posts/2970.json]
[pastorscott/speaking/index.php/wp-json/oembed/1.0/embed6771.json]
[pastorscott/speaking/index.php/wp-json/oembed/1.0/embed5567]
[-a1j4yg92l08/XnT4jC_qBFI/AAAAAAABEFA/nZlFTsj_fCQ39LlmFp3Cu2SYhetBLbKPgCKgBGAsYHg/s1600/coronverses3.png]
[pastorscott/speaking/index.php/coronaverses-03/index.html]
[pastorscott/speaking/index.php/wp-json/wp/v2/posts/2974.json]
[pastorscott/speaking/index.php/wp-json/oembed/1.0/embede700.json]
[pastorscott/speaking/index.php/wp-json/oembed/1.0/embedaa8a]
[-qjjyMwVE15Q/Xnfb5aFsPAI/AAAAAAABEHE/9ccq_AGQr8QPKg1ecKrLgHjJom1IYPtkACKgBGAsYHg/s1600/coronverses05.png]
[pastorscott/speaking/index.php/coronaverses-05/index.html]
[pastorscott/speaking/index976f.html]
[pastorscott/speaking/wp-content/uploads/dynamic-mobmenu9d90.css]
[pastorscott/speaking/index3a9c.html]
[pastorscott/speaking/wp-content/uploads/dynamic-mobmenu28a2.css]
[pastorscott/speaking/indexeeae.html]
[pastorscott/speaking/wp-content/uploads/dynamic-mobmenu92e9.css]
[pastorscott/speaking/wp-content/uploads/dynamic-mobmenu38ca.css]
[pastorscott/speaking/wp-content/uploads/dynamic-mobmenu1188.css]
[pastorscott/speaking/indexa6b4.html]
[pastorscott/speaking/wp-content/uploads/dynamic-mobmenu7d67.css]
[pastorscott/speaking/wp-content/uploads/dynamic-mobmenu4f39.css]
[pastorscott/speaking/wp-content/uploads/dynamic-mobmenub7b3.css]
[pastorscott/speaking/wp-content/uploads/dynamic-mobmenu228b.css]
[pastorscott/speaking/indexf72f.html]
[pastorscott/speaking/wp-content/uploads/dynamic-mobmenu3745.css]
[pastorscott/speaking/wp-content/uploads/dynamic-mobmenucdb8.css]
[pastorscott/speaking/wp-content/uploads/dynamic-mobmenuec86.css]
[pastorscott/speaking/wp-content/uploads/dynamic-mobmenu95ba.css]
[pastorscott/speaking/index85f6.html]
[pastorscott/speaking/wp-content/uploads/dynamic-mobmenuf695.css]
[pastorscott/speaking/index7979.html]
[pastorscott/speaking/wp-content/uploads/dynamic-mobmenuded0.css]
[pastorscott/speaking/indexcff5.html]
[pastorscott/speaking/wp-content/uploads/dynamic-mobmenu4935.css]
[pastorscott/speaking/indexe6c6.html]
[pastorscott/speaking/wp-content/uploads/dynamic-mobmenu195f.css]
[pastorscott/speaking/wp-content/uploads/dynamic-mobmenu4853.css]
[pastorscott/speaking/index6996.html]
[pastorscott/speaking/wp-content/uploads/dynamic-mobmenu42ef.css]
[pastorscott/speaking/wp-content/uploads/dynamic-mobmenu3785.css]
[pastorscott/speaking/index1697.html]
[pastorscott/speaking/wp-content/uploads/dynamic-mobmenu5c87.css]
[pastorscott/speaking/index7f8f.html]
[pastorscott/speaking/wp-content/uploads/dynamic-mobmenu1fb2.css]
[pastorscott/speaking/indexe1a1.html]
[pastorscott/speaking/wp-content/uploads/dynamic-mobmenuce6a.css]
[pastorscott/speaking/index16e3.html]
[pastorscott/speaking/wp-content/uploads/dynamic-mobmenu132c.css]
[pastorscott/speaking/index486d.html]
[pastorscott/speaking/wp-content/uploads/dynamic-mobmenu342c.css]
[pastorscott/speaking/indexecda.html]
[pastorscott/speaking/wp-content/uploads/dynamic-mobmenu25f9.css]
[pastorscott/speaking/index.php/wp-json/wp/v2/posts/1620.json]
[pastorscott/speaking/index.php/wp-json/oembed/1.0/embedbea2.json]
[pastorscott/speaking/index.php/wp-json/oembed/1.0/embed595b]
[pastorscott/speaking/index.php/pastors-day-off-and-other-pastortime-issues/index.html]
[pastorscott/speaking/index.php/tag/time/feed/index.html]
[pastorscott/speaking/index.php/wp-json/wp/v2/tags/399.json]
[pastorscott/speaking/index.php/tag/time/index.html]
[pastorscott/speaking/wp-content/uploads/dynamic-mobmenu288f.css]
[pastorscott/speaking/indexb4ea.html]
[pastorscott/speaking/wp-content/uploads/dynamic-mobmenuc920.css]
[pastorscott/speaking/index477d.html]
[pastorscott/speaking/wp-content/uploads/dynamic-mobmenu30ce.css]
[pastorscott/speaking/index17f8.html]
[pastorscott/speaking/index08a9.html]
[pastorscott/speaking/wp-content/uploads/dynamic-mobmenu5516.css]
[pastorscott/speaking/index1142.html]
[pastorscott/speaking/wp-content/uploads/dynamic-mobmenu1ec0.css]
[pastorscott/speaking/index.php/wp-json/wp/v2/posts/3022.json]
[pastorscott/speaking/index.php/wp-json/oembed/1.0/embed00d5.json]
[pastorscott/speaking/index.php/wp-json/oembed/1.0/embed12a5]
[pastorscott/speaking/index.php/coronaverses-27/index.html]
[pastorscott/speaking/index.php/wp-json/wp/v2/posts/3020.json]
[pastorscott/speaking/index.php/wp-json/oembed/1.0/embede4b1.json]
[pastorscott/speaking/index.php/wp-json/oembed/1.0/embed8419]
[pastorscott/speaking/index.php/coronaverses-26/index.html]
[pastorscott/speaking/index.php/wp-json/wp/v2/posts/3018.json]
[pastorscott/speaking/index.php/wp-json/oembed/1.0/embed057b.json]
[pastorscott/speaking/index.php/wp-json/oembed/1.0/embed3d3d]
[pastorscott/speaking/index.php/coronaverses-25/index.html]
[-1EKiIn6zUL4/XoYFcLa8LvI/AAAAAAABEfM/lEbdaczrCVYYtsYGP6gzDxSKGsJMEiMVgCKgBGAsYHg/s1600/coronverses17.png]
[-XfYZm6NX6-w/XoUNHY9MnWI/AAAAAAABEeU/FAzfHIIoA5IdZkkkxKdhecAWW2414vvYwCKgBGAsYHg/s1600/coronverses16.png]
[-dmZqehhk_Fk/XoOgt_4ObHI/AAAAAAABEcQ/TCBtdctdCacQmeaWglRibN4t_X0i5rGrgCKgBGAsYHg/s1600/coronverses15.png]
[pastorscott/speaking/index.php/tag/coronaverses/page/3/index.html]
[pastorscott/speaking/wp-content/uploads/dynamic-mobmenuc0e3.css]
[pastorscott/speaking/indexe6ee.html]
[pastorscott/speaking/wp-content/uploads/dynamic-mobmenufb03.css]
[pastorscott/speaking/index8192.html]
[pastorscott/speaking/wp-content/uploads/dynamic-mobmenu736e.css]
[pastorscott/speaking/index3d31.html]
[pastorscott/speaking/wp-content/uploads/dynamic-mobmenubf9b.css]
[pastorscott/speaking/index0fef.html]
[pastorscott/speaking/index3c52.html]
[pastorscott/speaking/wp-content/uploads/dynamic-mobmenu386d.css]
[pastorscott/speaking/index3408.html]
[pastorscott/speaking/wp-content/uploads/dynamic-mobmenu7b19.css]
[pastorscott/speaking/index7b41.html]
[pastorscott/speaking/index.php/wp-json/wp/v2/posts/3016.json]
[pastorscott/speaking/index.php/wp-json/oembed/1.0/embed33bd.json]
[pastorscott/speaking/index.php/wp-json/oembed/1.0/embed800e]
[pastorscott/speaking/index.php/coronaverses-24/index.html]
[pastorscott/speaking/index.php/wp-json/wp/v2/posts/3013.json]
[pastorscott/speaking/index.php/wp-json/oembed/1.0/embed3bd7.json]
[pastorscott/speaking/index.php/wp-json/oembed/1.0/embed772a]
[pastorscott/speaking/index.php/coronaverses-23/index.html]
[pastorscott/speaking/index.php/wp-json/wp/v2/posts/3011.json]
[pastorscott/speaking/index.php/wp-json/oembed/1.0/embed8d59.json]
[pastorscott/speaking/index.php/wp-json/oembed/1.0/embed26d0]
[pastorscott/speaking/index.php/coronaverses-22/index.html]
[pastorscott/speaking/index.php/wp-json/wp/v2/posts/3009.json]
[pastorscott/speaking/index.php/wp-json/oembed/1.0/embed860e.json]
[pastorscott/speaking/index.php/wp-json/oembed/1.0/embed2bba]
[pastorscott/speaking/index.php/coronaverses-21/index.html]
[pastorscott/speaking/index.php/wp-json/wp/v2/posts/3006.json]
[pastorscott/speaking/index.php/wp-json/oembed/1.0/embed4299.json]
[pastorscott/speaking/index.php/wp-json/oembed/1.0/embed73f3]
[pastorscott/speaking/index.php/coronaverses-20/index.html]
[pastorscott/speaking/index.php/wp-json/wp/v2/posts/3004.json]
[pastorscott/speaking/index.php/wp-json/oembed/1.0/embeda639.json]
[pastorscott/speaking/index.php/wp-json/oembed/1.0/embed973b]
[pastorscott/speaking/index.php/coronaverses-19/index.html]
[pastorscott/speaking/index.php/wp-json/wp/v2/posts/3002.json]
[pastorscott/speaking/index.php/wp-json/oembed/1.0/embedef76.json]
[pastorscott/speaking/index.php/wp-json/oembed/1.0/embedb56a]
[pastorscott/speaking/index.php/coronaverses-18/index.html]
[-pbfGRFCfTv4/XoIkC6KLq2I/AAAAAAABEbc/sQEPQd3rsZowIu-CeGOir8KTJMxH7l7OwCKgBGAsYHg/s1600/coronverses14.png]
[-GbDU_rnvKWI/XoEyV-whc5I/AAAAAAABEag/OL1bCx4aQ50TKRnkdthyyLUM4rzofj1LQCKgBGAsYHg/s1600/coronverses13.png]
[-VrmJCydGzro/Xn9ZuZHf1zI/AAAAAAABEYs/8mbXKY5ylr8uIdP9BUSx-Qv1r5vO3A_pwCKgBGAsYHg/s1600/coronverses12.png]
[-s3vPHwFT6ys/Xn4vk3KdeuI/AAAAAAABEXw/k2Pk7kUd2oQrqyrLTB9-1DWh6iRzCpBsQCKgBGAsYHg/s1600/coronverses11.png]
[-2JBo_526vNo/Xnzhv1hybzI/AAAAAAABEW8/hSgsWxPLS28tVhw2rmIBKUSHpOLqOsgvwCKgBGAsYHg/s1600/coronverses10.png]
[-BeROonygDUs/XnzhV2rOW3I/AAAAAAABEW0/fApAyICe55Ye27-gSS2TRl4ZwIUO7icgwCKgBGAsYHg/s1600/coronverses09.png]
[-SpYTbMgxiIA/Xntz2YOJLLI/AAAAAAABEWA/UoCMgevAPWY89AfxNbUCoPD7NDwkFE4zgCKgBGAsYHg/s1600/coronverses08.png]
[pastorscott/speaking/index.php/page/4/index.html]
[pastorscott/speaking/wp-content/uploads/dynamic-mobmenu8497.css]
[pastorscott/speaking/indexeba0.html]
[pastorscott/speaking/wp-content/uploads/dynamic-mobmenu9363.css]
[pastorscott/speaking/indexe98c.html]
[pastorscott/speaking/wp-content/uploads/dynamic-mobmenua712.css]
[pastorscott/speaking/indexead7.html]
[pastorscott/speaking/indexaf4f.html]
[pastorscott/speaking/wp-content/uploads/dynamic-mobmenu1c64.css]
[pastorscott/speaking/indexf4ac.html]
[pastorscott/speaking/wp-content/uploads/dynamic-mobmenu0b0b.css]
[pastorscott/speaking/indexef72.html]
[pastorscott/speaking/wp-content/uploads/dynamic-mobmenu7744.css]
[pastorscott/speaking/indexd486.html]
[pastorscott/speaking/wp-content/uploads/dynamic-mobmenu2c71.css]
[pastorscott/speaking/indexa013.html]
[pastorscott/speaking/wp-content/uploads/dynamic-mobmenu02eb.css]
[pastorscott/speaking/index209a.html]
[pastorscott/speaking/wp-content/uploads/dynamic-mobmenu4347.css]
[pastorscott/speaking/index4592.html]
[pastorscott/speaking/wp-content/uploads/dynamic-mobmenu8c78.css]
[pastorscott/speaking/index20df.html]
[pastorscott/speaking/wp-content/uploads/dynamic-mobmenu7417.css]
[pastorscott/speaking/index21a5.html]
[pastorscott/speaking/indexb280.html]
[pastorscott/speaking/wp-content/uploads/dynamic-mobmenu8ef1.css]
[pastorscott/speaking/indexe445.html]
[pastorscott/speaking/index3898.html]
[pastorscott/speaking/wp-content/uploads/dynamic-mobmenu337f.css]
[pastorscott/speaking/index3d4f.html]
[pastorscott/speaking/wp-content/uploads/dynamic-mobmenu1cd8.css]
[pastorscott/speaking/indexcde5.html]
[pastorscott/speaking/index01f7.html]
[pastorscott/speaking/indexc190.html]
[pastorscott/speaking/wp-content/uploads/dynamic-mobmenu13e8.css]
[pastorscott/speaking/index4aec.html]
[pastorscott/speaking/index7a13.html]
[pastorscott/speaking/wp-content/uploads/dynamic-mobmenu33f2.css]
[pastorscott/speaking/index6a26.html]
[pastorscott/speaking/wp-content/uploads/dynamic-mobmenud249.css]
[pastorscott/speaking/index028e.html]
[pastorscott/speaking/indexe23a.html]
[pastorscott/speaking/index922d.html]
[pastorscott/speaking/index4b30.html]
[pastorscott/speaking/wp-content/uploads/dynamic-mobmenud206.css]
[pastorscott/speaking/index9628.html]
[pastorscott/speaking/indexc2d1.html]
[pastorscott/speaking/wp-content/uploads/dynamic-mobmenu69c2.css]
[pastorscott/speaking/index094a.html]
[pastorscott/speaking/wp-content/uploads/dynamic-mobmenu15ab.css]
[pastorscott/speaking/index9ab8.html]
[pastorscott/speaking/wp-content/uploads/dynamic-mobmenu65d8.css]
[pastorscott/speaking/indexbb3a.html]
[pastorscott/speaking/wp-content/uploads/dynamic-mobmenu91c5.css]
[pastorscott/speaking/wp-content/uploads/dynamic-mobmenub4bf.css]
[pastorscott/speaking/index9fe1.html]
[pastorscott/speaking/wp-content/uploads/dynamic-mobmenu8012.css]
[pastorscott/speaking/indexa49c.html]
[pastorscott/speaking/wp-content/uploads/dynamic-mobmenu49ff.css]
[pastorscott/speaking/index2d45.html]
[pastorscott/speaking/wp-content/uploads/dynamic-mobmenua148.css]
[pastorscott/speaking/wp-content/uploads/dynamic-mobmenu5b5c.css]
[pastorscott/speaking/indexbf1a.html]
[pastorscott/speaking/wp-content/uploads/dynamic-mobmenued4f.css]
[pastorscott/speaking/index3dfd.html]
[pastorscott/speaking/indexe2de.html]
[pastorscott/speaking/wp-content/uploads/dynamic-mobmenu1ce6.css]
[pastorscott/speaking/index1ce4.html]
[pastorscott/speaking/wp-content/uploads/dynamic-mobmenu8415.css]
[pastorscott/speaking/index2193.html]
[pastorscott/speaking/wp-content/uploads/dynamic-mobmenuc8ed.css]
[pastorscott/speaking/index043e.html]
[pastorscott/speaking/wp-content/uploads/dynamic-mobmenua99d.css]
[pastorscott/speaking/indexf53a.html]
[pastorscott/speaking/wp-content/uploads/dynamic-mobmenu4e9b.css]
[pastorscott/speaking/index4a9b.html]
[pastorscott/speaking/wp-content/uploads/dynamic-mobmenu24ea.css]
[pastorscott/speaking/index6617.html]
[pastorscott/speaking/wp-content/uploads/dynamic-mobmenubcba.css]
[pastorscott/speaking/index692b.html]
[pastorscott/speaking/wp-content/uploads/dynamic-mobmenu9794.css]
[pastorscott/speaking/index.php/author/grscott/page/4/index.html]
[pastorscott/speaking/wp-content/uploads/dynamic-mobmenu4730.css]
[pastorscott/speaking/index.php/category/ministerially_speaking/page/4/index.html]
[pastorscott/speaking/wp-content/uploads/dynamic-mobmenu845a.css]
[pastorscott/speaking/index97c4.html]
[pastorscott/speaking/index.php/wp-json/wp/v2/posts/2968.json]
[pastorscott/speaking/index.php/wp-json/oembed/1.0/embed4005.json]
[pastorscott/speaking/index.php/wp-json/oembed/1.0/embed7f11]
[-lvjEx_C65iA/XnOGaN7tJkI/AAAAAAABEEQ/YWyOTTx0T40KW8b59LeN_Q2t8CF-J9Y4ACKgBGAsYHg/s1600/coronverses2.png]
[pastorscott/speaking/index.php/coronaverses-2/index.html]
[pastorscott/speaking/index9a07.html]
[pastorscott/speaking/wp-content/uploads/dynamic-mobmenu4357.css]
[pastorscott/speaking/index2870.html]
[pastorscott/speaking/index.php/wp-json/wp/v2/posts/2976.json]
[pastorscott/speaking/index.php/wp-json/oembed/1.0/embedf660.json]
[pastorscott/speaking/index.php/wp-json/oembed/1.0/embedcfb5]
[-eBR-Q3ALARU/Xnjyw-GAzdI/AAAAAAABEH8/5ycCTPnmxMIjRs9xN1N1-8VtI8PEnGCNgCKgBGAsYHg/s1600/coronverses06.png]
[pastorscott/speaking/index.php/coronaverses-06/index.html]
[pastorscott/speaking/wp-content/uploads/dynamic-mobmenu0c68.css]
[pastorscott/speaking/index8df3.html]
[pastorscott/speaking/wp-content/uploads/dynamic-mobmenuda6a.css]
[pastorscott/speaking/wp-content/uploads/dynamic-mobmenuac84.css]
[pastorscott/speaking/index9d51.html]
[pastorscott/speaking/wp-content/uploads/dynamic-mobmenu017c.css]
[pastorscott/speaking/index2941.html]
[pastorscott/speaking/wp-content/uploads/dynamic-mobmenu020c.css]
[pastorscott/speaking/index7adf.html]
[pastorscott/speaking/wp-content/uploads/dynamic-mobmenu7ab0.css]
[pastorscott/speaking/index.php/wp-json/wp/v2/posts/3000.json]
[pastorscott/speaking/index.php/wp-json/oembed/1.0/embed8d9b.json]
[pastorscott/speaking/index.php/wp-json/oembed/1.0/embed35a5]
[pastorscott/speaking/index.php/coronaverses-17/index.html]
[pastorscott/speaking/index.php/wp-json/wp/v2/posts/2997.json]
[pastorscott/speaking/index.php/wp-json/oembed/1.0/embed3444.json]
[pastorscott/speaking/index.php/wp-json/oembed/1.0/embed1c1c]
[pastorscott/speaking/index.php/coronaverses-16/index.html]
[pastorscott/speaking/index.php/wp-json/wp/v2/posts/2995.json]
[pastorscott/speaking/index.php/wp-json/oembed/1.0/embed30a3.json]
[pastorscott/speaking/index.php/wp-json/oembed/1.0/embede808]
[pastorscott/speaking/index.php/coronaverses-15/index.html]
[-UEJZvFzDzxg/Xno2McAJ_nI/AAAAAAABEVA/Ddswpr581nwRj9soyZmFywEXOUy1gKcqQCKgBGAsYHg/s1600/coronverses07.png]
[pastorscott/speaking/index.php/tag/coronaverses/page/4/index.html]
[pastorscott/speaking/wp-content/uploads/dynamic-mobmenu0770.css]
[pastorscott/speaking/indexc794.html]
[pastorscott/speaking/wp-content/uploads/dynamic-mobmenu0bc7.css]
[pastorscott/speaking/indexb5e2.html]
[pastorscott/speaking/wp-content/uploads/dynamic-mobmenu218c.css]
[pastorscott/speaking/indexbd4e.html]
[pastorscott/speaking/wp-content/uploads/dynamic-mobmenu880c.css]
[pastorscott/speaking/indexf65c.html]
[pastorscott/speaking/wp-content/uploads/dynamic-mobmenud792.css]
[pastorscott/speaking/indexe820.html]
[pastorscott/speaking/wp-content/uploads/dynamic-mobmenuae2f.css]
[pastorscott/speaking/indexea5a.html]
[pastorscott/speaking/wp-content/uploads/dynamic-mobmenub557.css]
[pastorscott/speaking/indexafaa.html]
[pastorscott/speaking/wp-content/uploads/dynamic-mobmenuf0ed.css]
[pastorscott/speaking/index.php/wp-json/wp/v2/posts/2993.json]
[pastorscott/speaking/index.php/wp-json/oembed/1.0/embeddd2a.json]
[pastorscott/speaking/index.php/wp-json/oembed/1.0/embed222f]
[pastorscott/speaking/index.php/coronaverses-14/index.html]
[pastorscott/speaking/index.php/wp-json/wp/v2/posts/2991.json]
[pastorscott/speaking/index.php/wp-json/oembed/1.0/embedd3c1.json]
[pastorscott/speaking/index.php/wp-json/oembed/1.0/embed0d8c]
[pastorscott/speaking/index.php/coronaverses-13/index.html]
[pastorscott/speaking/index.php/wp-json/wp/v2/posts/2989.json]
[pastorscott/speaking/index.php/wp-json/oembed/1.0/embed4fc9.json]
[pastorscott/speaking/index.php/wp-json/oembed/1.0/embed1f56]
[pastorscott/speaking/index.php/coronaverses-12/index.html]
[pastorscott/speaking/index.php/wp-json/wp/v2/posts/2987.json]
[pastorscott/speaking/index.php/wp-json/oembed/1.0/embed76cc.json]
[pastorscott/speaking/index.php/wp-json/oembed/1.0/embede643]
[pastorscott/speaking/index.php/coronaverses-11/index.html]
[pastorscott/speaking/index.php/wp-json/wp/v2/posts/2984.json]
[pastorscott/speaking/index.php/wp-json/oembed/1.0/embed9f23.json]
[pastorscott/speaking/index.php/wp-json/oembed/1.0/embed3a76]
[pastorscott/speaking/index.php/coronaverses-10/index.html]
[pastorscott/speaking/index.php/wp-json/wp/v2/posts/2982.json]
[pastorscott/speaking/index.php/wp-json/oembed/1.0/embed40be.json]
[pastorscott/speaking/index.php/wp-json/oembed/1.0/embed3fa0]
[pastorscott/speaking/index.php/coronaverses-09/index.html]
[pastorscott/speaking/index.php/wp-json/wp/v2/tags/622.json]
[pastorscott/speaking/index.php/tag/coronaverse/index.html]
[pastorscott/speaking/index.php/tag/coronaverse/feed/index.html]
[pastorscott/speaking/index.php/wp-json/wp/v2/posts/2980.json]
[pastorscott/speaking/index.php/wp-json/oembed/1.0/embed1ba6.json]
[pastorscott/speaking/index.php/wp-json/oembed/1.0/embed6b96]
[pastorscott/speaking/index.php/coronaverses-08/index.html]
[pastorscott/speaking/index.php/page/5/index.html]
[pastorscott/speaking/wp-content/uploads/dynamic-mobmenu79a9.css]
[pastorscott/speaking/index.php/author/grscott/page/5/index.html]
[pastorscott/speaking/wp-content/uploads/dynamic-mobmenu83a1.css]
[pastorscott/speaking/index.php/category/ministerially_speaking/page/5/index.html]
[pastorscott/speaking/wp-content/uploads/dynamic-mobmenufe95.css]
[pastorscott/speaking/indexcffa.html]
[pastorscott/speaking/wp-content/uploads/dynamic-mobmenu0dd6.css]
[pastorscott/speaking/indexaa2d.html]
[pastorscott/speaking/index.php/wp-json/wp/v2/posts/2978.json]
[pastorscott/speaking/index.php/wp-json/oembed/1.0/embed31c0.json]
[pastorscott/speaking/index.php/coronaverses-07/index.html]
[pastorscott/speaking/wp-content/uploads/dynamic-mobmenu3eb4.css]
[pastorscott/speaking/indexf745.html]
[pastorscott/speaking/wp-content/uploads/dynamic-mobmenue31a.css]
[pastorscott/speaking/indexa4d5.html]
[pastorscott/speaking/wp-content/uploads/dynamic-mobmenuf4ac.css]
[pastorscott/speaking/index1b7a.html]
[pastorscott/speaking/index.php/wp-json/oembed/1.0/embed31c1]
[pastorscott/speaking/index.php/tag/coronaverses/page/5/index.html]
[pastorscott/speaking/wp-content/uploads/dynamic-mobmenu481a.css]
[pastorscott/speaking/index00b0.html]
[pastorscott/speaking/wp-content/uploads/dynamic-mobmenub3f0.css]
[pastorscott/speaking/indexc119.html]
[pastorscott/speaking/wp-content/uploads/dynamic-mobmenu1bee.css]
[pastorscott/speaking/indexe4fe.html]
[pastorscott/speaking/wp-content/uploads/dynamic-mobmenub39f.css]
[pastorscott/speaking/index3ae6.html]
[pastorscott/speaking/index2cb4.html]
[pastorscott/speaking/indexc3b1.html]
[pastorscott/speaking/wp-content/uploads/dynamic-mobmenua409.css]
[pastorscott/speaking/wp-content/uploads/dynamic-mobmenub104.css]
[pastorscott/speaking/indexdf1a.html]
[pastorscott/speaking/wp-content/uploads/dynamic-mobmenu271a.css]
[pastorscott/speaking/index.php/page/6/index.html]
[pastorscott/speaking/index.php/author/grscott/page/6/index.html]
[pastorscott/speaking/wp-content/uploads/dynamic-mobmenuacdd.css]
[pastorscott/speaking/index.php/category/ministerially_speaking/page/6/index.html]
[pastorscott/speaking/wp-content/uploads/dynamic-mobmenucdaf.css]
[pastorscott/speaking/indexae17.html]
[pastorscott/speaking/wp-content/uploads/dynamic-mobmenuc14f.css]
[pastorscott/speaking/wp-content/uploads/dynamic-mobmenu62b6.css]
[pastorscott/speaking/index.php/page/7/index.html]
[pastorscott/speaking/index.php/author/grscott/page/7/index.html]
[pastorscott/speaking/wp-content/uploads/dynamic-mobmenu3a91.css]
[pastorscott/speaking/index.php/category/ministerially_speaking/page/7/index.html]
[pastorscott/speaking/index.php/page/8/index.html]
[pastorscott/speaking/wp-content/uploads/dynamic-mobmenua206.css]
[pastorscott/speaking/index.php/author/grscott/page/8/index.html]
[pastorscott/speaking/wp-content/uploads/dynamic-mobmenu7a1b.css]
[pastorscott/speaking/index.php/category/ministerially_speaking/page/8/index.html]
[pastorscott/speaking/wp-content/uploads/dynamic-mobmenu687f.css]
[pastorscott/speaking/index.php/page/9/index.html]
[pastorscott/speaking/wp-content/uploads/dynamic-mobmenu84e3.css]
[pastorscott/speaking/index.php/author/grscott/page/9/index.html]
[pastorscott/speaking/wp-content/uploads/dynamic-mobmenue5e4.css]
[pastorscott/speaking/index.php/category/ministerially_speaking/page/9/index.html]
[pastorscott/speaking/wp-content/uploads/dynamic-mobmenu29bf.css]
[pastorscott/speaking/index.php/page/10/index.html]
[pastorscott/speaking/index.php/author/grscott/page/10/index.html]
[pastorscott/speaking/wp-content/uploads/dynamic-mobmenu8b17.css]
[pastorscott/speaking/index.php/category/ministerially_speaking/page/10/index.html]
[pastorscott/speaking/wp-content/uploads/dynamic-mobmenu3319.css]
[pastorscott/speaking/index.php/page/11/index.html]
[pastorscott/speaking/wp-content/uploads/dynamic-mobmenu71e9.css]
[pastorscott/speaking/index.php/author/grscott/page/11/index.html]
[pastorscott/speaking/wp-content/uploads/dynamic-mobmenue07b.css]
[pastorscott/speaking/index.php/category/ministerially_speaking/page/11/index.html]
[pastorscott/speaking/index.php/page/12/index.html]
[pastorscott/speaking/wp-content/uploads/dynamic-mobmenu86ea.css]
[pastorscott/speaking/index.php/author/grscott/page/12/index.html]
[pastorscott/speaking/wp-content/uploads/dynamic-mobmenuaa2e.css]
[pastorscott/speaking/index.php/category/ministerially_speaking/page/12/index.html]
[pastorscott/speaking/wp-content/uploads/dynamic-mobmenu1799.css]
[pastorscott/speaking/index.php/page/13/index.html]
[pastorscott/speaking/wp-content/uploads/dynamic-mobmenu501e.css]
[pastorscott/speaking/index.php/author/grscott/page/13/index.html]
[pastorscott/speaking/wp-content/uploads/dynamic-mobmenu0afd.css]
[pastorscott/speaking/index.php/category/ministerially_speaking/page/13/index.html]
[pastorscott/speaking/wp-content/uploads/dynamic-mobmenub518.css]
[pastorscott/speaking/wp-content/uploads/dynamic-mobmenub3ad.css]
