[backblue.gif]
[fade.gif]
[index.html]
[web/images/jquery.minf43b.js]
[web/images/klass.min8d18.js]
[web/index-2.html]
[web/images/jquery.easing5152.js]
[web/images/modernizr1e39.js]
[web/images/mobmenu5e0b.js]
[web/images/girl.png]
[web/images/notredame.jpg]
[web/images/xmlrpc0db0.php]
[web/index-3.html]
[web/images/coronverses43.png]
[web/images/coronverses42.png]
[web/images/coronverses41.png]
[web/images/coronverses40.png]
[web/images/coronverses39.png]
[web/images/coronverses38.png]
[web/index.html]
[web/images/1766.json]
[web/images/embedb966.json]
[web/images/embed7068]
[web/images/20230101_114211-scaled.jpg]
[web/images/black-bkg-grc-medium.jpg]
[web/images/quill-pen-150x104.jpg]
[web/images/img_20190627_172732.jpg]
[web/index-4.html]
[web/index-5.html]
[web/images/embedc9e2.json]
[web/images/embed048f]
[web/images/3507.json]
[web/images/3306.json]
[web/index-6.html]
[web/images/3.json]
[web/index-7.html]
[web/images/623.json]
[web/index-8.html]
[web/images/15.json]
[web/images/photo.jpg]
[web/images/checkmark.png]
[web/images/facebook-mobile-app-820x4201.jpg]
[web/images/thimbles-300x207.jpg]
[web/images/logo-pastor_appreciation_month-300x165.jpg]
[web/index-10.html]
[web/images/lets_make_a_deal_doors.jpg]
[web/index-11.html]
[web/images/clearlakenaz.44.delayed]
[web/index-12.html]
[web/index-13.html]
[web/images/embed702f.json]
[web/images/embed4625]
[web/index-121.html]
[web/images/coronverses04.png]
[web/index-123.html]
[web/index-125.html]
[web/index-14.html]
[web/index-15.html]
[web/images/2013-07-04 12.11.39.jpg]
[web/index-137.html]
[web/images/72.json]
[web/index-16.html]
[web/images/80.json]
[web/index-140.html]
[web/images/969.json]
[web/images/embedc7dd.json]
[web/images/embedcc6a]
[web/index-17.html]
[web/index-145.html]
[web/images/1.json]
[web/index-18.html]
[web/images/2013-02-06 12.10.01.jpg]
[web/index-160.html]
[web/images/78.json]
[web/images/142.json]
[web/images/2013-02-06-12.10.01.jpg]
[web/index-161.html]
[web/images/193.json]
[web/images/3084.json]
[web/index-162.html]
[web/images/embedade5.json]
[web/images/2013-02-06 12.10.51.jpg]
[web/images/embed7030]
[web/images/40.json]
[web/index-163.html]
[web/images/2013-02-06-12.10.51.jpg]
[web/images/2013-02-06 12.11.04.jpg]
[web/index-19.html]
[web/images/2013-02-06 12.10.19.jpg]
[web/index-20.html]
[web/index-21.html]
[web/images/267.json]
[web/index-171.html]
[web/index-22.html]
[web/index-176.html]
[web/images/301.json]
[web/index-23.html]
[web/index-24.html]
[web/index-181.html]
[web/images/330.json]
[web/images/368.json]
[web/images/3062.json]
[web/index-185.html]
[web/images/embedcc18.json]
[web/images/embedfba3]
[web/images/coronverses37.png]
[web/index-186.html]
[web/images/621.json]
[web/images/coronverses36.png]
[web/index-25.html]
[web/images/coronverses35.png]
[web/index-26.html]
[web/index-27.html]
[web/images/embed2575.json]
[web/images/3058.json]
[web/images/embed532c]
[web/images/3056.json]
[web/index-28.html]
[web/images/embeddc3b.json]
[web/images/embed21b5]
[web/images/3054.json]
[web/index-29.html]
[web/index-30.html]
[web/images/embedf7af]
[web/index-31.html]
[web/images/3052.json]
[web/images/embedfff6.json]
[web/images/embeda59c.json]
[web/images/embed9425]
[web/images/3050.json]
[web/images/coronverses34.png]
[web/images/embed026b.json]
[web/images/coronverses33.png]
[web/images/embedeb48]
[web/images/coronverses32.png]
[web/images/3048.json]
[web/images/coronverses31.png]
[web/images/coronverses30.png]
[web/images/embed980f.json]
[web/images/coronverses29.png]
[web/images/embed1007]
[web/images/coronverses28.png]
[web/index-32.html]
[web/indexf770.html]
[web/index60a4.html]
[web/index-33.html]
[web/index-34.html]
[web/images/pb232830.jpg]
[web/index-199.html]
[web/images/9.json]
[web/images/pb232830-2.jpg]
[web/index-201.html]
[web/images/11.json]
[web/images/pc012849.jpg]
[web/index-203.html]
[web/images/pc012849-2.jpg]
[web/images/25.json]
[web/images/pc012851.jpg]
[web/images/pc012851-2.jpg]
[web/images/pc012861.jpg]
[web/images/pc012861-2.jpg]
[web/images/pbp.gif]
[web/index-35.html]
[web/index-36.html]
[web/images/50.json]
[web/index-205.html]
[web/images/phineas-bresee.jpg]
[web/index-37.html]
[web/images/53.json]
[web/index-206.html]
[web/index-208.html]
[web/images/61.json]
[web/images/photo_20140502_173747.8e.delayed]
[web/index-38.html]
[web/index-39.html]
[web/index-40.html]
[web/index-41.html]
[web/images/64.json]
[web/images/69.json]
[web/index-42.html]
[web/index-211.html]
[web/index-213.html]
[web/index-215.html]
[web/images/82.json]
[web/images/85.json]
[web/index-43.html]
[web/index-216.html]
[web/index-217.html]
[web/index-44.html]
[web/images/93.json]
[web/index-45.html]
[web/index-46.html]
[web/index-219.html]
[web/images/95.json]
[web/index-221.html]
[web/images/102.json]
[web/index-47.html]
[web/index-48.html]
[web/index-49.html]
[web/images/104.json]
[web/index-223.html]
[web/index-50.html]
[web/images/105.json]
[web/index-228.html]
[web/index-51.html]
[web/index-229.html]
[web/images/arose.jpg]
[web/images/113.json]
[web/index-230.html]
[web/images/117.json]
[web/index-52.html]
[web/index-231.html]
[web/index-53.html]
[web/images/122.json]
[web/images/133.json]
[web/index-232.html]
[web/index-54.html]
[web/index-55.html]
[web/index-56.html]
[web/index-235.html]
[web/images/135.json]
[web/index-57.html]
[web/index-237.html]
[web/images/136.json]
[web/index-238.html]
[web/images/140.json]
[web/index-58.html]
[web/index-59.html]
[web/index-240.html]
[web/index-60.html]
[web/images/152.json]
[web/index-241.html]
[web/index-61.html]
[web/images/153.json]
[web/index-243.html]
[web/images/165.json]
[web/index-62.html]
[web/index-245.html]
[web/index-63.html]
[web/index-64.html]
[web/images/166.json]
[web/index-247.html]
[web/images/168.json]
[web/index-65.html]
[web/images/169.json]
[web/index-66.html]
[web/index-67.html]
[web/index-248.html]
[web/index-249.html]
[web/index-68.html]
[web/images/170.json]
[web/images/171.json]
[web/index-251.html]
[web/index-69.html]
[web/index-70.html]
[web/images/181.json]
[web/index-255.html]
[web/index-256.html]
[web/index-71.html]
[web/images/616.json]
[web/index-72.html]
[web/images/185.json]
[web/index-257.html]
[web/index-258.html]
[web/images/202.json]
[web/index-73.html]
[web/index-74.html]
[web/index-75.html]
[web/images/203.json]
[web/index-259.html]
[web/index-76.html]
[web/index-77.html]
[web/index-78.html]
[web/index-263.html]
[web/index-79.html]
[web/images/205.json]
[web/images/215.json]
[web/images/216.json]
[web/index-264.html]
[web/index-265.html]
[web/images/218.json]
[web/index-80.html]
[web/index-268.html]
[web/index-269.html]
[web/images/219.json]
[web/index-81.html]
[web/images/220.json]
[web/index-270.html]
[web/index-82.html]
[web/index-273.html]
[web/images/229.json]
[web/index-83.html]
[web/index-274.html]
[web/index-84.html]
[web/images/232.json]
[web/index-276.html]
[web/images/233.json]
[web/index-85.html]
[web/index-86.html]
[web/index-87.html]
[web/images/234.json]
[web/images/235.json]
[web/index-88.html]
[web/index-89.html]
[web/index-90.html]
[web/index-277.html]
[web/index-279.html]
[web/index-280.html]
[web/index-91.html]
[web/images/239.json]
[web/images/249.json]
[web/index-283.html]
[web/index-92.html]
[web/images/251.json]
[web/index-284.html]
[web/index-285.html]
[web/images/253.json]
[web/index-93.html]
[web/index-94.html]
[web/index-95.html]
[web/images/255.json]
[web/index-286.html]
[web/index-288.html]
[web/images/457.json]
[web/index-289.html]
[web/index-96.html]
[web/images/257.json]
[web/index-290.html]
[web/index-97.html]
[web/index-98.html]
[web/images/262.json]
[web/index-291.html]
[web/index-99.html]
[web/images/268.json]
[web/index-292.html]
[web/index-100.html]
[web/images/272.json]
[web/index-294.html]
[web/images/277.json]
[web/index-101.html]
[web/images/279.json]
[web/index-295.html]
[web/index-102.html]
[web/index-103.html]
[web/index-104.html]
[web/images/282.json]
[web/index-297.html]
[web/index-296.html]
[web/index-105.html]
[web/images/286.json]
[web/index-298.html]
[web/index-106.html]
[web/images/297.json]
[web/index-107.html]
[web/index-299.html]
[web/images/298.json]
[web/index-300.html]
[web/index-108.html]
[web/index-109.html]
[web/index-110.html]
[web/images/302.json]
[web/index-111.html]
[web/index-304.html]
[web/images/305.json]
[web/index-112.html]
[web/index-113.html]
[web/index-114.html]
[web/images/306.json]
[web/index-306.html]
[web/index-115.html]
[web/index-116.html]
[web/images/304.json]
[web/images/307.json]
[web/images/327.json]
[web/index-307.html]
[web/index-308.html]
[web/index-309.html]
[web/index-311.html]
[web/images/329.json]
[web/index-117.html]
[web/index-118.html]
[web/index-119.html]
[web/index-314.html]
[web/images/331.json]
[web/index-120.html]
[web/index8a01.html]
[web/index-317.html]
[web/index-122.html]
[web/images/334.json]
[web/index-318.html]
[web/images/337.json]
[web/images/346.json]
[web/index-319.html]
[web/images/459.json]
[web/index-320.html]
[web/index-321.html]
[web/index-124.html]
[web/images/347.json]
[web/index-322.html]
[web/images/357.json]
[web/index-126.html]
[web/images/458.json]
[web/index-127.html]
[web/index-128.html]
[web/index-324.html]
[web/index-129.html]
[web/images/358.json]
[web/images/359.json]
[web/index-130.html]
[web/index-325.html]
[web/index-327.html]
[web/index-326.html]
[web/images/360.json]
[web/index-328.html]
[web/images/362.json]
[web/index-131.html]
[web/index-132.html]
[web/images/363.json]
[web/index-329.html]
[web/index-330.html]
[web/images/366.json]
[web/index-133.html]
[web/index-134.html]
[web/images/389.json]
[web/index-331.html]
[web/index-332.html]
[web/index-135.html]
[web/images/391.json]
[web/index-333.html]
[web/index-136.html]
[web/index-138.html]
[web/images/393.json]
[web/index-334.html]
[web/index-139.html]
[web/images/397.json]
[web/index-335.html]
[web/index-141.html]
[web/images/439.json]
[web/index-142.html]
[web/images/2919.json]
[web/index-143.html]
[web/index-144.html]
[web/indexb2a8.html]
[web/index-146.html]
[web/images/embed2d9a.json]
[web/images/embed2c8a]
[web/index-147.html]
[web/images/2833.json]
[web/images/embed9d93.json]
[web/images/embed1e55]
[web/images/2758.json]
[web/index-148.html]
[web/images/embed26c6]
[web/images/embeda1c6.json]
[web/images/2570.json]
[web/index-149.html]
[web/images/embed0030.json]
[web/index-150.html]
[web/images/embed29dc]
[web/index-341.html]
[web/images/2259.json]
[web/images/618.json]
[web/index-151.html]
[web/index-152.html]
[web/index-153.html]
[web/images/embed2852.json]
[web/images/embed5d30]
[web/index-154.html]
[web/images/2240.json]
[web/images/embedc6a6.json]
[web/index-155.html]
[web/images/2221.json]
[web/images/embed779d]
[web/images/embed7df0.json]
[web/images/embed48f2]
[web/index-156.html]
[web/index-157.html]
[web/images/2132.json]
[web/images/embed890e.json]
[web/index-158.html]
[web/index-159.html]
[web/indexcb51.html]
[web/index-164.html]
[web/index-165.html]
[web/images/embed66ab]
[web/images/embede797]
[web/index-342.html]
[web/images/448.json]
[web/images/embed203a.json]
[web/images/782.json]
[web/images/embed17fd.json]
[web/images/embedd059]
[web/images/2257.json]
[web/index-166.html]
[web/index-167.html]
[web/images/2893.json]
[web/images/embed901a]
[web/images/embed9473.json]
[web/images/2553.json]
[web/index-168.html]
[web/images/embed8250]
[web/images/embed971b.json]
[web/index-169.html]
[web/index-343.html]
[web/images/466.json]
[web/images/1453.json]
[web/index-170.html]
[web/images/embed95b0.json]
[web/index-172.html]
[web/index-173.html]
[web/images/embedfa8c]
[web/images/2972.json]
[web/images/embeda55a.json]
[web/index-174.html]
[web/index-175.html]
[web/index-177.html]
[web/images/embed4ae0]
[web/index-178.html]
[web/images/2540.json]
[web/images/embed5d69.json]
[web/index-179.html]
[web/images/2653.json]
[web/images/embedb1b7]
[web/images/embed7296.json]
[web/index-180.html]
[web/index-182.html]
[web/images/2342.json]
[web/images/embed2869]
[web/index-183.html]
[web/images/embed41b5.json]
[web/index-184.html]
[web/indexfc9e.html]
[web/index-187.html]
[web/index-188.html]
[web/index-189.html]
[web/images/embed1c9e]
[web/index-346.html]
[web/index-347.html]
[web/images/421.json]
[web/images/embed9777.json]
[web/images/460.json]
[web/images/2179.json]
[web/images/embed87d0]
[web/index-348.html]
[web/images/452.json]
[web/index-349.html]
[web/images/coronverses27.png]
[web/images/451.json]
[web/images/coronverses26.png]
[web/images/coronverses25.png]
[web/index-350.html]
[web/index-190.html]
[web/index4144.html]
[web/index01aa.html]
[web/index5dc8.html]
[web/index56f2.html]
[web/index275d.html]
[web/indexd9e7.html]
[web/index-191.html]
[web/index-192.html]
[web/images/embedb4b1.json]
[web/images/450.json]
[web/images/453.json]
[web/images/2173.json]
[web/images/embed7cd0]
[web/index-351.html]
[web/images/449.json]
[web/index-352.html]
[web/images/embedfcf3.json]
[web/images/2346.json]
[web/images/embeddf83]
[web/index-193.html]
[web/images/1437.json]
[web/index-194.html]
[web/index-195.html]
[web/images/embede636.json]
[web/index-196.html]
[web/images/1394.json]
[web/images/embed5d8c]
[web/index-197.html]
[web/images/embed9488]
[web/images/embed5734.json]
[web/images/1273.json]
[web/images/embed892f.json]
[web/images/embeda5a3]
[web/images/coronverses24.png]
[web/index-353.html]
[web/images/432.json]
[web/images/coronverses23.png]
[web/images/785.json]
[web/images/coronverses22.png]
[web/images/coronverses21.png]
[web/images/embeda4b4.json]
[web/images/coronverses20.png]
[web/images/embed0074]
[web/images/coronverses19.png]
[web/index-354.html]
[web/images/395.json]
[web/images/2614.json]
[web/images/coronverses18.png]
[web/index-198.html]
[web/index-200.html]
[web/images/embedc32c.json]
[web/index-202.html]
[web/images/embed7993]
[web/images/2285.json]
[web/index-204.html]
[web/images/embed2353.json]
[web/index-207.html]
[web/index-209.html]
[web/images/2217.json]
[web/images/embed0177]
[web/index-210.html]
[web/images/embed3c72.json]
[web/images/embedca3d]
[web/index-355.html]
[web/index-212.html]
[web/images/2544.json]
[web/images/431.json]
[web/images/embed8626.json]
[web/images/embedf6df]
[web/images/2655.json]
[web/index-214.html]
[web/images/embed1ca1.json]
[web/index-218.html]
[web/index-220.html]
[web/images/embede399]
[web/images/2591.json]
[web/images/embedf7c1.json]
[web/images/embed16ec]
[web/index-222.html]
[web/index-224.html]
[web/index-225.html]
[web/index-226.html]
[web/index-227.html]
[web/index-233.html]
[web/images/1818.json]
[web/index-234.html]
[web/images/embedc0f3]
[web/images/3046.json]
[web/images/embed526a.json]
[web/images/embed0f6b]
[web/images/1803.json]
[web/images/embed8599.json]
[web/images/embede929.json]
[web/images/embed02d2]
[web/index-236.html]
[web/images/3044.json]
[web/images/embedfb0c.json]
[web/index-239.html]
[web/index-242.html]
[web/images/embedfccd]
[web/images/3040.json]
[web/index-244.html]
[web/index-246.html]
[web/index-250.html]
[web/index-252.html]
[web/index-253.html]
[web/index-254.html]
[web/index-260.html]
[web/index-261.html]
[web/images/embed9a97.json]
[web/images/embedcc98]
[web/images/3031.json]
[web/images/embed236a]
[web/index-262.html]
[web/index-266.html]
[web/index-267.html]
[web/images/3038.json]
[web/images/embed0e0c]
[web/images/3035.json]
[web/images/embedd1ac.json]
[web/images/3033.json]
[web/images/embed4096]
[web/images/embedcc64.json]
[web/images/embed9484.json]
[web/images/3028.json]
[web/images/embede2e5.json]
[web/images/embed0d46]
[web/images/embed627a.json]
[web/index-271.html]
[web/index-272.html]
[web/index-275.html]
[web/images/3026.json]
[web/images/embed62e9]
[web/images/embed26d8.json]
[web/index-278.html]
[web/images/embed8e08]
[web/images/3024.json]
[web/images/embed70b9.json]
[web/images/embedf4fb]
[web/index-281.html]
[web/index-282.html]
[web/index-287.html]
[web/images/817.json]
[web/images/embed3d99.json]
[web/index-293.html]
[web/index-301.html]
[web/index-302.html]
[web/index-303.html]
[web/index-305.html]
[web/images/embeda561]
[web/images/802.json]
[web/images/embede0e3.json]
[web/index-310.html]
[web/images/2277.json]
[web/images/embed65ae]
[web/images/embedb3cb.json]
[web/images/901.json]
[web/images/embedae6c.json]
[web/images/embed689b]
[web/images/1805.json]
[web/images/embed5c82]
[web/images/embed4ab9.json]
[web/index-312.html]
[web/images/embed5b30]
[web/images/1695.json]
[web/images/embed1dcf.json]
[web/images/embed98f9]
[web/images/1392.json]
[web/index-313.html]
[web/images/embed278a.json]
[web/images/embedb4c7]
[web/index-315.html]
[web/index-316.html]
[web/images/801.json]
[web/images/embed2510.json]
[web/images/embed73f2]
[web/images/1465.json]
[web/index-323.html]
[web/images/embed7dd4.json]
[web/images/embede852]
[web/index-336.html]
[web/index-337.html]
[web/index-338.html]
[web/index-339.html]
[web/indexccfb.html]
[web/images/2632.json]
[web/images/embedd7d3.json]
[web/images/embedafd7]
[web/images/806.json]
[web/images/embed39b6.json]
[web/images/embed5ba0]
[web/images/coronverses1.png]
[web/index-340.html]
[web/index7994.html]
[web/indexc446.html]
[web/index151a.html]
[web/indexaaa5.html]
[web/index52de.html]
[web/index4775.html]
[web/indexee0c.html]
[web/indexbe4b.html]
[web/indexe83f.html]
[web/indexa896.html]
[web/index605c.html]
[web/index2582.html]
[web/index4e45.html]
[web/images/coronverses3.png]
[web/index-344.html]
[web/images/2744.json]
[web/images/embed2e2e.json]
[web/images/2536.json]
[web/images/1439.json]
[web/images/embed0fb7]
[web/images/embed1346]
[web/images/embedfc8e]
[web/images/embedd296.json]
[web/images/2626.json]
[web/images/embed8041.json]
[web/images/embedd67a.json]
[web/images/embed384e]
[web/images/embed5013.json]
[web/images/embed70f7]
[web/images/1441.json]
[web/images/2748.json]
[web/images/embed161e.json]
[web/images/coronverses05.png]
[web/images/embed6b1c]
[web/index-345.html]
[web/index976f.html]
[web/index3a9c.html]
[web/images/793.json]
[web/indexeeae.html]
[web/indexa6b4.html]
[web/images/embed88e7.json]
[web/images/embed8add]
[web/indexf72f.html]
[web/index85f6.html]
[web/images/1413.json]
[web/index7979.html]
[web/images/embed67b4.json]
[web/indexcff5.html]
[web/images/embed0c5f]
[web/indexe6c6.html]
[web/images/781.json]
[web/index6996.html]
[web/index1697.html]
[web/images/embed2857.json]
[web/index7f8f.html]
[web/images/embede8e4]
[web/indexe1a1.html]
[web/images/835.json]
[web/index16e3.html]
[web/index486d.html]
[web/images/embed1b3f.json]
[web/indexecda.html]
[web/images/embede62e]
[web/images/843.json]
[web/index-356.html]
[web/index-357.html]
[web/indexb4ea.html]
[web/index477d.html]
[web/index17f8.html]
[web/index08a9.html]
[web/index1142.html]
[web/index-358.html]
[web/index-359.html]
[web/index-360.html]
[web/images/embed7589.json]
[web/images/embed7ccd]
[web/images/805.json]
[web/images/embedf825.json]
[web/images/embed0775]
[web/images/1798.json]
[web/images/embed958d.json]
[web/images/embed9f2e]
[web/images/1796.json]
[web/images/embedca78.json]
[web/images/embed0872]
[web/images/1794.json]
[web/images/coronverses17.png]
[web/images/embedfc39.json]
[web/images/embedeff8]
[web/images/coronverses16.png]
[web/images/803.json]
[web/images/embeda461.json]
[web/images/embed9ac8]
[web/images/788.json]
[web/images/coronverses15.png]
[web/index-361.html]
[web/images/embed15d9.json]
[web/indexe6ee.html]
[web/images/embed05c6]
[web/index8192.html]
[web/index-370.html]
[web/index3d31.html]
[web/images/406.json]
[web/index0fef.html]
[web/index3c52.html]
[web/images/819.json]
[web/index3408.html]
[web/images/embede0e3-2.json]
[web/index7b41.html]
[web/images/embed5009]
[web/images/813.json]
[web/index-362.html]
[web/index-363.html]
[web/index-364.html]
[web/index-365.html]
[web/images/embed8860.json]
[web/images/embed5c12]
[web/index-366.html]
[web/images/embedb582.json]
[web/images/embedc3ba]
[web/images/1387.json]
[web/index-367.html]
[web/images/438.json]
[web/index-371.html]
[web/images/853.json]
[web/index-368.html]
[web/images/embed999f]
[web/images/embed5518.json]
[web/images/799.json]
[web/images/coronverses14.png]
[web/images/coronverses13.png]
[web/images/embed40b6.json]
[web/images/embedac86]
[web/images/865.json]
[web/images/embed490a.json]
[web/images/coronverses12.png]
[web/images/embed8650]
[web/index-372.html]
[web/images/394.json]
[web/images/coronverses11.png]
[web/images/1784.json]
[web/images/coronverses10.png]
[web/images/embed2324.json]
[web/images/embedafed]
[web/images/1789.json]
[web/images/embed127c.json]
[web/images/embed6590]
[web/images/coronverses09.png]
[web/images/1525.json]
[web/images/embed5472.json]
[web/images/embedebc4]
[web/images/1360.json]
[web/images/coronverses08.png]
[web/index-369.html]
[web/images/embede7d6.json]
[web/indexeba0.html]
[web/images/embedb420]
[web/indexe98c.html]
[web/images/1353.json]
[web/indexead7.html]
[web/indexaf4f.html]
[web/indexf4ac.html]
[web/indexef72.html]
[web/indexd486.html]
[web/indexa013.html]
[web/index209a.html]
[web/index4592.html]
[web/index20df.html]
[web/index21a5.html]
[web/indexb280.html]
[web/indexe445.html]
[web/index3898.html]
[web/index3d4f.html]
[web/indexcde5.html]
[web/index01f7.html]
[web/indexc190.html]
[web/index4aec.html]
[web/index7a13.html]
[web/index6a26.html]
[web/index028e.html]
[web/indexe23a.html]
[web/index922d.html]
[web/index4b30.html]
[web/index9628.html]
[web/indexc2d1.html]
[web/index094a.html]
[web/index9ab8.html]
[web/indexbb3a.html]
[web/index9fe1.html]
[web/indexa49c.html]
[web/images/embed7a9b.json]
[web/images/809.json]
[web/images/embed3ce6.json]
[web/index-374.html]
[web/index2d45.html]
[web/index-373.html]
[web/images/400.json]
[web/images/embed7265.json]
[web/images/795.json]
[web/images/embed5805.json]
[web/images/embedff78]
[web/images/456.json]
[web/images/embedea99]
[web/images/619.json]
[web/images/embedcc9b]
[web/images/embed595b]
[web/images/embed3936]
[web/images/embed2e1e]
[web/images/embed0f4a.json]
[web/images/embed6857]
[web/images/2219.json]
[web/images/2599.json]
[web/images/embed5d45.json]
[web/images/embed9034]
[web/index-375.html]
[web/images/embedc119.json]
[web/index-380.html]
[web/images/embed5567]
[web/images/embede700.json]
[web/images/embedbea2.json]
[web/indexbf1a.html]
[web/images/3022.json]
[web/images/embed00d5.json]
[web/images/2209.json]
[web/images/embed12a5]
[web/images/1620.json]
[web/index3dfd.html]
[web/images/399.json]
[web/images/2966.json]
[web/images/2970.json]
[web/images/embed6771.json]
[web/images/2974.json]
[web/images/embedaa8a]
[web/images/3020.json]
[web/indexe2de.html]
[web/index1ce4.html]
[web/images/embede4b1.json]
[web/index2193.html]
[web/images/embed8419]
[web/index043e.html]
[web/images/3018.json]
[web/indexf53a.html]
[web/index4a9b.html]
[web/images/embed057b.json]
[web/images/embed3d3d]
[web/index6617.html]
[web/index692b.html]
[web/index-376.html]
[web/images/3016.json]
[web/index-377.html]
[web/index97c4.html]
[web/images/embed800e]
[web/images/embed33bd.json]
[web/images/3013.json]
[web/images/coronverses2.png]
[web/index-378.html]
[web/index9a07.html]
[web/images/embed3bd7.json]
[web/index2870.html]
[web/images/embed772a]
[web/images/3011.json]
[web/images/embed8d59.json]
[web/images/embed26d0]
[web/images/3009.json]
[web/images/coronverses06.png]
[web/index-379.html]
[web/index8df3.html]
[web/images/embed860e.json]
[web/index9d51.html]
[web/images/embed2bba]
[web/index2941.html]
[web/images/3006.json]
[web/index7adf.html]
[web/images/embed4299.json]
[web/images/embed73f3]
[web/images/3004.json]
[web/index-381.html]
[web/index-382.html]
[web/images/embeda639.json]
[web/images/embed973b]
[web/index-383.html]
[web/images/3002.json]
[web/images/embedef76.json]
[web/images/embedb56a]
[web/images/coronverses07.png]
[web/index-384.html]
[web/indexc794.html]
[web/indexb5e2.html]
[web/indexbd4e.html]
[web/indexf65c.html]
[web/indexe820.html]
[web/indexea5a.html]
[web/indexafaa.html]
[web/images/2968.json]
[web/images/embed4005.json]
[web/images/embed7f11]
[web/images/2976.json]
[web/index-385.html]
[web/images/embedf660.json]
[web/images/embedcfb5]
[web/images/3000.json]
[web/images/embed8d9b.json]
[web/images/embed35a5]
[web/images/2997.json]
[web/index-386.html]
[web/images/embed3444.json]
[web/images/2995.json]
[web/images/embed1c1c]
[web/images/embed30a3.json]
[web/images/embede808]
[web/index-387.html]
[web/index-388.html]
[web/images/2993.json]
[web/images/embeddd2a.json]
[web/images/embed222f]
[web/images/2991.json]
[web/images/embedd3c1.json]
[web/images/embed0d8c]
[web/index-389.html]
[web/images/2989.json]
[web/images/embed4fc9.json]
[web/index-390.html]
[web/index-391.html]
[web/index-392.html]
[web/images/embed1f56]
[web/images/2987.json]
[web/images/embed76cc.json]
[web/images/embede643]
[web/index-393.html]
[web/index-394.html]
[web/images/2984.json]
[web/images/embed9f23.json]
[web/images/embed3a76]
[web/index-395.html]
[web/indexcffa.html]
[web/indexaa2d.html]
[web/index-396.html]
[web/indexf745.html]
[web/indexa4d5.html]
[web/index1b7a.html]
[web/images/2982.json]
[web/index-397.html]
[web/images/embed40be.json]
[web/images/embed3fa0]
[web/images/622.json]
[web/images/2980.json]
[web/index-398.html]
[web/images/embed1ba6.json]
[web/index00b0.html]
[web/images/embed6b96]
[web/indexc119.html]
[web/indexe4fe.html]
[web/index3ae6.html]
[web/index2cb4.html]
[web/indexc3b1.html]
[web/images/2978.json]
[web/indexdf1a.html]
[web/images/embed31c0.json]
[web/images/embed31c1]
[web/index-399.html]
[web/index-400.html]
[web/index-401.html]
[web/indexae17.html]
[web/index-402.html]
[web/index-403.html]
[web/index-404.html]
[web/index-405.html]
[web/index-406.html]
[web/index-407.html]
[web/index-408.html]
[web/index-409.html]
[web/index-410.html]
[web/index-411.html]
[web/index-412.html]
[web/index-413.html]
[web/index-414.html]
[web/index-415.html]
[web/index-416.html]
[web/index-417.html]
[web/index-418.html]
[web/index-419.html]
[web/index-420.html]
[web/index-421.html]
[web/index-422.html]
[web/images/pe2-display8ce6.css]
[web/images/photoswipe8d18.css]
[web/images/style.min1e39.css]
[web/images/admin-block5152.css]
[web/images/fontawesome-webfont3295.eot]
[web/images/fontawesome-webfontd41d.eot]
[web/images/fontawesome-webfont3295.woff2]
[web/images/fontawesome-webfont3295.woff]
[web/images/font-awesome.min11b8.css]
[web/images/hover5152.css]
[web/images/click-top-style97e1.css]
[web/images/fa-brands-400.eot]
[web/images/all05c8.css]
[web/images/slicknav68b3.css]
[web/images/blockbab4.css]
[web/images/jquery-migrate.min5589.js]
[web/images/style1e39.css]
[web/images/responsivebab4.css]
[web/images/code.photoswipe.jquery-3.0.5.min8d18.js]
[web/images/custom_script1e39.css]
[web/images/dynamic-mobmenu9daf.css]
[web/images/jquery.scrollup5152.js]
[web/images/mobmenu327f.woff2]
[web/images/mobmenu-icons1e39.css]
[web/images/mobmenu5e0b.css]
[web/index-3.html]
[web/images/skip-link-focus-fixbab4.js]
[web/images/jquery.slicknav4a7d.js]
[web/images/mainbab4.js]
[web/index-8.html]
[web/images/embed7068]
[web/images/embed7068]
[web/images/20230101_114211-scaled.jpg]
[web/images/black-bkg-grc-medium.jpg]
[web/images/quill-pen-150x104.jpg]
[web/images/coronverses43.png]
[web/images/coronverses42.png]
[web/images/coronverses41.png]
[web/images/coronverses38.png]
[web/images/coronverses40.png]
[web/images/coronverses39.png]
[web/images/img_20190627_172732.jpg]
[web/images/20230101_114211-1024x768.jpg]
[web/index-19.html]
[web/images/embedc9e2.json]
[web/images/embedc9e2.json]
[web/images/3507.json]
[web/images/embed048f]
[web/images/embed048f]
[web/images/embed702f.json]
[web/images/embed702f.json]
[web/images/embed4625]
[web/images/embed4625]
[web/index-27.html]
[web/index-121.html]
[web/index-123.html]
[web/index-125.html]
[web/index-28.html]
[web/index-29.html]
[web/index-137.html]
[web/images/72.json]
[web/images/72.json]
[web/index-30.html]
[web/index-140.html]
[web/images/80.json]
[web/images/80.json]
[web/img_2465.html]
[web/100_3734.html]
[web/images/969.json]
[web/images/969.json]
[web/photo_20150130_145029.html]
[web/index-31.html]
[web/images/embedc7dd.json]
[web/images/embedc7dd.json]
[web/images/embedcc6a]
[web/images/embedcc6a]
[web/index-145.html]
[web/images/1.json]
[web/images/1.json]
[web/index-160.html]
[web/images/photo.jpg]
[web/images/coronverses04.png]
[web/images/2013-07-04 12.11.39.jpg]
[web/index-32.html]
[web/images/dynamic-mobmenuaaf8.css]
[web/images/78.json]
[web/images/78.json]
[web/index-161.html]
[web/indexf770.html]
[web/images/dynamic-mobmenu4e9b.css]
[web/images/142.json]
[web/images/142.json]
[web/images/193.json]
[web/images/193.json]
[web/index-162.html]
[web/images/3084.json]
[web/images/3084.json]
[web/index60a4.html]
[web/images/embedade5.json]
[web/images/embedade5.json]
[web/images/embed7030]
[web/images/embed7030]
[web/index-163.html]
[web/images/40.json]
[web/images/40.json]
[web/images/2013-02-06 12.10.01.jpg]
[web/images/2013-02-06 12.10.51.jpg]
[web/index-33.html]
[web/images/dynamic-mobmenu2046.css]
[web/images/2013-02-06-12.10.19.jpg]
[web/images/2013-02-06-12.11.04.jpg]
[web/images/2013-02-06 12.11.04.jpg]
[web/images/2013-02-06 12.10.19.jpg]
[web/index8a01.html]
[web/images/dynamic-mobmenuf96f.css]
[web/images/267.json]
[web/images/267.json]
[web/index-171.html]
[web/index-176.html]
[web/images/301.json]
[web/images/301.json]
[web/index-122.html]
[web/images/dynamic-mobmenuc73e.css]
[web/index-181.html]
[web/images/330.json]
[web/images/330.json]
[web/index-185.html]
[web/images/368.json]
[web/images/368.json]
[web/index-124.html]
[web/images/dynamic-mobmenuf50d.css]
[web/images/3062.json]
[web/images/3062.json]
[web/images/embedcc18.json]
[web/images/embedcc18.json]
[web/images/embedfba3]
[web/images/embedfba3]
[web/index-186.html]
[web/images/621.json]
[web/images/621.json]
[web/images/3058.json]
[web/images/3058.json]
[web/images/embed2575.json]
[web/images/embed2575.json]
[web/images/embed532c]
[web/images/embed532c]
[web/index-126.html]
[web/images/3056.json]
[web/images/3056.json]
[web/images/embeddc3b.json]
[web/images/embeddc3b.json]
[web/images/embed21b5]
[web/images/embed21b5]
[web/images/3054.json]
[web/images/3054.json]
[web/images/embedfff6.json]
[web/images/embedfff6.json]
[web/images/embedf7af]
[web/images/embedf7af]
[web/index-128.html]
[web/images/3052.json]
[web/images/3052.json]
[web/images/embed9425]
[web/images/embed9425]
[web/images/embeda59c.json]
[web/images/embeda59c.json]
[web/images/3050.json]
[web/images/3050.json]
[web/images/embed026b.json]
[web/images/embed026b.json]
[web/images/embedeb48]
[web/images/embedeb48]
[web/images/3048.json]
[web/images/3048.json]
[web/images/embed980f.json]
[web/images/embed980f.json]
[web/images/embed1007]
[web/images/embed1007]
[web/index-132.html]
[web/index-133.html]
[web/index-199.html]
[web/images/9.json]
[web/images/9.json]
[web/index-201.html]
[web/images/11.json]
[web/images/11.json]
[web/index-203.html]
[web/images/25.json]
[web/images/25.json]
[web/images/pb232830.jpg]
[web/index-134.html]
[web/images/dynamic-mobmenued91.css]
[web/images/pb232830-2.jpg]
[web/images/pc012849.jpg]
[web/images/pc012849-2.jpg]
[web/images/pc012851.jpg]
[web/images/pc012851-2.jpg]
[web/images/pc012861-2.jpg]
[web/images/pbp.gif]
[web/index-205.html]
[web/images/pc012861.jpg]
[web/images/50.json]
[web/images/50.json]
[web/index-206.html]
[web/index-138.html]
[web/images/dynamic-mobmenuaccd.css]
[web/images/61.json]
[web/images/61.json]
[web/images/53.json]
[web/images/53.json]
[web/index-211.html]
[web/index-208.html]
[web/images/64.json]
[web/images/64.json]
[web/index-213.html]
[web/images/69.json]
[web/images/69.json]
[web/index-141.html]
[web/images/dynamic-mobmenu87be.css]
[web/index-215.html]
[web/index-216.html]
[web/images/82.json]
[web/images/82.json]
[web/images/85.json]
[web/images/85.json]
[web/index-217.html]
[web/images/93.json]
[web/images/93.json]
[web/index-219.html]
[web/images/95.json]
[web/images/95.json]
[web/indexb2a8.html]
[web/images/dynamic-mobmenu8a83.css]
[web/index-221.html]
[web/images/102.json]
[web/images/102.json]
[web/index-223.html]
[web/images/104.json]
[web/images/104.json]
[web/index-146.html]
[web/index-228.html]
[web/images/105.json]
[web/images/105.json]
[web/index-229.html]
[web/images/zachaeous.jpg]
[web/images/coronverses36.png]
[web/images/coronverses37.png]
[web/images/coronverses35.png]
[web/images/phineas-bresee.jpg]
[web/images/coronverses34.png]
[web/images/coronverses33.png]
[web/images/coronverses32.png]
[web/images/coronverses31.png]
[web/images/coronverses30.png]
[web/images/coronverses29.png]
[web/images/coronverses28.png]
[web/index-147.html]
[web/images/113.json]
[web/images/113.json]
[web/index-230.html]
[web/images/117.json]
[web/images/117.json]
[web/index-231.html]
[web/images/122.json]
[web/images/122.json]
[web/index-232.html]
[web/index-149.html]
[web/images/dynamic-mobmenua712.css]
[web/images/dynamic-mobmenubcb2.css]
[web/images/dynamic-mobmenu6d27.css]
[web/images/dynamic-mobmenu3217.css]
[web/images/133.json]
[web/images/133.json]
[web/index-235.html]
[web/indexcb51.html]
[web/images/dynamic-mobmenu97c1.css]
[web/images/135.json]
[web/images/135.json]
[web/index-237.html]
[web/images/136.json]
[web/images/136.json]
[web/index-238.html]
[web/images/140.json]
[web/images/140.json]
[web/index-240.html]
[web/images/152.json]
[web/images/152.json]
[web/index-241.html]
[web/images/153.json]
[web/images/153.json]
[web/index-164.html]
[web/index-243.html]
[web/images/165.json]
[web/images/165.json]
[web/index-245.html]
[web/images/166.json]
[web/images/166.json]
[web/index-247.html]
[web/images/168.json]
[web/images/168.json]
[web/index-165.html]
[web/index-248.html]
[web/images/dynamic-mobmenu999d.css]
[web/images/169.json]
[web/images/169.json]
[web/index-249.html]
[web/images/170.json]
[web/images/170.json]
[web/index-251.html]
[web/images/171.json]
[web/images/171.json]
[web/index-255.html]
[web/index-172.html]
[web/images/181.json]
[web/images/181.json]
[web/images/616.json]
[web/images/616.json]
[web/index-257.html]
[web/images/185.json]
[web/images/185.json]
[web/index-256.html]
[web/index-258.html]
[web/images/202.json]
[web/images/202.json]
[web/index-259.html]
[web/index-174.html]
[web/images/dynamic-mobmenu198f.css]
[web/images/203.json]
[web/images/203.json]
[web/images/205.json]
[web/images/205.json]
[web/index-263.html]
[web/index-264.html]
[web/images/215.json]
[web/images/215.json]
[web/index-265.html]
[web/images/216.json]
[web/images/216.json]
[web/index-268.html]
[web/index-177.html]
[web/images/218.json]
[web/images/218.json]
[web/images/dynamic-mobmenu7813.css]
[web/images/219.json]
[web/images/219.json]
[web/index-269.html]
[web/images/220.json]
[web/images/220.json]
[web/index-273.html]
[web/images/229.json]
[web/images/229.json]
[web/index-270.html]
[web/index-274.html]
[web/images/232.json]
[web/images/232.json]
[web/index-276.html]
[web/images/233.json]
[web/images/233.json]
[web/index-277.html]
[web/index-182.html]
[web/images/dynamic-mobmenu12e4.css]
[web/images/234.json]
[web/images/234.json]
[web/images/dynamic-mobmenu6d70.css]
[web/index-279.html]
[web/indexfc9e.html]
[web/images/235.json]
[web/images/235.json]
[web/images/dynamic-mobmenud33a.css]
[web/index-280.html]
[web/images/239.json]
[web/images/239.json]
[web/index-283.html]
[web/images/249.json]
[web/images/249.json]
[web/index-284.html]
[web/images/251.json]
[web/images/251.json]
[web/index-187.html]
[web/index-285.html]
[web/images/253.json]
[web/images/253.json]
[web/index-286.html]
[web/images/255.json]
[web/images/255.json]
[web/index-288.html]
[web/images/457.json]
[web/images/457.json]
[web/index-188.html]
[web/images/257.json]
[web/images/257.json]
[web/index-289.html]
[web/index-290.html]
[web/images/262.json]
[web/images/262.json]
[web/index-291.html]
[web/index-189.html]
[web/images/268.json]
[web/images/268.json]
[web/index-292.html]
[web/images/272.json]
[web/images/272.json]
[web/index-294.html]
[web/images/277.json]
[web/images/277.json]
[web/index-295.html]
[web/index-190.html]
[web/images/dynamic-mobmenubcb6.css]
[web/images/279.json]
[web/images/279.json]
[web/images/282.json]
[web/images/282.json]
[web/index4144.html]
[web/images/dynamic-mobmenu621a.css]
[web/index-296.html]
[web/images/286.json]
[web/images/286.json]
[web/index-297.html]
[web/index-298.html]
[web/index01aa.html]
[web/images/dynamic-mobmenu6be3.css]
[web/images/297.json]
[web/images/297.json]
[web/index-299.html]
[web/index5dc8.html]
[web/images/dynamic-mobmenu8f73.css]
[web/images/298.json]
[web/images/298.json]
[web/images/302.json]
[web/images/302.json]
[web/index56f2.html]
[web/index-300.html]
[web/images/dynamic-mobmenuebdb.css]
[web/index275d.html]
[web/images/dynamic-mobmenucfea.css]
[web/indexd9e7.html]
[web/index-304.html]
[web/images/305.json]
[web/images/305.json]
[web/images/dynamic-mobmenufbd7.css]
[web/index-306.html]
[web/images/306.json]
[web/images/306.json]
[web/index-307.html]
[web/images/304.json]
[web/images/304.json]
[web/index-308.html]
[web/images/307.json]
[web/images/307.json]
[web/index-192.html]
[web/index-309.html]
[web/images/327.json]
[web/images/327.json]
[web/index-311.html]
[web/images/329.json]
[web/images/329.json]
[web/index-314.html]
[web/images/331.json]
[web/images/331.json]
[web/index-193.html]
[web/index-317.html]
[web/images/334.json]
[web/images/334.json]
[web/index-318.html]
[web/index-194.html]
[web/images/337.json]
[web/images/337.json]
[web/images/346.json]
[web/images/346.json]
[web/index-319.html]
[web/index-320.html]
[web/images/459.json]
[web/images/459.json]
[web/index-321.html]
[web/images/347.json]
[web/images/347.json]
[web/index-195.html]
[web/images/357.json]
[web/images/357.json]
[web/index-322.html]
[web/index-324.html]
[web/images/458.json]
[web/images/458.json]
[web/index-325.html]
[web/images/358.json]
[web/images/358.json]
[web/index-196.html]
[web/index-326.html]
[web/images/359.json]
[web/images/359.json]
[web/index-327.html]
[web/images/360.json]
[web/images/360.json]
[web/index-328.html]
[web/images/362.json]
[web/images/362.json]
[web/index-197.html]
[web/index-329.html]
[web/images/363.json]
[web/images/363.json]
[web/index-330.html]
[web/images/366.json]
[web/images/366.json]
[web/index-331.html]
[web/images/389.json]
[web/images/389.json]
[web/index-332.html]
[web/index-198.html]
[web/images/dynamic-mobmenuabc2.css]
[web/images/391.json]
[web/images/391.json]
[web/index-333.html]
[web/images/393.json]
[web/images/393.json]
[web/index-334.html]
[web/images/397.json]
[web/images/397.json]
[web/index-335.html]
[web/index-200.html]
[web/images/dynamic-mobmenue5e4.css]
[web/images/439.json]
[web/images/439.json]
[web/images/2919.json]
[web/images/2919.json]
[web/images/embed2d9a.json]
[web/images/embed2d9a.json]
[web/images/embed2c8a]
[web/images/embed2c8a]
[web/images/2833.json]
[web/images/2833.json]
[web/index-202.html]
[web/images/dynamic-mobmenu7d67.css]
[web/images/embed9d93.json]
[web/images/embed9d93.json]
[web/images/embed1e55]
[web/images/embed1e55]
[web/images/2758.json]
[web/images/2758.json]
[web/images/embeda1c6.json]
[web/images/embeda1c6.json]
[web/images/embed26c6]
[web/images/embed26c6]
[web/index-204.html]
[web/images/dynamic-mobmenue0e7.css]
[web/images/2570.json]
[web/images/2570.json]
[web/images/embed0030.json]
[web/images/embed0030.json]
[web/images/embed29dc]
[web/images/embed29dc]
[web/index-341.html]
[web/images/618.json]
[web/images/618.json]
[web/images/2259.json]
[web/images/2259.json]
[web/images/embed2852.json]
[web/images/embed2852.json]
[web/index-207.html]
[web/images/dynamic-mobmenu3c01.css]
[web/images/embed5d30]
[web/images/embed5d30]
[web/images/2240.json]
[web/images/2240.json]
[web/images/embedc6a6.json]
[web/images/embedc6a6.json]
[web/images/embed779d]
[web/images/embed779d]
[web/images/2221.json]
[web/images/2221.json]
[web/images/embed7df0.json]
[web/images/embed7df0.json]
[web/images/embed48f2]
[web/images/embed48f2]
[web/index-209.html]
[web/images/2132.json]
[web/images/2132.json]
[web/images/dynamic-mobmenub0f1.css]
[web/images/embede797]
[web/images/embede797]
[web/images/embed890e.json]
[web/images/embed890e.json]
[web/index-342.html]
[web/images/448.json]
[web/images/448.json]
[web/images/2257.json]
[web/images/embed203a.json]
[web/images/embed203a.json]
[web/images/embed66ab]
[web/images/embed66ab]
[web/index-212.html]
[web/images/782.json]
[web/images/782.json]
[web/images/dynamic-mobmenuf110.css]
[web/images/embed17fd.json]
[web/images/embed17fd.json]
[web/images/embedd059]
[web/images/embedd059]
[web/images/2893.json]
[web/images/2893.json]
[web/images/embed9473.json]
[web/images/embed9473.json]
[web/images/embed901a]
[web/images/embed901a]
[web/index-214.html]
[web/images/dynamic-mobmenuc2d6.css]
[web/images/dynamic-mobmenu65d8.css]
[web/images/dynamic-mobmenu3319.css]
[web/images/2553.json]
[web/images/2553.json]
[web/images/embed8250]
[web/images/embed8250]
[web/images/embed971b.json]
[web/images/embed971b.json]
[web/images/466.json]
[web/images/466.json]
[web/images/1453.json]
[web/images/1453.json]
[web/index-343.html]
[web/images/embed95b0.json]
[web/images/embed95b0.json]
[web/images/embedfa8c]
[web/images/embedfa8c]
[web/images/2972.json]
[web/images/2972.json]
[web/index-218.html]
[web/images/embeda55a.json]
[web/images/embeda55a.json]
[web/images/dynamic-mobmenu2fd3.css]
[web/images/embed4ae0]
[web/images/embed4ae0]
[web/images/2540.json]
[web/images/2540.json]
[web/images/embed5d69.json]
[web/images/embed5d69.json]
[web/images/embedb1b7]
[web/images/embedb1b7]
[web/images/2653.json]
[web/images/2653.json]
[web/images/embed7296.json]
[web/images/embed7296.json]
[web/images/embed2869]
[web/images/embed2869]
[web/images/2342.json]
[web/images/2342.json]
[web/index-220.html]
[web/images/dynamic-mobmenu562d.css]
[web/images/embed41b5.json]
[web/images/embed41b5.json]
[web/images/embed1c9e]
[web/images/embed1c9e]
[web/index-346.html]
[web/images/460.json]
[web/images/460.json]
[web/index-347.html]
[web/images/421.json]
[web/images/421.json]
[web/images/2179.json]
[web/images/2179.json]
[web/images/embed9777.json]
[web/images/embed9777.json]
[web/images/embed87d0]
[web/images/embed87d0]
[web/index-222.html]
[web/images/dynamic-mobmenu09dc.css]
[web/index-348.html]
[web/images/452.json]
[web/images/452.json]
[web/index-349.html]
[web/images/451.json]
[web/images/451.json]
[web/index-350.html]
[web/index-224.html]
[web/images/dynamic-mobmenu8f3e.css]
[web/images/dynamic-mobmenu51ec.css]
[web/images/dynamic-mobmenu3b55.css]
[web/images/dynamic-mobmenu59fa.css]
[web/images/dynamic-mobmenu8b17.css]
[web/images/453.json]
[web/images/453.json]
[web/index-351.html]
[web/images/embedb4b1.json]
[web/images/embedb4b1.json]
[web/images/embed7cd0]
[web/images/embed7cd0]
[web/images/449.json]
[web/images/449.json]
[web/images/450.json]
[web/images/450.json]
[web/images/2173.json]
[web/images/2173.json]
[web/index-352.html]
[web/images/1437.json]
[web/images/1437.json]
[web/images/2346.json]
[web/images/2346.json]
[web/images/embedfcf3.json]
[web/images/embedfcf3.json]
[web/images/embeddf83]
[web/images/embeddf83]
[web/images/embede636.json]
[web/images/embede636.json]
[web/images/embed5d8c]
[web/images/embed5d8c]
[web/images/1394.json]
[web/images/1394.json]
[web/images/embed5734.json]
[web/images/embed5734.json]
[web/index-233.html]
[web/images/dynamic-mobmenu1ce6.css]
[web/images/embed9488]
[web/images/embed9488]
[web/images/1273.json]
[web/images/1273.json]
[web/images/embed892f.json]
[web/images/embed892f.json]
[web/images/embeda5a3]
[web/images/embeda5a3]
[web/index-353.html]
[web/images/432.json]
[web/images/432.json]
[web/images/785.json]
[web/images/785.json]
[web/index-236.html]
[web/images/dynamic-mobmenucd3a.css]
[web/images/dynamic-mobmenu152f.css]
[web/images/embeda4b4.json]
[web/images/embeda4b4.json]
[web/index-354.html]
[web/images/embed0074]
[web/images/embed0074]
[web/images/395.json]
[web/images/395.json]
[web/images/2614.json]
[web/images/2614.json]
[web/images/embedc32c.json]
[web/images/embedc32c.json]
[web/images/embed7993]
[web/images/embed7993]
[web/images/2285.json]
[web/images/2285.json]
[web/images/embed2353.json]
[web/images/embed2353.json]
[web/images/embed0177]
[web/images/embed0177]
[web/index-239.html]
[web/images/dynamic-mobmenua7ed.css]
[web/images/dynamic-mobmenu226e.css]
[web/images/2217.json]
[web/images/2217.json]
[web/index-355.html]
[web/images/embedca3d]
[web/images/embedca3d]
[web/images/embed3c72.json]
[web/images/embed3c72.json]
[web/images/431.json]
[web/images/431.json]
[web/images/2544.json]
[web/images/2544.json]
[web/images/embed8626.json]
[web/images/embed8626.json]
[web/images/embedf6df]
[web/images/embedf6df]
[web/index-242.html]
[web/images/dynamic-mobmenu0d4b.css]
[web/images/2655.json]
[web/images/2655.json]
[web/images/embede399]
[web/images/embede399]
[web/images/embed1ca1.json]
[web/images/embed1ca1.json]
[web/images/2591.json]
[web/images/2591.json]
[web/images/embedf7c1.json]
[web/images/embedf7c1.json]
[web/images/embed16ec]
[web/images/embed16ec]
[web/images/1818.json]
[web/images/1818.json]
[web/index-244.html]
[web/images/dynamic-mobmenu9b69.css]
[web/images/embed526a.json]
[web/images/embed526a.json]
[web/images/embed0f6b]
[web/images/embed0f6b]
[web/images/1803.json]
[web/images/1803.json]
[web/images/embed8599.json]
[web/images/embed8599.json]
[web/images/embedc0f3]
[web/images/embedc0f3]
[web/images/3046.json]
[web/images/3046.json]
[web/images/embede929.json]
[web/images/embede929.json]
[web/index-246.html]
[web/images/dynamic-mobmenu5e96.css]
[web/images/dynamic-mobmenu8840.css]
[web/images/dynamic-mobmenu86ad.css]
[web/images/embed02d2]
[web/images/embed02d2]
[web/images/3044.json]
[web/images/3044.json]
[web/images/embedfb0c.json]
[web/images/embedfb0c.json]
[web/images/embedfccd]
[web/images/embedfccd]
[web/images/3040.json]
[web/images/3040.json]
[web/images/embed9a97.json]
[web/images/embed9a97.json]
[web/images/embedcc98]
[web/images/embedcc98]
[web/images/3038.json]
[web/images/3038.json]
[web/index-250.html]
[web/images/dynamic-mobmenu86ea.css]
[web/images/embed9484.json]
[web/images/embed9484.json]
[web/images/embed0e0c]
[web/images/embed0e0c]
[web/images/3035.json]
[web/images/3035.json]
[web/images/embedd1ac.json]
[web/images/embedd1ac.json]
[web/images/embed0d46]
[web/images/embed0d46]
[web/images/3033.json]
[web/images/3033.json]
[web/images/coronverses27.png]
[web/images/coronverses26.png]
[web/images/coronverses25.png]
[web/index-252.html]
[web/images/dynamic-mobmenu6c61.css]
[web/images/embed4096]
[web/images/embed4096]
[web/images/dynamic-mobmenue26a.css]
[web/images/embed627a.json]
[web/images/embed627a.json]
[web/images/3031.json]
[web/images/3031.json]
[web/images/dynamic-mobmenuc308.css]
[web/images/embedcc64.json]
[web/images/embedcc64.json]
[web/images/dynamic-mobmenu601e.css]
[web/images/embed236a]
[web/images/embed236a]
[web/images/dynamic-mobmenu2938.css]
[web/images/3028.json]
[web/images/3028.json]
[web/images/embede2e5.json]
[web/images/embede2e5.json]
[web/images/embed62e9]
[web/images/embed62e9]
[web/images/3026.json]
[web/images/3026.json]
[web/images/embed26d8.json]
[web/images/embed26d8.json]
[web/images/embed8e08]
[web/images/embed8e08]
[web/index-260.html]
[web/images/3024.json]
[web/images/3024.json]
[web/images/dynamic-mobmenu7de4.css]
[web/images/embed70b9.json]
[web/images/embed70b9.json]
[web/images/embedf4fb]
[web/images/embedf4fb]
[web/images/dynamic-mobmenu0e98.css]
[web/images/dynamic-mobmenu7fc4.css]
[web/images/817.json]
[web/images/817.json]
[web/index-266.html]
[web/images/embed3d99.json]
[web/images/embed3d99.json]
[web/images/dynamic-mobmenuc6fb.css]
[web/images/embeda561]
[web/images/embeda561]
[web/images/802.json]
[web/images/802.json]
[web/images/dynamic-mobmenuef9a.css]
[web/images/dynamic-mobmenu42ef.css]
[web/images/embedb3cb.json]
[web/images/embedb3cb.json]
[web/images/embed65ae]
[web/images/embed65ae]
[web/images/901.json]
[web/images/901.json]
[web/images/embedae6c.json]
[web/images/embedae6c.json]
[web/images/embed689b]
[web/images/embed689b]
[web/images/1805.json]
[web/images/1805.json]
[web/images/embede0e3.json]
[web/images/embede0e3.json]
[web/images/embed5c82]
[web/images/embed5c82]
[web/index-271.html]
[web/images/dynamic-mobmenu0763.css]
[web/images/dynamic-mobmenu14af.css]
[web/images/2277.json]
[web/images/2277.json]
[web/images/embed4ab9.json]
[web/images/embed4ab9.json]
[web/images/embed5b30]
[web/images/embed5b30]
[web/images/1695.json]
[web/images/1695.json]
[web/images/embed1dcf.json]
[web/images/embed1dcf.json]
[web/images/embed98f9]
[web/images/embed98f9]
[web/images/1392.json]
[web/images/1392.json]
[web/images/embed278a.json]
[web/images/embed278a.json]
[web/images/embedb4c7]
[web/images/embedb4c7]
[web/index-275.html]
[web/images/dynamic-mobmenu5566.css]
[web/images/dynamic-mobmenu1f4f.css]
[web/images/801.json]
[web/images/801.json]
[web/images/embed2510.json]
[web/images/embed2510.json]
[web/images/embed73f2]
[web/images/embed73f2]
[web/images/1465.json]
[web/images/1465.json]
[web/images/embed7dd4.json]
[web/images/embed7dd4.json]
[web/images/embede852]
[web/images/embede852]
[web/images/2632.json]
[web/images/2632.json]
[web/images/embedd7d3.json]
[web/images/embedd7d3.json]
[web/images/embedafd7]
[web/images/embedafd7]
[web/images/806.json]
[web/images/806.json]
[web/images/coronverses24.png]
[web/images/coronverses23.png]
[web/images/coronverses22.png]
[web/images/coronverses21.png]
[web/images/coronverses20.png]
[web/images/coronverses19.png]
[web/images/coronverses18.png]
[web/index-278.html]
[web/images/dynamic-mobmenu260f.css]
[web/images/embed39b6.json]
[web/images/embed39b6.json]
[web/images/embed5ba0]
[web/images/embed5ba0]
[web/images/dynamic-mobmenu2472.css]
[web/images/2748.json]
[web/images/2748.json]
[web/images/embedd67a.json]
[web/images/embedd67a.json]
[web/images/embed1346]
[web/images/embed1346]
[web/images/2744.json]
[web/images/2744.json]
[web/images/embed2e2e.json]
[web/images/embed2e2e.json]
[web/images/embedfc8e]
[web/images/embedfc8e]
[web/index-281.html]
[web/images/dynamic-mobmenu3a4d.css]
[web/images/dynamic-mobmenu6f12.css]
[web/images/dynamic-mobmenu83db.css]
[web/images/dynamic-mobmenu6de9.css]
[web/images/2536.json]
[web/images/2536.json]
[web/images/embedd296.json]
[web/images/embedd296.json]
[web/images/embed384e]
[web/images/embed384e]
[web/images/1439.json]
[web/images/1439.json]
[web/images/embed5013.json]
[web/images/embed5013.json]
[web/images/embed0fb7]
[web/images/embed0fb7]
[web/images/2626.json]
[web/images/2626.json]
[web/images/embed8041.json]
[web/images/embed8041.json]
[web/images/1441.json]
[web/images/1441.json]
[web/images/embed70f7]
[web/images/embed70f7]
[web/images/embed161e.json]
[web/images/embed161e.json]
[web/images/embed6b1c]
[web/images/embed6b1c]
[web/images/793.json]
[web/images/793.json]
[web/index-287.html]
[web/images/dynamic-mobmenufb03.css]
[web/images/dynamic-mobmenu23bb.css]
[web/images/dynamic-mobmenu5e71.css]
[web/images/dynamic-mobmenufc46.css]
[web/images/dynamic-mobmenube6c.css]
[web/images/embed2857.json]
[web/images/embed2857.json]
[web/images/embed8add]
[web/images/embed8add]
[web/images/embed0c5f]
[web/images/embed0c5f]
[web/images/embed88e7.json]
[web/images/embed88e7.json]
[web/images/1413.json]
[web/images/1413.json]
[web/images/embed67b4.json]
[web/images/embed67b4.json]
[web/images/781.json]
[web/images/781.json]
[web/images/embede8e4]
[web/images/embede8e4]
[web/images/835.json]
[web/images/835.json]
[web/images/embed1b3f.json]
[web/images/embed1b3f.json]
[web/images/embede62e]
[web/images/embede62e]
[web/images/843.json]
[web/images/843.json]
[web/index-293.html]
[web/images/dynamic-mobmenu8012.css]
[web/images/dynamic-mobmenu13e2.css]
[web/images/dynamic-mobmenub891.css]
[web/images/dynamic-mobmenuaefd.css]
[web/images/embed7ccd]
[web/images/embed7ccd]
[web/images/805.json]
[web/images/805.json]
[web/images/embed7589.json]
[web/images/embed7589.json]
[web/images/embedf825.json]
[web/images/embedf825.json]
[web/images/embed0775]
[web/images/embed0775]
[web/images/1798.json]
[web/images/1798.json]
[web/images/embed958d.json]
[web/images/embed958d.json]
[web/images/embed9f2e]
[web/images/embed9f2e]
[web/images/1796.json]
[web/images/1796.json]
[web/index-301.html]
[web/images/dynamic-mobmenu1959.css]
[web/images/embedeff8]
[web/images/embedeff8]
[web/images/embed0872]
[web/images/embed0872]
[web/images/embedca78.json]
[web/images/embedca78.json]
[web/images/1794.json]
[web/images/1794.json]
[web/images/embedfc39.json]
[web/images/embedfc39.json]
[web/images/803.json]
[web/images/803.json]
[web/images/embeda461.json]
[web/images/embeda461.json]
[web/images/embed9ac8]
[web/images/embed9ac8]
[web/images/788.json]
[web/images/788.json]
[web/images/embed15d9.json]
[web/images/embed15d9.json]
[web/images/embed05c6]
[web/images/embed05c6]
[web/index-370.html]
[web/images/406.json]
[web/images/406.json]
[web/images/819.json]
[web/images/819.json]
[web/index-305.html]
[web/images/embede0e3-2.json]
[web/images/embede0e3-2.json]
[web/images/dynamic-mobmenu2bad.css]
[web/images/embed5009]
[web/images/embed5009]
[web/images/dynamic-mobmenuc093.css]
[web/images/dynamic-mobmenud249.css]
[web/images/813.json]
[web/images/813.json]
[web/images/embed8860.json]
[web/images/embed8860.json]
[web/images/dynamic-mobmenu9ecb.css]
[web/images/embed5c12]
[web/images/embed5c12]
[web/images/1387.json]
[web/images/1387.json]
[web/images/embedb582.json]
[web/images/embedb582.json]
[web/images/embedc3ba]
[web/images/embedc3ba]
[web/index-371.html]
[web/index-310.html]
[web/images/dynamic-mobmenu09c8.css]
[web/images/438.json]
[web/images/438.json]
[web/images/embed999f]
[web/images/embed999f]
[web/images/embed5518.json]
[web/images/embed5518.json]
[web/images/853.json]
[web/images/853.json]
[web/images/799.json]
[web/images/799.json]
[web/images/embed40b6.json]
[web/images/embed40b6.json]
[web/images/embedac86]
[web/images/embedac86]
[web/images/865.json]
[web/images/865.json]
[web/index-312.html]
[web/images/dynamic-mobmenuce6a.css]
[web/images/embed490a.json]
[web/images/embed490a.json]
[web/index-372.html]
[web/images/embed8650]
[web/images/embed8650]
[web/images/394.json]
[web/images/394.json]
[web/images/1784.json]
[web/images/1784.json]
[web/images/embed2324.json]
[web/images/embed2324.json]
[web/images/embedafed]
[web/images/embedafed]
[web/images/1789.json]
[web/images/1789.json]
[web/index-315.html]
[web/images/dynamic-mobmenu3b6e.css]
[web/images/dynamic-mobmenub518.css]
[web/images/dynamic-mobmenu16a5.css]
[web/images/dynamic-mobmenu88df.css]
[web/images/embed127c.json]
[web/images/embed127c.json]
[web/images/embede7d6.json]
[web/images/embede7d6.json]
[web/images/embed6590]
[web/images/embed6590]
[web/images/1525.json]
[web/images/1525.json]
[web/images/embed5472.json]
[web/images/embed5472.json]
[web/images/embedebc4]
[web/images/embedebc4]
[web/images/1360.json]
[web/images/1360.json]
[web/images/embedb420]
[web/images/embedb420]
[web/images/1353.json]
[web/images/1353.json]
[web/images/embed7a9b.json]
[web/images/embed7a9b.json]
[web/images/embed3936]
[web/images/embed3936]
[web/index-323.html]
[web/images/dynamic-mobmenu1f93.css]
[web/images/dynamic-mobmenu2997.css]
[web/images/dynamic-mobmenudbbd.css]
[web/images/dynamic-mobmenu91a0.css]
[web/images/dynamic-mobmenu4f39.css]
[web/images/dynamic-mobmenuf08e.css]
[web/images/dynamic-mobmenu1139.css]
[web/images/dynamic-mobmenub8e7.css]
[web/images/dynamic-mobmenuda8f.css]
[web/images/795.json]
[web/images/795.json]
[web/images/400.json]
[web/images/400.json]
[web/images/embed5805.json]
[web/images/embed5805.json]
[web/images/embed2e1e]
[web/images/embed2e1e]
[web/images/2219.json]
[web/images/2219.json]
[web/images/embedff78]
[web/images/embedff78]
[web/index-373.html]
[web/images/809.json]
[web/images/809.json]
[web/images/embed3ce6.json]
[web/images/embed3ce6.json]
[web/images/embed0f4a.json]
[web/images/embed0f4a.json]
[web/images/embed6857]
[web/images/embed6857]
[web/index-374.html]
[web/images/456.json]
[web/images/456.json]
[web/images/embed7265.json]
[web/images/embed7265.json]
[web/images/embedea99]
[web/images/embedea99]
[web/images/embed9034]
[web/images/embed9034]
[web/images/2209.json]
[web/images/2209.json]
[web/images/embed5d45.json]
[web/images/embed5d45.json]
[web/images/2599.json]
[web/images/2599.json]
[web/index-375.html]
[web/images/619.json]
[web/images/619.json]
[web/images/2966.json]
[web/images/2966.json]
[web/images/embedc119.json]
[web/images/embedc119.json]
[web/images/embedcc9b]
[web/images/embedcc9b]
[web/index-336.html]
[web/images/dynamic-mobmenude7f.css]
[web/images/dynamic-mobmenu61a2.css]
[web/images/dynamic-mobmenu023f.css]
[web/images/2970.json]
[web/images/2970.json]
[web/images/embed6771.json]
[web/images/embed6771.json]
[web/images/embed5567]
[web/images/embed5567]
[web/images/2974.json]
[web/images/2974.json]
[web/images/embede700.json]
[web/images/embede700.json]
[web/indexccfb.html]
[web/images/embedaa8a]
[web/images/embedaa8a]
[web/images/1620.json]
[web/images/1620.json]
[web/images/embedbea2.json]
[web/images/embedbea2.json]
[web/index-340.html]
[web/images/embed595b]
[web/images/embed595b]
[web/images/dynamic-mobmenu851d.css]
[web/index-380.html]
[web/index7994.html]
[web/images/dynamic-mobmenu79f6.css]
[web/images/399.json]
[web/images/399.json]
[web/images/3022.json]
[web/images/3022.json]
[web/indexc446.html]
[web/images/dynamic-mobmenua576.css]
[web/images/embed00d5.json]
[web/images/embed00d5.json]
[web/images/embed12a5]
[web/images/embed12a5]
[web/index151a.html]
[web/images/dynamic-mobmenu9ef3.css]
[web/images/dynamic-mobmenuebcc.css]
[web/images/embede4b1.json]
[web/images/embede4b1.json]
[web/images/embed8419]
[web/images/embed8419]
[web/indexaaa5.html]
[web/images/3020.json]
[web/images/3020.json]
[web/images/dynamic-mobmenu4813.css]
[web/images/embed057b.json]
[web/images/embed057b.json]
[web/images/3018.json]
[web/images/3018.json]
[web/index52de.html]
[web/images/dynamic-mobmenu33c8.css]
[web/images/embed3d3d]
[web/images/embed3d3d]
[web/index4775.html]
[web/images/dynamic-mobmenua148.css]
[web/images/embed33bd.json]
[web/images/embed33bd.json]
[web/images/3016.json]
[web/images/3016.json]
[web/images/embed800e]
[web/images/embed800e]
[web/indexee0c.html]
[web/images/dynamic-mobmenu80ea.css]
[web/images/3013.json]
[web/images/3013.json]
[web/images/dynamic-mobmenu161e.css]
[web/images/embed3bd7.json]
[web/images/embed3bd7.json]
[web/images/dynamic-mobmenu8d28.css]
[web/images/embed772a]
[web/images/embed772a]
[web/indexbe4b.html]
[web/images/dynamic-mobmenu225e.css]
[web/images/3011.json]
[web/images/3011.json]
[web/indexe83f.html]
[web/images/dynamic-mobmenu197b.css]
[web/images/embed8d59.json]
[web/images/embed8d59.json]
[web/images/embed26d0]
[web/images/embed26d0]
[web/images/3009.json]
[web/images/3009.json]
[web/indexa896.html]
[web/images/embed2bba]
[web/images/embed2bba]
[web/images/embed860e.json]
[web/images/embed860e.json]
[web/images/3006.json]
[web/images/3006.json]
[web/index605c.html]
[web/images/dynamic-mobmenu41e1.css]
[web/images/dynamic-mobmenue716.css]
[web/images/embed4299.json]
[web/images/embed4299.json]
[web/images/embed73f3]
[web/images/embed73f3]
[web/images/3004.json]
[web/images/3004.json]
[web/images/embeda639.json]
[web/images/embeda639.json]
[web/images/embed973b]
[web/images/embed973b]
[web/images/3002.json]
[web/images/3002.json]
[web/index2582.html]
[web/images/embedef76.json]
[web/images/embedef76.json]
[web/images/dynamic-mobmenu60c5.css]
[web/images/embedb56a]
[web/images/embedb56a]
[web/index4e45.html]
[web/images/2968.json]
[web/images/2968.json]
[web/images/embed4005.json]
[web/images/embed4005.json]
[web/index-344.html]
[web/images/dynamic-mobmenue90e.css]
[web/images/embed7f11]
[web/images/embed7f11]
[web/index976f.html]
[web/images/dynamic-mobmenude47.css]
[web/images/2976.json]
[web/images/2976.json]
[web/images/embedf660.json]
[web/images/embedf660.json]
[web/index3a9c.html]
[web/images/dynamic-mobmenubcba.css]
[web/images/embedcfb5]
[web/images/embedcfb5]
[web/images/3000.json]
[web/images/3000.json]
[web/images/embed35a5]
[web/images/embed35a5]
[web/images/embed8d9b.json]
[web/images/embed8d9b.json]
[web/images/2997.json]
[web/images/2997.json]
[web/indexeeae.html]
[web/images/dynamic-mobmenud359.css]
[web/images/embed3444.json]
[web/images/embed3444.json]
[web/images/embed1c1c]
[web/images/embed1c1c]
[web/images/dynamic-mobmenueff4.css]
[web/images/2995.json]
[web/images/2995.json]
[web/images/dynamic-mobmenu6dcd.css]
[web/images/embed30a3.json]
[web/images/embed30a3.json]
[web/images/embede808]
[web/images/embede808]
[web/indexa6b4.html]
[web/images/dynamic-mobmenu758a.css]
[web/images/dynamic-mobmenuf14f.css]
[web/images/dynamic-mobmenu1377.css]
[web/images/dynamic-mobmenu389f.css]
[web/images/2993.json]
[web/images/2993.json]
[web/images/embeddd2a.json]
[web/images/embeddd2a.json]
[web/images/embed222f]
[web/images/embed222f]
[web/images/2991.json]
[web/images/2991.json]
[web/indexf72f.html]
[web/images/dynamic-mobmenu253c.css]
[web/images/embedd3c1.json]
[web/images/embedd3c1.json]
[web/images/dynamic-mobmenu515f.css]
[web/images/embed0d8c]
[web/images/embed0d8c]
[web/images/dynamic-mobmenu3e66.css]
[web/images/2989.json]
[web/images/2989.json]
[web/images/dynamic-mobmenubc40.css]
[web/images/embed4fc9.json]
[web/images/embed4fc9.json]
[web/index85f6.html]
[web/images/dynamic-mobmenud66b.css]
[web/images/embed1f56]
[web/images/embed1f56]
[web/images/embede643]
[web/images/embede643]
[web/index7979.html]
[web/images/dynamic-mobmenuf4a8.css]
[web/images/2987.json]
[web/images/2987.json]
[web/images/embed76cc.json]
[web/images/embed76cc.json]
[web/indexcff5.html]
[web/images/dynamic-mobmenu6f33.css]
[web/images/embed9f23.json]
[web/images/embed9f23.json]
[web/images/2984.json]
[web/images/2984.json]
[web/images/embed3a76]
[web/images/embed3a76]
[web/images/embed40be.json]
[web/images/embed40be.json]
[web/images/2982.json]
[web/images/2982.json]
[web/images/embed3fa0]
[web/images/embed3fa0]
[web/indexe6c6.html]
[web/index-398.html]
[web/images/dynamic-mobmenuded0.css]
[web/images/dynamic-mobmenueec9.css]
[web/images/622.json]
[web/images/622.json]
[web/index6996.html]
[web/images/2980.json]
[web/images/2980.json]
[web/images/dynamic-mobmenu07c2.css]
[web/images/embed1ba6.json]
[web/images/embed1ba6.json]
[web/images/embed6b96]
[web/images/embed6b96]
[web/images/dynamic-mobmenub352.css]
[web/index1697.html]
[web/images/dynamic-mobmenu5f73.css]
[web/images/2978.json]
[web/images/2978.json]
[web/images/embed31c0.json]
[web/images/embed31c0.json]
[web/images/embed31c1]
[web/images/embed31c1]
[web/index7f8f.html]
[web/images/dynamic-mobmenu6d05.css]
[web/images/loader.gif]
[web/indexe1a1.html]
[web/images/dynamic-mobmenu337f.css]
[web/images/icons.png]
[web/images/error.gif]
[web/images/icons@2x.png]
[web/index16e3.html]
[web/images/dynamic-mobmenu2a0a.css]
[web/index486d.html]
[web/images/dynamic-mobmenu15c5.css]
[web/images/fontawesome-webfont3295.ttf]
[web/indexecda.html]
[web/images/dynamic-mobmenu69b9.css]
[web/images/dynamic-mobmenuda6a.css]
[web/images/fa-brands-400.woff2]
[web/images/fa-brands-400.woff]
[web/images/fa-brands-400d41d.eot]
[web/indexb4ea.html]
[web/images/dynamic-mobmenufbb1.css]
[web/images/fa-brands-400.ttf]
[web/images/fa-regular-400.eot]
[web/index477d.html]
[web/images/dynamic-mobmenu1bee.css]
[web/images/fa-regular-400.woff2]
[web/images/fa-regular-400d41d.eot]
[web/images/fa-regular-400.woff]
[web/images/fa-regular-400.ttf]
[web/index17f8.html]
[web/images/dynamic-mobmenuf0ed.css]
[web/images/fa-solid-900.eot]
[web/images/fa-solid-900d41d.eot]
[web/index08a9.html]
[web/images/fa-solid-900.woff2]
[web/images/fa-solid-900.woff]
[web/index1142.html]
[web/images/dynamic-mobmenu8f1f.css]
[web/images/fa-solid-900.ttf]
[web/images/mobmenu327f.woff]
[web/index-359.html]
[web/index-360.html]
[web/index-361.html]
[web/images/dynamic-mobmenu0352.css]
[web/indexe6ee.html]
[web/images/dynamic-mobmenuaaa3.css]
[web/index8192.html]
[web/images/dynamic-mobmenu0cd8.css]
[web/index3d31.html]
[web/images/dynamic-mobmenuba78.css]
[web/index0fef.html]
[web/index3c52.html]
[web/images/dynamic-mobmenu27be.css]
[web/index3408.html]
[web/images/dynamic-mobmenu8395.css]
[web/index7b41.html]
[web/images/dynamic-mobmenu0dbf.css]
[web/index-363.html]
[web/index-364.html]
[web/index-365.html]
[web/index-366.html]
[web/images/coronverses1.png]
[web/images/coronverses3.png]
[web/index-367.html]
[web/images/coronverses05.png]
[web/index-368.html]
[web/index-369.html]
[web/images/coronverses17.png]
[web/images/coronverses15.png]
[web/images/coronverses16.png]
[web/indexeba0.html]
[web/images/dynamic-mobmenu4986.css]
[web/indexe98c.html]
[web/indexead7.html]
[web/images/dynamic-mobmenu50e0.css]
[web/indexaf4f.html]
[web/indexf4ac.html]
[web/images/dynamic-mobmenu0bc7.css]
[web/indexef72.html]
[web/images/dynamic-mobmenu02c1.css]
[web/indexd486.html]
[web/images/dynamic-mobmenu1767.css]
[web/indexa013.html]
[web/images/dynamic-mobmenu8412.css]
[web/index209a.html]
[web/images/dynamic-mobmenu917d.css]
[web/index4592.html]
[web/images/dynamic-mobmenu2e0d.css]
[web/index20df.html]
[web/images/dynamic-mobmenuabd3.css]
[web/index21a5.html]
[web/images/dynamic-mobmenu79d7.css]
[web/images/coronverses14.png]
[web/indexb280.html]
[web/images/coronverses13.png]
[web/images/coronverses12.png]
[web/indexe445.html]
[web/index3898.html]
[web/images/dynamic-mobmenuaa26.css]
[web/images/coronverses11.png]
[web/index3d4f.html]
[web/images/dynamic-mobmenuac96.css]
[web/images/coronverses10.png]
[web/images/coronverses09.png]
[web/images/coronverses08.png]
[web/indexcde5.html]
[web/images/dynamic-mobmenu7a1b.css]
[web/index01f7.html]
[web/images/dynamic-mobmenu66d8.css]
[web/indexc190.html]
[web/images/dynamic-mobmenu45e5.css]
[web/images/coronverses2.png]
[web/index4aec.html]
[web/images/dynamic-mobmenu1791.css]
[web/images/coronverses06.png]
[web/index7a13.html]
[web/index6a26.html]
[web/index028e.html]
[web/indexe23a.html]
[web/images/dynamic-mobmenu8d51.css]
[web/index922d.html]
[web/index4b30.html]
[web/images/dynamic-mobmenu28da.css]
[web/images/coronverses07.png]
[web/index9628.html]
[web/indexc2d1.html]
[web/images/dynamic-mobmenufc61.css]
[web/index094a.html]
[web/index9ab8.html]
[web/images/dynamic-mobmenu6068.css]
[web/indexbb3a.html]
[web/index9fe1.html]
[web/images/dynamic-mobmenu74da.css]
[web/indexa49c.html]
[web/images/dynamic-mobmenub104.css]
[web/index2d45.html]
[web/images/dynamic-mobmenu481a.css]
[web/indexbf1a.html]
[web/images/dynamic-mobmenu91ae.css]
[web/index3dfd.html]
[web/images/dynamic-mobmenu6b55.css]
[web/indexe2de.html]
[web/index1ce4.html]
[web/images/dynamic-mobmenu4a69.css]
[web/index2193.html]
[web/images/dynamic-mobmenu5098.css]
[web/images/dynamic-mobmenuead1.css]
[web/index043e.html]
[web/images/dynamic-mobmenubcfe.css]
[web/indexf53a.html]
[web/images/dynamic-mobmenu84bc.css]
[web/images/dynamic-mobmenubf9b.css]
[web/index4a9b.html]
[web/images/dynamic-mobmenu845a.css]
[web/images/dynamic-mobmenuf4b5.css]
[web/index6617.html]
[web/images/dynamic-mobmenued90.css]
[web/index692b.html]
[web/index-376.html]
[web/images/dynamic-mobmenuc4a3.css]
[web/index97c4.html]
[web/index-378.html]
[web/images/dynamic-mobmenu4b09.css]
[web/index9a07.html]
[web/images/dynamic-mobmenu670b.css]
[web/index2870.html]
[web/index-379.html]
[web/images/dynamic-mobmenu5d8b.css]
[web/index8df3.html]
[web/images/dynamic-mobmenu3089.css]
[web/images/dynamic-mobmenu3f20.css]
[web/index9d51.html]
[web/images/dynamic-mobmenua6ec.css]
[web/index2941.html]
[web/images/dynamic-mobmenu5ebc.css]
[web/index7adf.html]
[web/index-381.html]
[web/index-382.html]
[web/index-383.html]
[web/index-384.html]
[web/indexc794.html]
[web/images/dynamic-mobmenub776.css]
[web/indexb5e2.html]
[web/images/dynamic-mobmenu9363.css]
[web/indexbd4e.html]
[web/indexf65c.html]
[web/images/dynamic-mobmenue645.css]
[web/indexe820.html]
[web/images/dynamic-mobmenu66f2.css]
[web/indexea5a.html]
[web/images/dynamic-mobmenub942.css]
[web/indexafaa.html]
[web/images/dynamic-mobmenu978f.css]
[web/index-386.html]
[web/index-387.html]
[web/index-388.html]
[web/index-389.html]
[web/index-390.html]
[web/index-391.html]
[web/index-393.html]
[web/images/dynamic-mobmenu6a2f.css]
[web/images/dynamic-mobmenu12aa.css]
[web/images/dynamic-mobmenub8f2.css]
[web/indexcffa.html]
[web/images/dynamic-mobmenu6e49.css]
[web/indexaa2d.html]
[web/index-396.html]
[web/images/dynamic-mobmenu42dc.css]
[web/indexf745.html]
[web/images/dynamic-mobmenu8497.css]
[web/indexa4d5.html]
[web/images/dynamic-mobmenuf75b.css]
[web/index1b7a.html]
[web/images/dynamic-mobmenu2692.css]
[web/index-397.html]
[web/index00b0.html]
[web/images/dynamic-mobmenu4853.css]
[web/indexc119.html]
[web/images/dynamic-mobmenu386d.css]
[web/indexe4fe.html]
[web/images/dynamic-mobmenu2c7b.css]
[web/index3ae6.html]
[web/images/dynamic-mobmenu528c.css]
[web/index2cb4.html]
[web/images/dynamic-mobmenu0852.css]
[web/indexc3b1.html]
[web/images/dynamic-mobmenu3d17.css]
[web/images/dynamic-mobmenud792.css]
[web/indexdf1a.html]
[web/images/dynamic-mobmenu962a.css]
[web/images/dynamic-mobmenu740c.css]
[web/images/dynamic-mobmenua206.css]
[web/indexae17.html]
[web/images/dynamic-mobmenu18b9.css]
[web/images/dynamic-mobmenufdcb.css]
[web/images/dynamic-mobmenu0160.css]
[web/images/dynamic-mobmenu4e3e.css]
[web/images/dynamic-mobmenu7bcc.css]
[web/images/dynamic-mobmenue375.css]
[web/images/dynamic-mobmenu789a.css]
[web/images/dynamic-mobmenu8af7.css]
[web/images/dynamic-mobmenu8c3c.css]
[web/images/dynamic-mobmenuc9f8.css]
[web/images/dynamic-mobmenue5a6.css]
[web/images/dynamic-mobmenud90d.css]
[web/images/dynamic-mobmenu06d4.css]
[web/images/dynamic-mobmenu0f11.css]
[web/images/dynamic-mobmenu63c7.css]
[web/images/dynamic-mobmenu0b33.css]
[web/images/dynamic-mobmenu21a9.css]
[web/images/dynamic-mobmenu30bd.css]
[web/images/fontawesome-webfont3295.svg]
[web/images/fa-brands-400.svg]
[web/images/fa-regular-400.svg]
[web/images/fa-solid-900.svg]
[web/images/dynamic-mobmenub41b.css]
[web/images/dynamic-mobmenu11b3.css]
[web/images/dynamic-mobmenu4fb0.css]
[web/images/dynamic-mobmenu78f3.css]
[web/images/dynamic-mobmenu9d71.css]
[web/images/dynamic-mobmenu64b1.css]
[web/images/dynamic-mobmenu8457.css]
[web/images/dynamic-mobmenufe95.css]
[web/images/dynamic-mobmenuf014.css]
[web/images/dynamic-mobmenu6ecc.css]
[web/images/dynamic-mobmenue399.css]
[web/images/dynamic-mobmenub39f.css]
[web/images/dynamic-mobmenu2250.css]
[web/images/dynamic-mobmenu46d8.css]
[web/images/dynamic-mobmenu5978.css]
[web/images/dynamic-mobmenu503a.css]
[web/images/dynamic-mobmenu767c.css]
[web/images/dynamic-mobmenu7b19.css]
[web/images/dynamic-mobmenu2d99.css]
[web/images/dynamic-mobmenua7b9.css]
[web/images/dynamic-mobmenu8534.css]
[web/images/dynamic-mobmenu414c.css]
[web/images/dynamic-mobmenud945.css]
[web/images/dynamic-mobmenua85e.css]
[web/images/dynamic-mobmenuec9b.css]
[web/images/dynamic-mobmenud991.css]
[web/images/dynamic-mobmenua9f3.css]
[web/images/dynamic-mobmenu3d32.css]
[web/images/dynamic-mobmenu199f.css]
[web/images/dynamic-mobmenu2d01.css]
[web/images/dynamic-mobmenu26b3.css]
[web/images/dynamic-mobmenueef4.css]
[web/images/dynamic-mobmenu321a.css]
[web/images/dynamic-mobmenu4730.css]
[web/images/dynamic-mobmenu71e9.css]
[web/images/dynamic-mobmenu2292.css]
[web/images/dynamic-mobmenubfe9.css]
[web/images/dynamic-mobmenudc85.css]
[web/images/dynamic-mobmenu1043.css]
[web/images/dynamic-mobmenu818a.css]
[web/images/dynamic-mobmenude8b.css]
[web/images/dynamic-mobmenu66d9.css]
[web/images/dynamic-mobmenubb4b.css]
[web/images/dynamic-mobmenue691.css]
[web/images/dynamic-mobmenubcfd.css]
[web/images/dynamic-mobmenu2a05.css]
[web/images/dynamic-mobmenudfc6.css]
[web/images/dynamic-mobmenufd06.css]
[web/images/dynamic-mobmenue07b.css]
[web/images/dynamic-mobmenub11a.css]
[web/images/dynamic-mobmenu3f82.css]
[web/images/dynamic-mobmenud1c3.css]
[web/images/dynamic-mobmenu8332.css]
[web/images/dynamic-mobmenu91ed.css]
[web/images/dynamic-mobmenue0cd.css]
[web/images/dynamic-mobmenu4201.css]
[web/images/dynamic-mobmenuac0b.css]
[web/images/dynamic-mobmenu8c0d.css]
[web/images/dynamic-mobmenuc2c6.css]
[web/images/dynamic-mobmenuf8df.css]
[web/images/dynamic-mobmenu4f30.css]
[web/images/dynamic-mobmenu09f3.css]
[web/images/dynamic-mobmenueb5e.css]
[web/images/dynamic-mobmenu59f2.css]
[web/images/dynamic-mobmenu66ae.css]
[web/images/dynamic-mobmenu190e.css]
[web/images/dynamic-mobmenu3a91.css]
