[backblue.gif]
[fade.gif]
[index.html]
[localhost/pastorscott/speaking/index.html]
[localhost/pastorscott/speaking/wp-content/plugins/picasa-express-x2/pe2-display8ce6.css]
[localhost/pastorscott/speaking/wp-content/plugins/picasa-express-x2/photoswipe/photoswipe8d18.css]
[localhost/pastorscott/speaking/wp-includes/css/dist/block-library/style.min1e39.css]
[localhost/pastorscott/speaking/wp-content/themes/x-blog/assets/css/admin-block5152.css]
[localhost/pastorscott/speaking/wp-content/plugins/click-to-top/assets/css/font-awesome.min11b8.css]
[localhost/pastorscott/speaking/wp-content/plugins/click-to-top/assets/css/hover5152.css]
[localhost/pastorscott/speaking/wp-content/plugins/click-to-top/assets/css/click-top-style97e1.css]
[localhost/pastorscott/speaking/wp-content/themes/x-blog/assets/css/all05c8.css]
[localhost/pastorscott/speaking/wp-content/themes/x-blog/assets/css/slicknav68b3.css]
[localhost/pastorscott/speaking/wp-includes/js/jquery/jquery-migrate.min5589.js]
[localhost/pastorscott/speaking/wp-content/themes/x-blog/assets/css/blockbab4.css]
[localhost/pastorscott/speaking/wp-content/themes/x-blog/style1e39.css]
[localhost/pastorscott/speaking/wp-content/plugins/picasa-express-x2/photoswipe/code.photoswipe.jquery-3.0.5.min8d18.js]
[localhost/pastorscott/speaking/wp-content/themes/x-blog/assets/css/responsivebab4.css]
[localhost/pastorscott/speaking/wp-content/themes/x-blog/assets/css/custom_script1e39.css]
[localhost/pastorscott/speaking/wp-content/plugins/click-to-top/assets/js/jquery.scrollUp5152.js]
[localhost/pastorscott/speaking/wp-content/uploads/dynamic-mobmenu9daf.css]
[localhost/pastorscott/speaking/index.php/wp-json/index.html]
[localhost/pastorscott/speaking/wp-content/plugins/mobile-menu/includes/css/mobmenu-icons1e39.css]
[localhost/pastorscott/speaking/xmlrpc0db0.php]
[localhost/pastorscott/speaking/wp-content/plugins/mobile-menu/includes/css/mobmenu5e0b.css]
[localhost/pastorscott/speaking/wp-content/themes/x-blog/assets/js/skip-link-focus-fixbab4.js]
[localhost/pastorscott/speaking/wp-content/themes/x-blog/assets/js/jquery.slicknav4a7d.js]
[localhost/pastorscott/speaking/wp-content/themes/x-blog/assets/js/mainbab4.js]
[localhost/pastorscott/speaking/wp-content/plugins/picasa-express-x2/photoswipe/loader.gif]
[localhost/pastorscott/speaking/wp-content/plugins/picasa-express-x2/photoswipe/error.gif]
[localhost/pastorscott/speaking/wp-content/plugins/picasa-express-x2/photoswipe/icons.png]
[localhost/pastorscott/speaking/wp-content/plugins/picasa-express-x2/photoswipe/icons@2x.png]
[localhost/pastorscott/speaking/wp-content/plugins/click-to-top/assets/fonts/fontawesome-webfont3295.ttf]
[localhost/pastorscott/speaking/wp-content/themes/x-blog/assets/webfonts/fa-brands-400.woff2]
[localhost/pastorscott/speaking/wp-content/themes/x-blog/assets/webfonts/fa-brands-400.woff]
[localhost/pastorscott/speaking/index.php/about/index.html]
[localhost/pastorscott/speaking/index.php/tag-cloud/index.html]
[localhost/pastorscott/speaking/index.php/minister-to-children/index.html]
[localhost/pastorscott/speaking/wp-content/themes/x-blog/assets/webfonts/fa-brands-400.ttf]
[localhost/pastorscott/speaking/wp-content/themes/x-blog/assets/webfonts/fa-regular-400.eot]
[localhost/pastorscott/speaking/wp-content/themes/x-blog/assets/webfonts/fa-regular-400d41d.eot]
[localhost/pastorscott/speaking/wp-content/themes/x-blog/assets/webfonts/fa-regular-400.woff2]
[localhost/pastorscott/speaking/wp-content/themes/x-blog/assets/webfonts/fa-regular-400.woff]
[localhost/pastorscott/speaking/wp-content/themes/x-blog/assets/webfonts/fa-regular-400.ttf]
[localhost/pastorscott/speaking/index.php/author/grscott/index.html]
[localhost/pastorscott/speaking/wp-content/themes/x-blog/assets/webfonts/fa-solid-900.eot]
[localhost/pastorscott/speaking/wp-content/themes/x-blog/assets/webfonts/fa-solid-900d41d.eot]
[localhost/pastorscott/speaking/wp-content/themes/x-blog/assets/webfonts/fa-solid-900.woff2]
[localhost/pastorscott/speaking/index.php/category/ministerially_speaking/index.html]
[localhost/pastorscott/speaking/wp-content/themes/x-blog/assets/webfonts/fa-solid-900.ttf]
[localhost/pastorscott/speaking/wp-content/themes/x-blog/assets/webfonts/fa-solid-900.woff]
[localhost/pastorscott/speaking/wp-content/plugins/mobile-menu/includes/css/font/mobmenu327f.woff]
[localhost/pastorscott/speaking/index.php/tag/advice/index.html]
[localhost/pastorscott/speaking/index.php/tag/children/index.html]
[localhost/pastorscott/speaking/index.php/wp-json/oembed/1.0/embed7068]
[localhost/pastorscott/speaking/index.php/tag/church/index.html]
[localhost/pastorscott/speaking/index.php/christmas-is-a-hard-time-for-a-lot-of-people/index.html]
[pastorscott.com/wp-content/uploads/2023/02/20230101_114211-1024x768.jpg]
[localhost/pastorscott/speaking/index.php/category/uncategorized/index.html]
[localhost/pastorscott/speaking/index.php/tag/christmas/index.html]
[localhost/pastorscott/speaking/index.php/tag/emmanuel/index.html]
[localhost/pastorscott/speaking/index.php/wp-json/wp/v2/pages/3507.json]
[localhost/pastorscott/speaking/index.php/tag/grinch/index.html]
[localhost/pastorscott/speaking/index.php/advice-to-young-pastors-preach-the-gospel/index.html]
[localhost/pastorscott/speaking/index.php/tag/bible/index.html]
[localhost/pastorscott/speaking/index.php/wp-json/oembed/1.0/embed048f]
[localhost/pastorscott/speaking/index.php/wp-json/oembed/1.0/embedc9e2.json]
[3.bp.blogspot.com/-hRbSeP0QLQQ/TxxXBZ3_jWI/AAAAAAAATo8/NB7ECQfbCbo/s1600/zachaeous.jpg]
[localhost/pastorscott/speaking/index.php/tag/ministry/index.html]
[localhost/pastorscott/speaking/index.php/tag/pastor/index.html]
[localhost/pastorscott/speaking/index.php/tag/preaching/index.html]
[localhost/pastorscott/speaking/index.php/tag/sermons/index.html]
[localhost/pastorscott/speaking/index.php/coronaverses-wrap-up/index.html]
[localhost/pastorscott/speaking/index.php/tag/coronaverses/index.html]
[localhost/pastorscott/speaking/index.php/coronaverses-43/index.html]
[localhost/pastorscott/speaking/index.php/coronaverses-42/index.html]
[localhost/pastorscott/speaking/index.php/coronaverses-41/index.html]
[localhost/pastorscott/speaking/index.php/wp-json/oembed/1.0/embedfff6.json]
[localhost/pastorscott/speaking/index.php/coronaverses-40/index.html]
[localhost/pastorscott/speaking/index.php/coronaverses-39/index.html]
[localhost/pastorscott/speaking/index.php/wp-json/oembed/1.0/embed026b.json]
[localhost/pastorscott/speaking/index.php/coronaverses-38/index.html]
[localhost/pastorscott/speaking/index.php/wp-json/oembed/1.0/embed702f.json]
[localhost/pastorscott/speaking/index.php/wp-json/oembed/1.0/embed4625]
[localhost/pastorscott/speaking/index.php/page/2/index.html]
[localhost/pastorscott/speaking/wp-content/plugins/click-to-top/assets/fonts/fontawesome-webfont3295.svg]
[localhost/pastorscott/speaking/wp-content/themes/x-blog/assets/webfonts/fa-brands-400.svg]
[localhost/pastorscott/speaking/wp-content/themes/x-blog/assets/webfonts/fa-regular-400.svg]
[localhost/pastorscott/speaking/wp-content/themes/x-blog/assets/webfonts/fa-solid-900.svg]
[localhost/pastorscott/speaking/wp-content/uploads/dynamic-mobmenud76e.css]
[localhost/pastorscott/speaking/indexf770.html]
[localhost/pastorscott/speaking/index.php/wp-json/wp/v2/tags/72.json]
[localhost/pastorscott/speaking/index.php/wp-json/wp/v2/tags/80.json]
[localhost/pastorscott/speaking/wp-content/uploads/dynamic-mobmenu59f8.css]
[localhost/pastorscott/speaking/index60a4.html]
[lh3.googleusercontent.com/-wEHgGRKUmXI/U5Un2kkrASI/AAAAAAAAdDA/D6gbHoi9570/s0/IMG_2465.JPG]
[localhost/pastorscott/speaking/index.php/tag/911/index.html]
[lh3.googleusercontent.com/-V-su8JXTUk0/VR7WLHIHSGI/AAAAAAAAiJo/iekZI0iKK4M/s0-d/100_3734.JPG]
[lh3.googleusercontent.com/-YXwj6XJ5934/VR7brsq-sFI/AAAAAAAAiPY/_01Gy3AJm9s/s0/PHOTO_20150130_145029.jpg]
[localhost/pastorscott/speaking/index.php/wp-json/wp/v2/posts/969.json]
[localhost/pastorscott/speaking/index.php/wp-json/oembed/1.0/embedc7dd.json]
[localhost/pastorscott/speaking/index.php/tag/abraham-lincoln/index.html]
[localhost/pastorscott/speaking/index.php/wp-json/oembed/1.0/embedcc6a]
[localhost/pastorscott/speaking/index.php/tag/appreciation/index.html]
[localhost/pastorscott/speaking/index.php/wp-json/wp/v2/categories/1.json]
[localhost/pastorscott/speaking/index.php/tag/blunders/index.html]
[localhost/pastorscott/speaking/index.php/tag/brezee/index.html]
[localhost/pastorscott/speaking/index.php/tag/camping/index.html]
[localhost/pastorscott/speaking/index.php/tag/carnality/index.html]
[localhost/pastorscott/speaking/index.php/tag/change/index.html]
[localhost/pastorscott/speaking/index.php/tag/church-of-the-nazarene/index.html]
[localhost/pastorscott/speaking/index.php/tag/church-video/index.html]
[localhost/pastorscott/speaking/index.php/wp-json/wp/v2/tags/78.json]
[localhost/pastorscott/speaking/index.php/wp-json/wp/v2/tags/142.json]
[localhost/pastorscott/speaking/index.php/tag/commitment/index.html]
[localhost/pastorscott/speaking/index.php/wp-json/wp/v2/posts/3084.json]
[localhost/pastorscott/speaking/index.php/wp-json/wp/v2/tags/193.json]
[localhost/pastorscott/speaking/index.php/wp-json/oembed/1.0/embedade5.json]
[localhost/pastorscott/speaking/index.php/wp-json/oembed/1.0/embed7030]
[localhost/pastorscott/speaking/index.php/tag/communion/index.html]
[localhost/pastorscott/speaking/index.php/wp-json/wp/v2/tags/40.json]
[localhost/pastorscott/speaking/wp-content/uploads/2013/02/2013-02-06-12.11.04.jpg]
[localhost/pastorscott/speaking/wp-content/uploads/2013/02/2013-02-06-12.10.19.jpg]
[localhost/pastorscott/speaking/index.php/tag/creator/index.html]
[localhost/pastorscott/speaking/index.php/tag/cross/index.html]
[localhost/pastorscott/speaking/index.php/tag/crucifixion/index.html]
[localhost/pastorscott/speaking/index.php/tag/debates/index.html]
[localhost/pastorscott/speaking/index.php/wp-json/wp/v2/tags/267.json]
[localhost/pastorscott/speaking/index.php/tag/devotinal-reading/index.html]
[localhost/pastorscott/speaking/index.php/tag/doctrine/index.html]
[localhost/pastorscott/speaking/index.php/tag/easter/index.html]
[localhost/pastorscott/speaking/index.php/tag/elder-brother/index.html]
[localhost/pastorscott/speaking/index.php/wp-json/wp/v2/tags/301.json]
[localhost/pastorscott/speaking/index.php/tag/electricity/index.html]
[localhost/pastorscott/speaking/index.php/tag/emergent/index.html]
[localhost/pastorscott/speaking/index.php/tag/faith/index.html]
[localhost/pastorscott/speaking/index.php/wp-json/wp/v2/tags/330.json]
[localhost/pastorscott/speaking/index.php/wp-json/wp/v2/tags/368.json]
[localhost/pastorscott/speaking/index.php/tag/faithfulness/index.html]
[localhost/pastorscott/speaking/index.php/wp-json/wp/v2/posts/3062.json]
[localhost/pastorscott/speaking/index.php/wp-json/oembed/1.0/embedcc18.json]
[localhost/pastorscott/speaking/index.php/tag/freedom/index.html]
[localhost/pastorscott/speaking/index.php/wp-json/oembed/1.0/embedfba3]
[localhost/pastorscott/speaking/index.php/wp-json/wp/v2/tags/621.json]
[localhost/pastorscott/speaking/index.php/tag/fresh-wind-fresh-fire/index.html]
[localhost/pastorscott/speaking/index.php/tag/fundamentalism/index.html]
[localhost/pastorscott/speaking/index.php/tag/fundamentalist/index.html]
[localhost/pastorscott/speaking/index.php/tag/funeral/index.html]
[localhost/pastorscott/speaking/index.php/wp-json/wp/v2/posts/3058.json]
[localhost/pastorscott/speaking/index.php/tag/funerals/index.html]
[localhost/pastorscott/speaking/index.php/wp-json/oembed/1.0/embed2575.json]
[localhost/pastorscott/speaking/index.php/wp-json/oembed/1.0/embed532c]
[localhost/pastorscott/speaking/index.php/wp-json/wp/v2/posts/3056.json]
[localhost/pastorscott/speaking/index.php/tag/gods-grace/index.html]
[localhost/pastorscott/speaking/index.php/wp-json/oembed/1.0/embeddc3b.json]
[localhost/pastorscott/speaking/index.php/wp-json/oembed/1.0/embed21b5]
[localhost/pastorscott/speaking/index.php/tag/good-friday/index.html]
[localhost/pastorscott/speaking/index.php/wp-json/wp/v2/posts/3054.json]
[localhost/pastorscott/speaking/index.php/tag/good-shepherd/index.html]
[localhost/pastorscott/speaking/index.php/wp-json/oembed/1.0/embedf7af]
[localhost/pastorscott/speaking/index.php/tag/history/index.html]
[localhost/pastorscott/speaking/index.php/tag/holiness/index.html]
[localhost/pastorscott/speaking/index.php/wp-json/wp/v2/posts/3052.json]
[localhost/pastorscott/speaking/index.php/wp-json/oembed/1.0/embeda59c.json]
[localhost/pastorscott/speaking/index.php/wp-json/oembed/1.0/embed9425]
[localhost/pastorscott/speaking/index.php/tag/holy-week/index.html]
[localhost/pastorscott/speaking/index.php/tag/humor/index.html]
[localhost/pastorscott/speaking/index.php/wp-json/wp/v2/posts/3050.json]
[localhost/pastorscott/speaking/index.php/wp-json/oembed/1.0/embedeb48]
[localhost/pastorscott/speaking/index.php/tag/hurricane/index.html]
[localhost/pastorscott/speaking/index.php/wp-json/wp/v2/posts/3048.json]
[localhost/pastorscott/speaking/index.php/tag/hurricane-ike/index.html]
[localhost/pastorscott/speaking/index.php/tag/hurricane-rita/index.html]
[localhost/pastorscott/speaking/index.php/tag/hurt/index.html]
[localhost/pastorscott/speaking/index.php/tag/internet/index.html]
[localhost/pastorscott/speaking/index.php/wp-json/oembed/1.0/embed980f.json]
[localhost/pastorscott/speaking/index.php/wp-json/oembed/1.0/embed1007]
[localhost/pastorscott/speaking/index.php/tag/j-hudson-taylor/index.html]
[localhost/pastorscott/speaking/index.php/tag/jim-cymbala/index.html]
[localhost/pastorscott/speaking/index.php/tag/john-geddie/index.html]
[localhost/pastorscott/speaking/index.php/tag/joke/index.html]
[localhost/pastorscott/speaking/index.php/tag/keith-drury/index.html]
[localhost/pastorscott/speaking/index.php/tag/laypeople/index.html]
[localhost/pastorscott/speaking/index.php/tag/liberals/index.html]
[localhost/pastorscott/speaking/index.php/tag/life/index.html]
[localhost/pastorscott/speaking/index.php/wp-json/wp/v2/tags/9.json]
[localhost/pastorscott/speaking/index.php/tag/liturgy/index.html]
[localhost/pastorscott/speaking/index.php/tag/lords-supper/index.html]
[localhost/pastorscott/speaking/index.php/tag/love/index.html]
[localhost/pastorscott/speaking/index.php/wp-json/wp/v2/tags/11.json]
[localhost/pastorscott/speaking/index.php/tag/memorial-day/index.html]
[localhost/pastorscott/speaking/index.php/tag/missionary/index.html]
[localhost/pastorscott/speaking/index.php/tag/mothers/index.html]
[localhost/pastorscott/speaking/index.php/tag/music/index.html]
[localhost/pastorscott/speaking/index.php/wp-json/wp/v2/tags/25.json]
[localhost/pastorscott/speaking/index.php/tag/nazarene/index.html]
[localhost/pastorscott/speaking/index.php/tag/nazarenes/index.html]
[localhost/pastorscott/speaking/index.php/wp-json/wp/v2/tags/50.json]
[localhost/pastorscott/speaking/index.php/tag/new-hebrides/index.html]
[localhost/pastorscott/speaking/index.php/tag/oswald-chambers/index.html]
[localhost/pastorscott/speaking/index.php/tag/pain/index.html]
[localhost/pastorscott/speaking/index.php/wp-json/wp/v2/tags/53.json]
[localhost/pastorscott/speaking/index.php/tag/pastor-appreciation/index.html]
[localhost/pastorscott/speaking/index.php/wp-json/wp/v2/tags/61.json]
[localhost/pastorscott/speaking/index.php/tag/pastoring/index.html]
[localhost/pastorscott/speaking/index.php/tag/pastors/index.html]
[localhost/pastorscott/speaking/index.php/tag/pastor-scott-cundiff/index.html]
[localhost/pastorscott/speaking/index.php/tag/patience/index.html]
[localhost/pastorscott/speaking/index.php/tag/prayer/index.html]
[localhost/pastorscott/speaking/index.php/wp-json/wp/v2/tags/64.json]
[localhost/pastorscott/speaking/index.php/tag/preacher/index.html]
[localhost/pastorscott/speaking/index.php/tag/prevenient-grace/index.html]
[localhost/pastorscott/speaking/index.php/tag/prodigal-son/index.html]
[localhost/pastorscott/speaking/index.php/wp-json/wp/v2/tags/69.json]
[localhost/pastorscott/speaking/index.php/wp-json/wp/v2/tags/82.json]
[localhost/pastorscott/speaking/index.php/wp-json/wp/v2/tags/85.json]
[localhost/pastorscott/speaking/index.php/tag/purity/index.html]
[localhost/pastorscott/speaking/index.php/tag/resurrection/index.html]
[localhost/pastorscott/speaking/index.php/tag/retirement/index.html]
[localhost/pastorscott/speaking/index.php/wp-json/wp/v2/tags/95.json]
[localhost/pastorscott/speaking/index.php/wp-json/wp/v2/tags/93.json]
[localhost/pastorscott/speaking/index.php/tag/reverend/index.html]
[localhost/pastorscott/speaking/index.php/wp-json/wp/v2/tags/102.json]
[localhost/pastorscott/speaking/index.php/wp-json/wp/v2/tags/104.json]
[localhost/pastorscott/speaking/index.php/tag/sabbatical-leave/index.html]
[lh4.googleusercontent.com/-YGAhC-QYXkY/U2aVH8mGusI/AAAAAAAAbvg/2CsvDHkmfXQ/s800/PHOTO_20140502_173747.jpg]
[localhost/pastorscott/speaking/index.php/tag/sacraments/index.html]
[localhost/pastorscott/speaking/index.php/tag/sacrifice/index.html]
[localhost/pastorscott/speaking/index.php/tag/salvation/index.html]
[localhost/pastorscott/speaking/index.php/wp-json/wp/v2/tags/105.json]
[localhost/pastorscott/speaking/index.php/wp-json/wp/v2/tags/113.json]
[localhost/pastorscott/speaking/index.php/tag/sanctification/index.html]
[localhost/pastorscott/speaking/index.php/wp-json/wp/v2/tags/117.json]
[localhost/pastorscott/speaking/index.php/tag/scripture/index.html]
[localhost/pastorscott/speaking/index.php/tag/sd-gordon/index.html]
[localhost/pastorscott/speaking/index.php/tag/second-coming/index.html]
[localhost/pastorscott/speaking/index.php/wp-json/wp/v2/tags/122.json]
[localhost/pastorscott/speaking/index.php/tag/technology/index.html]
[localhost/pastorscott/speaking/index.php/tag/terrorist/index.html]
[localhost/pastorscott/speaking/index.php/wp-json/wp/v2/tags/133.json]
[localhost/pastorscott/speaking/index.php/tag/thanksgiving/index.html]
[localhost/pastorscott/speaking/index.php/tag/theology/index.html]
[localhost/pastorscott/speaking/index.php/tag/worship/index.html]
[localhost/pastorscott/speaking/wp-content/uploads/dynamic-mobmenuae2f.css]
[localhost/pastorscott/speaking/index8a01.html]
[localhost/pastorscott/speaking/wp-content/uploads/dynamic-mobmenuf4de.css]
[localhost/pastorscott/speaking/index.php/wp-json/wp/v2/tags/135.json]
[localhost/pastorscott/speaking/index.php/author/grscott/page/2/index.html]
[localhost/pastorscott/speaking/wp-content/uploads/dynamic-mobmenub416.css]
[localhost/pastorscott/speaking/index.php/wp-json/wp/v2/tags/136.json]
[localhost/pastorscott/speaking/index.php/wp-json/wp/v2/tags/140.json]
[localhost/pastorscott/speaking/index.php/wp-json/wp/v2/tags/152.json]
[localhost/pastorscott/speaking/index.php/wp-json/wp/v2/tags/153.json]
[localhost/pastorscott/speaking/index.php/wp-json/wp/v2/tags/165.json]
[localhost/pastorscott/speaking/index.php/category/ministerially_speaking/page/2/index.html]
[localhost/pastorscott/speaking/wp-content/uploads/dynamic-mobmenuf261.css]
[localhost/pastorscott/speaking/index.php/maybe-pastors-should-stop-talking-about-football/index.html]
[localhost/pastorscott/speaking/index.php/wp-json/wp/v2/tags/166.json]
[localhost/pastorscott/speaking/index.php/wp-json/wp/v2/tags/168.json]
[localhost/pastorscott/speaking/index.php/wp-json/wp/v2/tags/171.json]
[localhost/pastorscott/speaking/index.php/wp-json/wp/v2/tags/169.json]
[localhost/pastorscott/speaking/index.php/wp-json/wp/v2/tags/170.json]
[localhost/pastorscott/speaking/index.php/wp-json/wp/v2/tags/181.json]
[localhost/pastorscott/speaking/index.php/pastor-this-is-real-commitment/index.html]
[localhost/pastorscott/speaking/index.php/wp-json/wp/v2/tags/616.json]
[localhost/pastorscott/speaking/index.php/wp-json/oembed/1.0/embed9d93.json]
[localhost/pastorscott/speaking/index.php/wp-json/wp/v2/tags/185.json]
[localhost/pastorscott/speaking/index.php/wp-json/wp/v2/tags/202.json]
[localhost/pastorscott/speaking/index.php/looking-for-a-pastor/index.html]
[localhost/pastorscott/speaking/index.php/wp-json/wp/v2/tags/203.json]
[localhost/pastorscott/speaking/index.php/advise-to-young-pastors-baptism/index.html]
[localhost/pastorscott/speaking/index.php/wp-json/wp/v2/tags/205.json]
[localhost/pastorscott/speaking/index.php/wp-json/wp/v2/tags/215.json]
[localhost/pastorscott/speaking/index.php/tag/baptism/index.html]
[localhost/pastorscott/speaking/index.php/after-communion/index.html]
[localhost/pastorscott/speaking/index.php/wp-json/wp/v2/tags/216.json]
[localhost/pastorscott/speaking/index.php/thinking-about-pastor-appreciation/index.html]
[localhost/pastorscott/speaking/index.php/how-well-is-your-church-entrance-marked/index.html]
[localhost/pastorscott/speaking/index.php/wp-json/wp/v2/tags/218.json]
[localhost/pastorscott/speaking/index.php/advice-to-young-pastors-annual-meetings-1/index.html]
[localhost/pastorscott/speaking/index.php/wp-json/wp/v2/tags/219.json]
[localhost/pastorscott/speaking/index.php/wp-json/wp/v2/tags/220.json]
[localhost/pastorscott/speaking/index.php/wp-json/wp/v2/tags/229.json]
[localhost/pastorscott/speaking/index.php/wp-json/wp/v2/tags/232.json]
[localhost/pastorscott/speaking/index.php/tag/annual-meeting/index.html]
[localhost/pastorscott/speaking/index.php/wp-json/wp/v2/tags/233.json]
[localhost/pastorscott/speaking/index.php/tag/advice/page/2/index.html]
[localhost/pastorscott/speaking/wp-content/uploads/dynamic-mobmenu2e21.css]
[localhost/pastorscott/speaking/index.php/wp-json/wp/v2/tags/234.json]
[localhost/pastorscott/speaking/index.php/wp-json/wp/v2/tags/235.json]
[localhost/pastorscott/speaking/index.php/communion/index.html]
[localhost/pastorscott/speaking/index.php/if-you-have-a-child-who-is-away-from-god-today/index.html]
[localhost/pastorscott/speaking/wp-content/uploads/dynamic-mobmenu288f.css]
[localhost/pastorscott/speaking/index.php/have-church-people-stopped-singing/index.html]
[localhost/pastorscott/speaking/index.php/wp-json/wp/v2/tags/239.json]
[localhost/pastorscott/speaking/index.php/wp-json/wp/v2/tags/249.json]
[localhost/pastorscott/speaking/index.php/wp-json/wp/v2/tags/251.json]
[localhost/pastorscott/speaking/index.php/wp-json/wp/v2/tags/253.json]
[localhost/pastorscott/speaking/index.php/wp-json/wp/v2/tags/255.json]
[localhost/pastorscott/speaking/index.php/reflections-on-the-second-anniversary-of-my-retirement/index.html]
[localhost/pastorscott/speaking/index.php/category/pastor-scott-cundiff/index.html]
[localhost/pastorscott/speaking/index.php/at-the-pearly-gates/index.html]
[localhost/pastorscott/speaking/wp-content/uploads/dynamic-mobmenu9b7f.css]
[localhost/pastorscott/speaking/indexb2a8.html]
[localhost/pastorscott/speaking/wp-content/uploads/dynamic-mobmenub776.css]
[localhost/pastorscott/speaking/index.php/wp-json/wp/v2/tags/457.json]
[localhost/pastorscott/speaking/index.php/wp-json/wp/v2/tags/268.json]
[localhost/pastorscott/speaking/index.php/wp-json/wp/v2/tags/257.json]
[localhost/pastorscott/speaking/index.php/wp-json/wp/v2/tags/262.json]
[localhost/pastorscott/speaking/index.php/wp-json/wp/v2/tags/272.json]
[localhost/pastorscott/speaking/index.php/wp-json/wp/v2/tags/277.json]
[localhost/pastorscott/speaking/index.php/coronaverses-04/index.html]
[localhost/pastorscott/speaking/index.php/thinking-about-the-tomb-that-first-easter-morning/index.html]
[localhost/pastorscott/speaking/index.php/wp-json/wp/v2/tags/279.json]
[localhost/pastorscott/speaking/index.php/wp-json/wp/v2/tags/282.json]
[localhost/pastorscott/speaking/index.php/wp-json/wp/v2/tags/286.json]
[localhost/pastorscott/speaking/index.php/wp-json/wp/v2/tags/297.json]
[localhost/pastorscott/speaking/index.php/pastors-need-mondays/index.html]
[localhost/pastorscott/speaking/index.php/on-the-subject-of-forgiveness/index.html]
[localhost/pastorscott/speaking/index.php/tag/forgiveness/index.html]
[localhost/pastorscott/speaking/index.php/wp-json/wp/v2/tags/298.json]
[localhost/pastorscott/speaking/index.php/wp-json/wp/v2/tags/302.json]
[localhost/pastorscott/speaking/index.php/tag/video/index.html]
[localhost/pastorscott/speaking/index.php/reading-the-word-of-the-lord/index.html]
[localhost/pastorscott/speaking/index.php/tag/new-testament/index.html]
[localhost/pastorscott/speaking/index.php/tag/old-testament/index.html]
[localhost/pastorscott/speaking/index.php/tag/out-loud/index.html]
[localhost/pastorscott/speaking/index.php/wp-json/wp/v2/tags/305.json]
[localhost/pastorscott/speaking/index.php/god-sometimes-colors-outside-the-lines/index.html]
[localhost/pastorscott/speaking/index.php/tag/jonah/index.html]
[localhost/pastorscott/speaking/index.php/tag/nineveh/index.html]
[localhost/pastorscott/speaking/index.php/wp-json/wp/v2/tags/306.json]
[localhost/pastorscott/speaking/index.php/wp-json/wp/v2/tags/304.json]
[localhost/pastorscott/speaking/index.php/category/uncategorized/page/2/index.html]
[localhost/pastorscott/speaking/wp-content/uploads/dynamic-mobmenu9f90.css]
[localhost/pastorscott/speaking/wp-content/uploads/dynamic-mobmenu7285.css]
[localhost/pastorscott/speaking/wp-content/uploads/dynamic-mobmenuc95a.css]
[localhost/pastorscott/speaking/wp-content/uploads/dynamic-mobmenu28da.css]
[localhost/pastorscott/speaking/indexcb51.html]
[localhost/pastorscott/speaking/wp-content/uploads/dynamic-mobmenu4f39.css]
[localhost/pastorscott/speaking/index.php/wp-json/wp/v2/tags/307.json]
[localhost/pastorscott/speaking/index.php/wp-json/wp/v2/tags/327.json]
[localhost/pastorscott/speaking/index.php/wp-json/wp/v2/tags/329.json]
[localhost/pastorscott/speaking/index.php/wp-json/wp/v2/tags/331.json]
[localhost/pastorscott/speaking/index.php/my-how-things-have-changed/index.html]
[localhost/pastorscott/speaking/index.php/holy-week-scripture-readings/index.html]
[localhost/pastorscott/speaking/index.php/nazarenes-the-bible-fundamentalism/index.html]
[localhost/pastorscott/speaking/index.php/wp-json/wp/v2/tags/334.json]
[localhost/pastorscott/speaking/index.php/wp-json/wp/v2/tags/337.json]
[localhost/pastorscott/speaking/index.php/battle-for-the-bible-2/index.html]
[localhost/pastorscott/speaking/index.php/wp-json/wp/v2/tags/346.json]
[localhost/pastorscott/speaking/index.php/tag/wesleyanism/index.html]
[localhost/pastorscott/speaking/index.php/wp-json/wp/v2/tags/459.json]
[localhost/pastorscott/speaking/index.php/god-and-history/index.html]
[localhost/pastorscott/speaking/index.php/tag/the-message/index.html]
[localhost/pastorscott/speaking/wp-content/uploads/dynamic-mobmenuec7d.css]
[localhost/pastorscott/speaking/index.php/wp-json/wp/v2/tags/347.json]
[localhost/pastorscott/speaking/index.php/preaching-for-decisions-know-when-to-land-the-sermon/index.html]
[localhost/pastorscott/speaking/index.php/contemporary-worship-things-that-bug-me/index.html]
[localhost/pastorscott/speaking/index.php/wp-json/wp/v2/tags/357.json]
[localhost/pastorscott/speaking/index.php/wp-json/wp/v2/tags/458.json]
[localhost/pastorscott/speaking/index.php/wp-json/wp/v2/tags/358.json]
[localhost/pastorscott/speaking/index.php/wp-json/wp/v2/tags/359.json]
[localhost/pastorscott/speaking/index.php/church-website-advice/index.html]
[localhost/pastorscott/speaking/index.php/tag/websites/index.html]
[localhost/pastorscott/speaking/wp-content/uploads/dynamic-mobmenu075e.css]
[localhost/pastorscott/speaking/index.php/good-friday-is-a-no-parking-zone/index.html]
[localhost/pastorscott/speaking/index.php/pastor-appreciation-why-some-churches-dont-do-it/index.html]
[localhost/pastorscott/speaking/index.php/wp-json/wp/v2/tags/360.json]
[localhost/pastorscott/speaking/index.php/wp-json/wp/v2/tags/362.json]
[localhost/pastorscott/speaking/index.php/the-biggest-single-change-for-pastors/index.html]
[localhost/pastorscott/speaking/index.php/wp-json/wp/v2/tags/363.json]
[localhost/pastorscott/speaking/index.php/wp-json/wp/v2/tags/366.json]
[localhost/pastorscott/speaking/index.php/wp-json/wp/v2/tags/389.json]
[localhost/pastorscott/speaking/index.php/tag/pastor/page/2/index.html]
[localhost/pastorscott/speaking/wp-content/uploads/dynamic-mobmenu7c35.css]
[localhost/pastorscott/speaking/index.php/wp-json/wp/v2/tags/391.json]
[localhost/pastorscott/speaking/index.php/preaching-advice-for-young-pastors-preach-an-annual-message/index.html]
[localhost/pastorscott/speaking/index.php/wp-json/wp/v2/tags/393.json]
[localhost/pastorscott/speaking/index.php/wp-json/wp/v2/tags/397.json]
[localhost/pastorscott/speaking/index.php/learning-to-laugh-at-yourself/index.html]
[localhost/pastorscott/speaking/index.php/wp-json/wp/v2/tags/439.json]
[localhost/pastorscott/speaking/index.php/tag/preaching/page/2/index.html]
[localhost/pastorscott/speaking/wp-content/uploads/dynamic-mobmenu367a.css]
[localhost/pastorscott/speaking/wp-content/uploads/dynamic-mobmenu6b55.css]
[localhost/pastorscott/speaking/indexfc9e.html]
[localhost/pastorscott/speaking/wp-content/uploads/dynamic-mobmenu1139.css]
[localhost/pastorscott/speaking/index.php/coronaverses-37/index.html]
[localhost/pastorscott/speaking/index.php/wp-json/wp/v2/posts/2919.json]
[localhost/pastorscott/speaking/index.php/wp-json/oembed/1.0/embed2d9a.json]
[localhost/pastorscott/speaking/index.php/wp-json/oembed/1.0/embed2c8a]
[localhost/pastorscott/speaking/index.php/wp-json/wp/v2/posts/2833.json]
[localhost/pastorscott/speaking/index.php/coronaverses-36/index.html]
[localhost/pastorscott/speaking/index.php/wp-json/oembed/1.0/embed1e55]
[localhost/pastorscott/speaking/index.php/wp-json/wp/v2/posts/2758.json]
[localhost/pastorscott/speaking/index.php/wp-json/oembed/1.0/embeda1c6.json]
[localhost/pastorscott/speaking/index.php/wp-json/oembed/1.0/embed26c6]
[localhost/pastorscott/speaking/index.php/wp-json/wp/v2/posts/2570.json]
[localhost/pastorscott/speaking/index.php/coronaverses-35/index.html]
[localhost/pastorscott/speaking/index.php/tag/coronaverses/page/2/index.html]
[localhost/pastorscott/speaking/wp-content/uploads/dynamic-mobmenu9d90.css]
[localhost/pastorscott/speaking/index4144.html]
[localhost/pastorscott/speaking/wp-content/uploads/dynamic-mobmenu259a.css]
[localhost/pastorscott/speaking/index01aa.html]
[localhost/pastorscott/speaking/wp-content/uploads/dynamic-mobmenu7977.css]
[localhost/pastorscott/speaking/index5dc8.html]
[localhost/pastorscott/speaking/wp-content/uploads/dynamic-mobmenu8c0f.css]
[localhost/pastorscott/speaking/index56f2.html]
[localhost/pastorscott/speaking/wp-content/uploads/dynamic-mobmenu2f31.css]
[localhost/pastorscott/speaking/index275d.html]
[localhost/pastorscott/speaking/index.php/wp-json/oembed/1.0/embed0030.json]
[localhost/pastorscott/speaking/index.php/wp-json/oembed/1.0/embed5d30]
[localhost/pastorscott/speaking/index.php/wp-json/wp/v2/posts/2240.json]
[localhost/pastorscott/speaking/index.php/wp-json/oembed/1.0/embed29dc]
[localhost/pastorscott/speaking/index.php/wp-json/oembed/1.0/embedc6a6.json]
[localhost/pastorscott/speaking/index.php/wp-json/wp/v2/posts/2221.json]
[localhost/pastorscott/speaking/index.php/wp-json/oembed/1.0/embed2852.json]
[localhost/pastorscott/speaking/index.php/wp-json/oembed/1.0/embed7df0.json]
[localhost/pastorscott/speaking/wp-content/uploads/dynamic-mobmenu5e71.css]
[localhost/pastorscott/speaking/index.php/wp-json/wp/v2/tags/618.json]
[localhost/pastorscott/speaking/index.php/wp-json/wp/v2/posts/2259.json]
[localhost/pastorscott/speaking/index.php/wp-json/oembed/1.0/embed890e.json]
[localhost/pastorscott/speaking/index.php/wp-json/oembed/1.0/embed779d]
[localhost/pastorscott/speaking/index.php/wp-json/wp/v2/tags/448.json]
[localhost/pastorscott/speaking/index.php/wp-json/oembed/1.0/embed48f2]
[localhost/pastorscott/speaking/index.php/wp-json/wp/v2/posts/2132.json]
[localhost/pastorscott/speaking/index.php/wp-json/oembed/1.0/embede797]
[localhost/pastorscott/speaking/indexd9e7.html]
[localhost/pastorscott/speaking/wp-content/uploads/dynamic-mobmenu2692.css]
[localhost/pastorscott/speaking/index.php/wp-json/wp/v2/posts/2257.json]
[localhost/pastorscott/speaking/index.php/wp-json/oembed/1.0/embed203a.json]
[localhost/pastorscott/speaking/index.php/coronaverses-34/index.html]
[localhost/pastorscott/speaking/index.php/coronaverses-33/index.html]
[localhost/pastorscott/speaking/index.php/coronaverses-32/index.html]
[localhost/pastorscott/speaking/index.php/wp-json/oembed/1.0/embed66ab]
[localhost/pastorscott/speaking/index.php/wp-json/wp/v2/posts/782.json]
[localhost/pastorscott/speaking/index.php/wp-json/oembed/1.0/embed9473.json]
[localhost/pastorscott/speaking/index.php/wp-json/oembed/1.0/embedd059]
[localhost/pastorscott/speaking/index.php/wp-json/wp/v2/posts/2893.json]
[localhost/pastorscott/speaking/index.php/wp-json/oembed/1.0/embed901a]
[localhost/pastorscott/speaking/index.php/wp-json/oembed/1.0/embed17fd.json]
[localhost/pastorscott/speaking/index.php/wp-json/wp/v2/posts/2553.json]
[localhost/pastorscott/speaking/index.php/coronaverses-31/index.html]
[localhost/pastorscott/speaking/index.php/coronaverses-30/index.html]
[localhost/pastorscott/speaking/index.php/coronaverses-29/index.html]
[localhost/pastorscott/speaking/index.php/wp-json/oembed/1.0/embed971b.json]
[localhost/pastorscott/speaking/index.php/wp-json/oembed/1.0/embed8250]
[localhost/pastorscott/speaking/index.php/wp-json/wp/v2/categories/466.json]
[localhost/pastorscott/speaking/index.php/coronaverses-28/index.html]
[localhost/pastorscott/speaking/index.php/page/3/index.html]
[localhost/pastorscott/speaking/wp-content/uploads/dynamic-mobmenu78ad.css]
[localhost/pastorscott/speaking/index.php/wp-json/wp/v2/posts/1453.json]
[localhost/pastorscott/speaking/index.php/911-we-remember/index.html]
[localhost/pastorscott/speaking/wp-content/uploads/dynamic-mobmenu7d5b.css]
[localhost/pastorscott/speaking/index.php/wp-json/oembed/1.0/embedfa8c]
[localhost/pastorscott/speaking/index.php/wp-json/wp/v2/posts/2972.json]
[localhost/pastorscott/speaking/index.php/wp-json/oembed/1.0/embed95b0.json]
[localhost/pastorscott/speaking/index.php/wp-json/oembed/1.0/embeda55a.json]
[localhost/pastorscott/speaking/index.php/wp-json/oembed/1.0/embed4ae0]
[localhost/pastorscott/speaking/index.php/wp-json/wp/v2/posts/2540.json]
[localhost/pastorscott/speaking/index.php/wp-json/oembed/1.0/embed5d69.json]
[localhost/pastorscott/speaking/index.php/humor-of-abraham-lincoln/index.html]
[localhost/pastorscott/speaking/wp-content/uploads/dynamic-mobmenu1d89.css]
[localhost/pastorscott/speaking/index.php/a-pastor-appreciating-fine-lay-people/index.html]
[localhost/pastorscott/speaking/wp-content/uploads/dynamic-mobmenu4a69.css]
[localhost/pastorscott/speaking/wp-content/uploads/dynamic-mobmenua90b.css]
[localhost/pastorscott/speaking/index.php/quote-from-pf-bresee-concerning-nazarene-doctrine/index.html]
[localhost/pastorscott/speaking/wp-content/uploads/dynamic-mobmenu7ab0.css]
[localhost/pastorscott/speaking/index.php/wp-json/oembed/1.0/embedb1b7]
[localhost/pastorscott/speaking/index.php/wp-json/wp/v2/posts/2653.json]
[localhost/pastorscott/speaking/index.php/wp-json/oembed/1.0/embed7296.json]
[localhost/pastorscott/speaking/index.php/wp-json/oembed/1.0/embed41b5.json]
[localhost/pastorscott/speaking/index.php/wp-json/oembed/1.0/embed1c9e]
[localhost/pastorscott/speaking/index.php/wp-json/wp/v2/tags/460.json]
[localhost/pastorscott/speaking/index.php/wp-json/wp/v2/tags/421.json]
[localhost/pastorscott/speaking/index.php/wp-json/oembed/1.0/embed87d0]
[localhost/pastorscott/speaking/index.php/wp-json/wp/v2/tags/451.json]
[localhost/pastorscott/speaking/index.php/wp-json/wp/v2/tags/453.json]
[localhost/pastorscott/speaking/index.php/wp-json/wp/v2/posts/2173.json]
[localhost/pastorscott/speaking/index.php/wp-json/oembed/1.0/embedb4b1.json]
[localhost/pastorscott/speaking/index.php/wp-json/oembed/1.0/embed7cd0]
[localhost/pastorscott/speaking/index.php/wp-json/oembed/1.0/embed2869]
[localhost/pastorscott/speaking/index.php/wp-json/oembed/1.0/embed9777.json]
[localhost/pastorscott/speaking/index.php/wp-json/wp/v2/tags/452.json]
[localhost/pastorscott/speaking/index.php/wp-json/wp/v2/posts/2342.json]
[localhost/pastorscott/speaking/index.php/wp-json/wp/v2/posts/2179.json]
[localhost/pastorscott/speaking/index.php/reflections-on-the-1st-anniversary-of-my-retirement/index.html]
[localhost/pastorscott/speaking/index.php/plugged-and-unplugged-2/index.html]
[localhost/pastorscott/speaking/wp-content/uploads/dynamic-mobmenu9237.css]
[localhost/pastorscott/speaking/index.php/cutting-and-slashing-in-jesus-name/index.html]
[localhost/pastorscott/speaking/wp-content/uploads/dynamic-mobmenu0f70.css]
[localhost/pastorscott/speaking/index.php/wish-i-had-said-that/index.html]
[localhost/pastorscott/speaking/wp-content/uploads/dynamic-mobmenu6f33.css]
[localhost/pastorscott/speaking/index.php/wp-json/wp/v2/tags/449.json]
[localhost/pastorscott/speaking/index.php/wp-json/wp/v2/tags/450.json]
[localhost/pastorscott/speaking/index.php/wp-json/oembed/1.0/embedfcf3.json]
[localhost/pastorscott/speaking/index.php/wp-json/oembed/1.0/embeddf83]
[localhost/pastorscott/speaking/index.php/wp-json/wp/v2/posts/1437.json]
[localhost/pastorscott/speaking/index.php/wp-json/oembed/1.0/embede636.json]
[localhost/pastorscott/speaking/index.php/wp-json/wp/v2/posts/2346.json]
[localhost/pastorscott/speaking/index.php/wp-json/oembed/1.0/embed5d8c]
[localhost/pastorscott/speaking/index.php/wp-json/oembed/1.0/embed5734.json]
[localhost/pastorscott/speaking/index.php/wp-json/oembed/1.0/embed892f.json]
[localhost/pastorscott/speaking/index.php/wp-json/wp/v2/posts/785.json]
[localhost/pastorscott/speaking/index.php/wp-json/wp/v2/tags/395.json]
[localhost/pastorscott/speaking/index.php/wp-json/wp/v2/posts/1394.json]
[localhost/pastorscott/speaking/index.php/wp-json/wp/v2/posts/1273.json]
[localhost/pastorscott/speaking/index.php/wp-json/oembed/1.0/embeda5a3]
[localhost/pastorscott/speaking/index.php/wp-json/oembed/1.0/embeda4b4.json]
[localhost/pastorscott/speaking/index.php/wp-json/oembed/1.0/embed0074]
[localhost/pastorscott/speaking/index.php/wp-json/wp/v2/posts/2614.json]
[localhost/pastorscott/speaking/index.php/wp-json/wp/v2/tags/432.json]
[localhost/pastorscott/speaking/index.php/wp-json/oembed/1.0/embedc32c.json]
[localhost/pastorscott/speaking/index.php/wp-json/oembed/1.0/embed9488]
[localhost/pastorscott/speaking/index.php/wp-json/oembed/1.0/embed7993]
[localhost/pastorscott/speaking/index.php/wp-json/wp/v2/posts/2285.json]
[localhost/pastorscott/speaking/wp-content/uploads/dynamic-mobmenu1fb2.css]
[localhost/pastorscott/speaking/index.php/wp-json/oembed/1.0/embed2353.json]
[localhost/pastorscott/speaking/wp-content/uploads/dynamic-mobmenu231f.css]
[localhost/pastorscott/speaking/index.php/wp-json/oembed/1.0/embed0177]
[localhost/pastorscott/speaking/index.php/wp-json/wp/v2/posts/2217.json]
[localhost/pastorscott/speaking/index.php/great-holiness-song/index.html]
[localhost/pastorscott/speaking/wp-content/uploads/dynamic-mobmenu39c6.css]
[localhost/pastorscott/speaking/index.php/during-communion/index.html]
[localhost/pastorscott/speaking/wp-content/uploads/dynamic-mobmenufd6d.css]
[localhost/pastorscott/speaking/index.php/who-is-god/index.html]
[localhost/pastorscott/speaking/wp-content/uploads/dynamic-mobmenu30ce.css]
[localhost/pastorscott/speaking/index.php/holy-saturday/index.html]
[localhost/pastorscott/speaking/index.php/wp-json/wp/v2/tags/431.json]
[localhost/pastorscott/speaking/index.php/wp-json/wp/v2/posts/2591.json]
[localhost/pastorscott/speaking/index.php/wp-json/oembed/1.0/embed3c72.json]
[localhost/pastorscott/speaking/index.php/wp-json/oembed/1.0/embedca3d]
[localhost/pastorscott/speaking/index.php/wp-json/wp/v2/posts/2544.json]
[localhost/pastorscott/speaking/index.php/wp-json/oembed/1.0/embed8626.json]
[localhost/pastorscott/speaking/index.php/wp-json/wp/v2/posts/2655.json]
[localhost/pastorscott/speaking/index.php/wp-json/oembed/1.0/embed1ca1.json]
[localhost/pastorscott/speaking/index.php/wp-json/oembed/1.0/embede399]
[localhost/pastorscott/speaking/index.php/wp-json/oembed/1.0/embedf7c1.json]
[localhost/pastorscott/speaking/index.php/wp-json/oembed/1.0/embed16ec]
[localhost/pastorscott/speaking/index.php/wp-json/wp/v2/posts/1818.json]
[localhost/pastorscott/speaking/index.php/wp-json/oembed/1.0/embedf6df]
[localhost/pastorscott/speaking/index.php/wp-json/oembed/1.0/embed526a.json]
[localhost/pastorscott/speaking/index.php/wp-json/oembed/1.0/embed0f6b]
[localhost/pastorscott/speaking/index.php/wp-json/wp/v2/posts/1803.json]
[localhost/pastorscott/speaking/index.php/wp-json/oembed/1.0/embed8599.json]
[localhost/pastorscott/speaking/index.php/wp-json/oembed/1.0/embedc0f3]
[localhost/pastorscott/speaking/index.php/wp-json/wp/v2/posts/3046.json]
[localhost/pastorscott/speaking/index.php/wp-json/oembed/1.0/embede929.json]
[localhost/pastorscott/speaking/index.php/wp-json/oembed/1.0/embed02d2]
[localhost/pastorscott/speaking/index.php/good-friday/index.html]
[localhost/pastorscott/speaking/index.php/thinking-about-good-friday/index.html]
[localhost/pastorscott/speaking/index.php/wp-json/wp/v2/posts/3044.json]
[localhost/pastorscott/speaking/index.php/wp-json/oembed/1.0/embedfb0c.json]
[localhost/pastorscott/speaking/index.php/at-the-cross/index.html]
[localhost/pastorscott/speaking/wp-content/uploads/dynamic-mobmenu4813.css]
[localhost/pastorscott/speaking/wp-content/uploads/dynamic-mobmenu845a.css]
[localhost/pastorscott/speaking/wp-content/uploads/dynamic-mobmenua072.css]
[localhost/pastorscott/speaking/wp-content/uploads/dynamic-mobmenu66ae.css]
[localhost/pastorscott/speaking/index.php/sing-it-right-christ-arose/index.html]
[localhost/pastorscott/speaking/index.php/wp-json/wp/v2/posts/3040.json]
[localhost/pastorscott/speaking/index.php/wp-json/oembed/1.0/embedfccd]
[localhost/pastorscott/speaking/index.php/wp-json/oembed/1.0/embed9a97.json]
[localhost/pastorscott/speaking/index.php/wp-json/wp/v2/posts/3038.json]
[localhost/pastorscott/speaking/index.php/wp-json/oembed/1.0/embedd1ac.json]
[localhost/pastorscott/speaking/index.php/wp-json/oembed/1.0/embedcc98]
[localhost/pastorscott/speaking/index.php/wp-json/oembed/1.0/embed9484.json]
[localhost/pastorscott/speaking/index.php/wp-json/oembed/1.0/embed0e0c]
[localhost/pastorscott/speaking/index.php/wp-json/wp/v2/posts/3035.json]
[localhost/pastorscott/speaking/index.php/wp-json/oembed/1.0/embed0d46]
[localhost/pastorscott/speaking/index.php/great-easter-quote/index.html]
[localhost/pastorscott/speaking/wp-content/uploads/dynamic-mobmenu71e9.css]
[localhost/pastorscott/speaking/index.php/wp-json/wp/v2/posts/3033.json]
[localhost/pastorscott/speaking/index.php/the-elder-brother/index.html]
[localhost/pastorscott/speaking/wp-content/uploads/dynamic-mobmenue304.css]
[localhost/pastorscott/speaking/wp-content/uploads/dynamic-mobmenud269.css]
[localhost/pastorscott/speaking/index.php/wp-json/oembed/1.0/embed627a.json]
[localhost/pastorscott/speaking/index.php/wp-json/oembed/1.0/embed4096]
[localhost/pastorscott/speaking/index.php/wp-json/wp/v2/posts/3031.json]
[localhost/pastorscott/speaking/index.php/wp-json/oembed/1.0/embedcc64.json]
[localhost/pastorscott/speaking/index.php/wp-json/oembed/1.0/embed236a]
[localhost/pastorscott/speaking/index.php/wp-json/wp/v2/posts/3028.json]
[localhost/pastorscott/speaking/index.php/wp-json/oembed/1.0/embede2e5.json]
[localhost/pastorscott/speaking/index.php/wp-json/oembed/1.0/embed62e9]
[localhost/pastorscott/speaking/index.php/wp-json/wp/v2/posts/3026.json]
[localhost/pastorscott/speaking/index.php/wp-json/oembed/1.0/embed26d8.json]
[localhost/pastorscott/speaking/index.php/playing-ecclesiastical-space-invaders/index.html]
[localhost/pastorscott/speaking/wp-content/uploads/dynamic-mobmenuaa2e.css]
[localhost/pastorscott/speaking/wp-content/uploads/dynamic-mobmenu59a9.css]
[localhost/pastorscott/speaking/index.php/christians-should-walk-the-talk/index.html]
[localhost/pastorscott/speaking/wp-content/uploads/dynamic-mobmenu8e85.css]
[localhost/pastorscott/speaking/index.php/memorial-day-thoughts/index.html]
[localhost/pastorscott/speaking/wp-content/uploads/dynamic-mobmenu4c8e.css]
[localhost/pastorscott/speaking/index.php/wp-json/oembed/1.0/embed8e08]
[localhost/pastorscott/speaking/index.php/wp-json/wp/v2/posts/3024.json]
[localhost/pastorscott/speaking/index.php/wp-json/oembed/1.0/embed70b9.json]
[localhost/pastorscott/speaking/index.php/wp-json/oembed/1.0/embedf4fb]
[localhost/pastorscott/speaking/index.php/heart-and-doctrine/index.html]
[localhost/pastorscott/speaking/wp-content/uploads/dynamic-mobmenu7fc4.css]
[localhost/pastorscott/speaking/wp-content/uploads/dynamic-mobmenua68b.css]
[localhost/pastorscott/speaking/wp-content/uploads/dynamic-mobmenu035f.css]
[localhost/pastorscott/speaking/index.php/funeral-for-a-baby-that-didnt-make-it-to-birth/index.html]
[localhost/pastorscott/speaking/wp-content/uploads/dynamic-mobmenu9ef3.css]
[localhost/pastorscott/speaking/index.php/preaching-advice-for-young-pastors-funerals-part-3/index.html]
[localhost/pastorscott/speaking/index.php/wp-json/wp/v2/posts/817.json]
[localhost/pastorscott/speaking/index.php/wp-json/oembed/1.0/embed3d99.json]
[localhost/pastorscott/speaking/index.php/wp-json/oembed/1.0/embeda561]
[localhost/pastorscott/speaking/index.php/wp-json/wp/v2/posts/802.json]
[localhost/pastorscott/speaking/index.php/wp-json/oembed/1.0/embedb3cb.json]
[localhost/pastorscott/speaking/index.php/wp-json/oembed/1.0/embed65ae]
[localhost/pastorscott/speaking/index.php/wp-json/wp/v2/posts/901.json]
[localhost/pastorscott/speaking/index.php/wp-json/oembed/1.0/embedae6c.json]
[localhost/pastorscott/speaking/index.php/wp-json/oembed/1.0/embed689b]
[localhost/pastorscott/speaking/index.php/preaching-advice-for-young-pastors-funerals-part-2/index.html]
[localhost/pastorscott/speaking/index.php/wp-json/wp/v2/posts/1805.json]
[localhost/pastorscott/speaking/index.php/preaching-advice-for-young-pastors-funerals-part-1/index.html]
[localhost/pastorscott/speaking/wp-content/uploads/dynamic-mobmenu81fd.css]
[localhost/pastorscott/speaking/wp-content/uploads/dynamic-mobmenu7be9.css]
[localhost/pastorscott/speaking/wp-content/uploads/dynamic-mobmenue4fe.css]
[localhost/pastorscott/speaking/wp-content/uploads/dynamic-mobmenuaa26.css]
[localhost/pastorscott/speaking/wp-content/uploads/dynamic-mobmenu020c.css]
[localhost/pastorscott/speaking/index.php/preaching-on-second-blessing-holiness/index.html]
[localhost/pastorscott/speaking/index.php/wp-json/oembed/1.0/embed5c82]
[localhost/pastorscott/speaking/index.php/wp-json/oembed/1.0/embede0e3.json]
[localhost/pastorscott/speaking/index.php/wp-json/wp/v2/posts/2277.json]
[localhost/pastorscott/speaking/index.php/wp-json/oembed/1.0/embedb4c7]
[localhost/pastorscott/speaking/index.php/wp-json/oembed/1.0/embed4ab9.json]
[localhost/pastorscott/speaking/index.php/wp-json/oembed/1.0/embed5b30]
[localhost/pastorscott/speaking/index.php/wp-json/wp/v2/posts/1695.json]
[localhost/pastorscott/speaking/index.php/wp-json/oembed/1.0/embed1dcf.json]
[localhost/pastorscott/speaking/index.php/wp-json/oembed/1.0/embed98f9]
[localhost/pastorscott/speaking/index.php/wp-json/wp/v2/posts/1392.json]
[localhost/pastorscott/speaking/index.php/wp-json/oembed/1.0/embed278a.json]
[localhost/pastorscott/speaking/index.php/wp-json/wp/v2/posts/801.json]
[localhost/pastorscott/speaking/index.php/wp-json/oembed/1.0/embed2510.json]
[localhost/pastorscott/speaking/index.php/a-holy-god-and-a-holy-people/index.html]
[localhost/pastorscott/speaking/index.php/tag/transcendence/index.html]
[localhost/pastorscott/speaking/wp-content/uploads/dynamic-mobmenu0474.css]
[localhost/pastorscott/speaking/wp-content/uploads/dynamic-mobmenu4e9b.css]
[localhost/pastorscott/speaking/wp-content/uploads/dynamic-mobmenu3c76.css]
[localhost/pastorscott/speaking/index.php/hurricanes-and-the-return-of-christ/index.html]
[localhost/pastorscott/speaking/index.php/clothes-gluttons/index.html]
[localhost/pastorscott/speaking/wp-content/uploads/dynamic-mobmenua8b5.css]
[localhost/pastorscott/speaking/wp-content/uploads/dynamic-mobmenu4234.css]
[localhost/pastorscott/speaking/wp-content/uploads/dynamic-mobmenuc9fc.css]
[localhost/pastorscott/speaking/index.php/what-to-think-of-someone-who-accuses-us-of-telling-lies-or-says-other-unkind-things-about-us/index.html]
[localhost/pastorscott/speaking/index.php/wp-json/oembed/1.0/embed73f2]
[localhost/pastorscott/speaking/index.php/wp-json/wp/v2/posts/1465.json]
[localhost/pastorscott/speaking/index.php/wp-json/wp/v2/posts/2632.json]
[localhost/pastorscott/speaking/index.php/wp-json/oembed/1.0/embed7dd4.json]
[localhost/pastorscott/speaking/index.php/wp-json/oembed/1.0/embedd7d3.json]
[localhost/pastorscott/speaking/index.php/wp-json/oembed/1.0/embed39b6.json]
[localhost/pastorscott/speaking/index.php/wp-json/oembed/1.0/embed2e2e.json]
[localhost/pastorscott/speaking/index.php/wp-json/wp/v2/posts/806.json]
[localhost/pastorscott/speaking/index.php/wp-json/wp/v2/posts/2748.json]
[localhost/pastorscott/speaking/index.php/wp-json/wp/v2/posts/2744.json]
[localhost/pastorscott/speaking/index.php/wp-json/oembed/1.0/embedfc8e]
[localhost/pastorscott/speaking/index.php/wp-json/wp/v2/posts/2536.json]
[localhost/pastorscott/speaking/index.php/wp-json/oembed/1.0/embed384e]
[localhost/pastorscott/speaking/index.php/wp-json/oembed/1.0/embed5013.json]
[localhost/pastorscott/speaking/index.php/wp-json/oembed/1.0/embed0fb7]
[localhost/pastorscott/speaking/index.php/wp-json/oembed/1.0/embedafd7]
[localhost/pastorscott/speaking/index.php/wp-json/oembed/1.0/embed5ba0]
[localhost/pastorscott/speaking/index.php/wp-json/oembed/1.0/embed1346]
[localhost/pastorscott/speaking/index.php/wp-json/oembed/1.0/embedd296.json]
[localhost/pastorscott/speaking/index.php/wp-json/wp/v2/posts/1439.json]
[localhost/pastorscott/speaking/index.php/wp-json/wp/v2/posts/2626.json]
[localhost/pastorscott/speaking/index.php/wp-json/oembed/1.0/embede852]
[localhost/pastorscott/speaking/index.php/wp-json/oembed/1.0/embedd67a.json]
[localhost/pastorscott/speaking/index.php/tag/words/index.html]
[localhost/pastorscott/speaking/index.php/wp-json/oembed/1.0/embed8041.json]
[localhost/pastorscott/speaking/wp-content/uploads/dynamic-mobmenu1ec0.css]
[localhost/pastorscott/speaking/index.php/wp-json/wp/v2/posts/1441.json]
[localhost/pastorscott/speaking/index.php/wp-json/oembed/1.0/embed70f7]
[localhost/pastorscott/speaking/wp-content/uploads/dynamic-mobmenu1979.css]
[localhost/pastorscott/speaking/index.php/wp-json/oembed/1.0/embed161e.json]
[localhost/pastorscott/speaking/index.php/wp-json/oembed/1.0/embed6b1c]
[localhost/pastorscott/speaking/index.php/j-hudson-taylor-on-prayer/index.html]
[localhost/pastorscott/speaking/wp-content/uploads/dynamic-mobmenuc965.css]
[localhost/pastorscott/speaking/wp-content/uploads/dynamic-mobmenue38a.css]
[localhost/pastorscott/speaking/index.php/inspirational-story-of-gohn-geddie/index.html]
[localhost/pastorscott/speaking/wp-content/uploads/dynamic-mobmenub399.css]
[localhost/pastorscott/speaking/wp-content/uploads/dynamic-mobmenu5516.css]
[localhost/pastorscott/speaking/index.php/in-search-of-mediocrity/index.html]
[localhost/pastorscott/speaking/index.php/tag/the-church/index.html]
[localhost/pastorscott/speaking/wp-content/uploads/dynamic-mobmenub4bf.css]
[localhost/pastorscott/speaking/wp-content/uploads/dynamic-mobmenueb5e.css]
[localhost/pastorscott/speaking/index.php/wp-json/wp/v2/posts/793.json]
[localhost/pastorscott/speaking/index.php/wp-json/oembed/1.0/embed88e7.json]
[localhost/pastorscott/speaking/index.php/wp-json/oembed/1.0/embed8add]
[localhost/pastorscott/speaking/index.php/wp-json/wp/v2/posts/1413.json]
[localhost/pastorscott/speaking/index.php/wp-json/oembed/1.0/embed67b4.json]
[localhost/pastorscott/speaking/index.php/wp-json/wp/v2/posts/781.json]
[localhost/pastorscott/speaking/index.php/wp-json/wp/v2/posts/835.json]
[localhost/pastorscott/speaking/index.php/wp-json/oembed/1.0/embed7589.json]
[localhost/pastorscott/speaking/index.php/wp-json/oembed/1.0/embed7ccd]
[localhost/pastorscott/speaking/index.php/wp-json/wp/v2/posts/805.json]
[localhost/pastorscott/speaking/index.php/wp-json/oembed/1.0/embed958d.json]
[localhost/pastorscott/speaking/index.php/wp-json/oembed/1.0/embed0c5f]
[localhost/pastorscott/speaking/index.php/wp-json/wp/v2/posts/843.json]
[localhost/pastorscott/speaking/index.php/wp-json/oembed/1.0/embed0775]
[localhost/pastorscott/speaking/index.php/wp-json/oembed/1.0/embed9f2e]
[localhost/pastorscott/speaking/index.php/wp-json/oembed/1.0/embede62e]
[localhost/pastorscott/speaking/index.php/wp-json/oembed/1.0/embedca78.json]
[localhost/pastorscott/speaking/index.php/wp-json/oembed/1.0/embed0872]
[localhost/pastorscott/speaking/index.php/wp-json/wp/v2/posts/1794.json]
[localhost/pastorscott/speaking/index.php/wp-json/oembed/1.0/embed2857.json]
[localhost/pastorscott/speaking/index.php/wp-json/oembed/1.0/embede8e4]
[localhost/pastorscott/speaking/index.php/wp-json/oembed/1.0/embedfc39.json]
[localhost/pastorscott/speaking/index.php/wp-json/oembed/1.0/embed1b3f.json]
[localhost/pastorscott/speaking/index.php/wp-json/oembed/1.0/embedf825.json]
[localhost/pastorscott/speaking/index.php/wp-json/wp/v2/posts/1798.json]
[localhost/pastorscott/speaking/index.php/wp-json/wp/v2/posts/1796.json]
[localhost/pastorscott/speaking/index.php/wp-json/oembed/1.0/embedeff8]
[localhost/pastorscott/speaking/index.php/wp-json/wp/v2/posts/803.json]
[localhost/pastorscott/speaking/index.php/confession-of-a-non-liturgical-pastor/index.html]
[localhost/pastorscott/speaking/wp-content/uploads/dynamic-mobmenu7261.css]
[localhost/pastorscott/speaking/wp-content/uploads/dynamic-mobmenu06d4.css]
[localhost/pastorscott/speaking/wp-content/uploads/dynamic-mobmenuc71c.css]
[localhost/pastorscott/speaking/wp-content/uploads/dynamic-mobmenu3745.css]
[localhost/pastorscott/speaking/index.php/wp-json/oembed/1.0/embed9ac8]
[localhost/pastorscott/speaking/index.php/wp-json/wp/v2/posts/788.json]
[localhost/pastorscott/speaking/index.php/wp-json/oembed/1.0/embed15d9.json]
[localhost/pastorscott/speaking/index.php/wp-json/wp/v2/tags/406.json]
[localhost/pastorscott/speaking/index.php/wp-json/oembed/1.0/embeda461.json]
[localhost/pastorscott/speaking/index.php/wp-json/wp/v2/posts/819.json]
[localhost/pastorscott/speaking/index.php/wp-json/oembed/1.0/embed05c6]
[localhost/pastorscott/speaking/index.php/preaching-advice-for-young-pastors-mothers-day/index.html]
[localhost/pastorscott/speaking/wp-content/uploads/dynamic-mobmenufe95.css]
[localhost/pastorscott/speaking/wp-content/uploads/dynamic-mobmenu606d.css]
[localhost/pastorscott/speaking/wp-content/uploads/dynamic-mobmenud500.css]
[localhost/pastorscott/speaking/wp-content/uploads/dynamic-mobmenu6b4d.css]
[localhost/pastorscott/speaking/wp-content/uploads/dynamic-mobmenu51ec.css]
[localhost/pastorscott/speaking/wp-content/uploads/dynamic-mobmenu8e85-2.css]
[localhost/pastorscott/speaking/index.php/wp-json/oembed/1.0/embede0e3-2.json]
[localhost/pastorscott/speaking/index.php/pastor-appreciation-take-the-day-off/index.html]
[localhost/pastorscott/speaking/index.php/wp-json/oembed/1.0/embed5009]
[localhost/pastorscott/speaking/index.php/wp-json/oembed/1.0/embedb582.json]
[localhost/pastorscott/speaking/index.php/wp-json/wp/v2/posts/813.json]
[localhost/pastorscott/speaking/index.php/wp-json/oembed/1.0/embed5c12]
[localhost/pastorscott/speaking/index.php/wp-json/oembed/1.0/embedc3ba]
[localhost/pastorscott/speaking/index.php/wp-json/wp/v2/tags/438.json]
[localhost/pastorscott/speaking/index.php/wp-json/oembed/1.0/embed8860.json]
[localhost/pastorscott/speaking/index.php/wp-json/oembed/1.0/embed999f]
[localhost/pastorscott/speaking/index.php/wp-json/wp/v2/posts/853.json]
[localhost/pastorscott/speaking/index.php/wp-json/oembed/1.0/embed5518.json]
[localhost/pastorscott/speaking/index.php/wp-json/wp/v2/posts/1387.json]
[localhost/pastorscott/speaking/index.php/wp-json/wp/v2/posts/799.json]
[localhost/pastorscott/speaking/index.php/wp-json/oembed/1.0/embed40b6.json]
[localhost/pastorscott/speaking/index.php/more-and-more-pastor-appreciation/index.html]
[localhost/pastorscott/speaking/index.php/its-pastor-appreciation-month/index.html]
[localhost/pastorscott/speaking/wp-content/uploads/dynamic-mobmenu4b57.css]
[localhost/pastorscott/speaking/index.php/tag/pastoring/page/2/index.html]
[localhost/pastorscott/speaking/wp-content/uploads/dynamic-mobmenu5ebc.css]
[localhost/pastorscott/speaking/wp-content/uploads/dynamic-mobmenu8c78.css]
[localhost/pastorscott/speaking/wp-content/uploads/dynamic-mobmenu9922.css]
[localhost/pastorscott/speaking/index.php/wp-json/wp/v2/posts/865.json]
[localhost/pastorscott/speaking/index.php/wp-json/oembed/1.0/embedac86]
[localhost/pastorscott/speaking/index.php/wp-json/oembed/1.0/embed490a.json]
[localhost/pastorscott/speaking/index.php/wp-json/oembed/1.0/embed8650]
[localhost/pastorscott/speaking/index.php/wp-json/oembed/1.0/embed2324.json]
[localhost/pastorscott/speaking/index.php/wp-json/oembed/1.0/embed6590]
[localhost/pastorscott/speaking/index.php/wp-json/wp/v2/posts/1525.json]
[localhost/pastorscott/speaking/index.php/wp-json/oembed/1.0/embedebc4]
[localhost/pastorscott/speaking/index.php/wp-json/oembed/1.0/embede7d6.json]
[localhost/pastorscott/speaking/index.php/wp-json/oembed/1.0/embedb420]
[localhost/pastorscott/speaking/index.php/wp-json/wp/v2/posts/1353.json]
[localhost/pastorscott/speaking/index.php/wp-json/oembed/1.0/embed7a9b.json]
[localhost/pastorscott/speaking/index.php/wp-json/wp/v2/tags/394.json]
[localhost/pastorscott/speaking/index.php/wp-json/oembed/1.0/embedafed]
[localhost/pastorscott/speaking/index.php/wp-json/oembed/1.0/embed5472.json]
[localhost/pastorscott/speaking/index.php/value-of-prayer/index.html]
[localhost/pastorscott/speaking/wp-content/uploads/dynamic-mobmenu3089.css]
[localhost/pastorscott/speaking/index.php/reverend-pastor-preacher-father/index.html]
[localhost/pastorscott/speaking/index.php/tag/titles/index.html]
[localhost/pastorscott/speaking/wp-content/uploads/dynamic-mobmenub39f.css]
[localhost/pastorscott/speaking/index.php/wp-json/oembed/1.0/embed3936]
[localhost/pastorscott/speaking/index.php/wp-json/wp/v2/posts/1784.json]
[localhost/pastorscott/speaking/index.php/wp-json/wp/v2/posts/1789.json]
[localhost/pastorscott/speaking/index.php/wp-json/oembed/1.0/embed127c.json]
[localhost/pastorscott/speaking/index.php/wp-json/wp/v2/posts/1360.json]
[localhost/pastorscott/speaking/index.php/previenent-grace-along-the-highway/index.html]
[localhost/pastorscott/speaking/index.php/tag/grace/index.html]
[localhost/pastorscott/speaking/wp-content/uploads/dynamic-mobmenu6253.css]
[localhost/pastorscott/speaking/wp-content/uploads/dynamic-mobmenuf0ed.css]
[localhost/pastorscott/speaking/wp-content/uploads/dynamic-mobmenua712.css]
[localhost/pastorscott/speaking/wp-content/uploads/dynamic-mobmenu774d.css]
[localhost/pastorscott/speaking/wp-content/uploads/dynamic-mobmenu621a.css]
[localhost/pastorscott/speaking/index.php/preparing-the-church-for-a-pastoral-sabbatical/index.html]
[localhost/pastorscott/speaking/wp-content/uploads/dynamic-mobmenu0ddf.css]
[localhost/pastorscott/speaking/index.php/wp-json/wp/v2/posts/795.json]
[localhost/pastorscott/speaking/index.php/wp-json/oembed/1.0/embed5805.json]
[localhost/pastorscott/speaking/index.php/wp-json/oembed/1.0/embedff78]
[localhost/pastorscott/speaking/index.php/wp-json/wp/v2/posts/809.json]
[localhost/pastorscott/speaking/index.php/wp-json/oembed/1.0/embed3ce6.json]
[localhost/pastorscott/speaking/index.php/wp-json/oembed/1.0/embed2e1e]
[localhost/pastorscott/speaking/index.php/wp-json/wp/v2/tags/400.json]
[localhost/pastorscott/speaking/wp-content/uploads/dynamic-mobmenu253c.css]
[localhost/pastorscott/speaking/wp-content/uploads/dynamic-mobmenub699.css]
[localhost/pastorscott/speaking/wp-content/uploads/dynamic-mobmenu83ce.css]
[localhost/pastorscott/speaking/wp-content/uploads/dynamic-mobmenu4b09.css]
[localhost/pastorscott/speaking/wp-content/uploads/dynamic-mobmenud564.css]
[localhost/pastorscott/speaking/wp-content/uploads/dynamic-mobmenu87dd.css]
[localhost/pastorscott/speaking/wp-content/uploads/dynamic-mobmenu2e37.css]
[localhost/pastorscott/speaking/wp-content/uploads/dynamic-mobmenu667b.css]
[localhost/pastorscott/speaking/wp-content/uploads/dynamic-mobmenua85e.css]
[localhost/pastorscott/speaking/wp-content/uploads/dynamic-mobmenu71d1.css]
[localhost/pastorscott/speaking/wp-content/uploads/dynamic-mobmenu6a5a.css]
[localhost/pastorscott/speaking/index.php/wp-json/wp/v2/posts/2209.json]
[localhost/pastorscott/speaking/index.php/wp-json/oembed/1.0/embed0f4a.json]
[localhost/pastorscott/speaking/index.php/wp-json/oembed/1.0/embed6857]
[localhost/pastorscott/speaking/index.php/wp-json/wp/v2/tags/456.json]
[localhost/pastorscott/speaking/index.php/wp-json/wp/v2/posts/2219.json]
[localhost/pastorscott/speaking/index.php/wp-json/oembed/1.0/embed7265.json]
[localhost/pastorscott/speaking/index.php/wp-json/oembed/1.0/embedea99]
[localhost/pastorscott/speaking/index.php/contemporary-worship-in-a-traditional-sanctuary/index.html]
[localhost/pastorscott/speaking/index.php/tag/contemporary/index.html]
[localhost/pastorscott/speaking/wp-content/uploads/dynamic-mobmenua576.css]
[localhost/pastorscott/speaking/index.php/author/grscott/page/3/index.html]
[localhost/pastorscott/speaking/wp-content/uploads/dynamic-mobmenu225d.css]
[localhost/pastorscott/speaking/index.php/wp-json/wp/v2/posts/2599.json]
[localhost/pastorscott/speaking/index.php/wp-json/oembed/1.0/embed5d45.json]
[localhost/pastorscott/speaking/index.php/wp-json/oembed/1.0/embed9034]
[localhost/pastorscott/speaking/index.php/category/ministerially_speaking/page/3/index.html]
[localhost/pastorscott/speaking/indexccfb.html]
[localhost/pastorscott/speaking/index.php/wp-json/wp/v2/tags/619.json]
[localhost/pastorscott/speaking/index.php/coronaverses-1/index.html]
[localhost/pastorscott/speaking/wp-content/uploads/dynamic-mobmenuc537.css]
[localhost/pastorscott/speaking/index7994.html]
[localhost/pastorscott/speaking/wp-content/uploads/dynamic-mobmenu79f6.css]
[localhost/pastorscott/speaking/indexc446.html]
[localhost/pastorscott/speaking/wp-content/uploads/dynamic-mobmenua6ec.css]
[localhost/pastorscott/speaking/index151a.html]
[localhost/pastorscott/speaking/wp-content/uploads/dynamic-mobmenua56a.css]
[localhost/pastorscott/speaking/wp-content/uploads/dynamic-mobmenu503a.css]
[localhost/pastorscott/speaking/indexaaa5.html]
[localhost/pastorscott/speaking/wp-content/uploads/dynamic-mobmenu3f20.css]
[localhost/pastorscott/speaking/index52de.html]
[localhost/pastorscott/speaking/index4775.html]
[localhost/pastorscott/speaking/wp-content/uploads/dynamic-mobmenudc56.css]
[localhost/pastorscott/speaking/indexee0c.html]
[localhost/pastorscott/speaking/wp-content/uploads/dynamic-mobmenue4a1.css]
[localhost/pastorscott/speaking/wp-content/uploads/dynamic-mobmenu11e1.css]
[localhost/pastorscott/speaking/wp-content/uploads/dynamic-mobmenua409.css]
[localhost/pastorscott/speaking/indexbe4b.html]
[localhost/pastorscott/speaking/indexe83f.html]
[localhost/pastorscott/speaking/wp-content/uploads/dynamic-mobmenu3785.css]
[localhost/pastorscott/speaking/indexa896.html]
[localhost/pastorscott/speaking/wp-content/uploads/dynamic-mobmenu1916.css]
[localhost/pastorscott/speaking/index605c.html]
[localhost/pastorscott/speaking/wp-content/uploads/dynamic-mobmenufa5f.css]
[localhost/pastorscott/speaking/index2582.html]
[localhost/pastorscott/speaking/wp-content/uploads/dynamic-mobmenubcfd.css]
[localhost/pastorscott/speaking/index4e45.html]
[localhost/pastorscott/speaking/index.php/coronaverses-03/index.html]
[localhost/pastorscott/speaking/index.php/coronaverses-05/index.html]
[localhost/pastorscott/speaking/index976f.html]
[localhost/pastorscott/speaking/wp-content/uploads/dynamic-mobmenu69b9.css]
[localhost/pastorscott/speaking/index3a9c.html]
[localhost/pastorscott/speaking/wp-content/uploads/dynamic-mobmenu8012.css]
[localhost/pastorscott/speaking/indexeeae.html]
[localhost/pastorscott/speaking/wp-content/uploads/dynamic-mobmenu5dec.css]
[localhost/pastorscott/speaking/wp-content/uploads/dynamic-mobmenu226e.css]
[localhost/pastorscott/speaking/indexa6b4.html]
[localhost/pastorscott/speaking/wp-content/uploads/dynamic-mobmenu14af.css]
[localhost/pastorscott/speaking/wp-content/uploads/dynamic-mobmenu91a0.css]
[localhost/pastorscott/speaking/wp-content/uploads/dynamic-mobmenueef4.css]
[localhost/pastorscott/speaking/wp-content/uploads/dynamic-mobmenube7b.css]
[localhost/pastorscott/speaking/indexf72f.html]
[localhost/pastorscott/speaking/wp-content/uploads/dynamic-mobmenu02eb.css]
[localhost/pastorscott/speaking/wp-content/uploads/dynamic-mobmenu864e.css]
[localhost/pastorscott/speaking/wp-content/uploads/dynamic-mobmenu0f00.css]
[localhost/pastorscott/speaking/wp-content/uploads/dynamic-mobmenu9770.css]
[localhost/pastorscott/speaking/index85f6.html]
[localhost/pastorscott/speaking/wp-content/uploads/dynamic-mobmenu606d-2.css]
[localhost/pastorscott/speaking/index7979.html]
[localhost/pastorscott/speaking/wp-content/uploads/dynamic-mobmenua586.css]
[localhost/pastorscott/speaking/indexcff5.html]
[localhost/pastorscott/speaking/wp-content/uploads/dynamic-mobmenua798.css]
[localhost/pastorscott/speaking/indexe6c6.html]
[localhost/pastorscott/speaking/wp-content/uploads/dynamic-mobmenub8e7.css]
[localhost/pastorscott/speaking/index6996.html]
[localhost/pastorscott/speaking/wp-content/uploads/dynamic-mobmenua735.css]
[localhost/pastorscott/speaking/wp-content/uploads/dynamic-mobmenuf8f6.css]
[localhost/pastorscott/speaking/index1697.html]
[localhost/pastorscott/speaking/index7f8f.html]
[localhost/pastorscott/speaking/wp-content/uploads/dynamic-mobmenua9f3.css]
[localhost/pastorscott/speaking/indexe1a1.html]
[localhost/pastorscott/speaking/wp-content/uploads/dynamic-mobmenu340a.css]
[localhost/pastorscott/speaking/wp-content/uploads/dynamic-mobmenuc9f8.css]
[localhost/pastorscott/speaking/index16e3.html]
[localhost/pastorscott/speaking/index486d.html]
[localhost/pastorscott/speaking/wp-content/uploads/dynamic-mobmenu2938.css]
[localhost/pastorscott/speaking/indexecda.html]
[localhost/pastorscott/speaking/wp-content/uploads/dynamic-mobmenuf014.css]
[localhost/pastorscott/speaking/index.php/pastors-day-off-and-other-pastortime-issues/index.html]
[localhost/pastorscott/speaking/index.php/tag/time/index.html]
[localhost/pastorscott/speaking/index.php/wp-json/wp/v2/posts/2966.json]
[localhost/pastorscott/speaking/index.php/wp-json/oembed/1.0/embedc119.json]
[localhost/pastorscott/speaking/index.php/wp-json/oembed/1.0/embedcc9b]
[localhost/pastorscott/speaking/index.php/wp-json/wp/v2/posts/2970.json]
[localhost/pastorscott/speaking/index.php/wp-json/oembed/1.0/embed6771.json]
[localhost/pastorscott/speaking/index.php/wp-json/oembed/1.0/embed5567]
[localhost/pastorscott/speaking/index.php/wp-json/wp/v2/posts/2974.json]
[localhost/pastorscott/speaking/index.php/wp-json/oembed/1.0/embede700.json]
[localhost/pastorscott/speaking/index.php/wp-json/oembed/1.0/embedaa8a]
[localhost/pastorscott/speaking/wp-content/uploads/dynamic-mobmenubac6.css]
[localhost/pastorscott/speaking/indexb4ea.html]
[localhost/pastorscott/speaking/wp-content/uploads/dynamic-mobmenu730c.css]
[localhost/pastorscott/speaking/index477d.html]
[localhost/pastorscott/speaking/wp-content/uploads/dynamic-mobmenu6cb1.css]
[localhost/pastorscott/speaking/wp-content/uploads/dynamic-mobmenue033.css]
[localhost/pastorscott/speaking/index17f8.html]
[localhost/pastorscott/speaking/index.php/wp-json/wp/v2/posts/1620.json]
[localhost/pastorscott/speaking/index.php/wp-json/oembed/1.0/embedbea2.json]
[localhost/pastorscott/speaking/index.php/wp-json/oembed/1.0/embed595b]
[localhost/pastorscott/speaking/index.php/wp-json/wp/v2/tags/399.json]
[localhost/pastorscott/speaking/wp-content/uploads/dynamic-mobmenu7744.css]
[localhost/pastorscott/speaking/index08a9.html]
[localhost/pastorscott/speaking/wp-content/uploads/dynamic-mobmenu5d8b.css]
[localhost/pastorscott/speaking/index1142.html]
[localhost/pastorscott/speaking/index.php/coronaverses-27/index.html]
[localhost/pastorscott/speaking/index.php/coronaverses-26/index.html]
[localhost/pastorscott/speaking/index.php/wp-json/wp/v2/posts/3022.json]
[localhost/pastorscott/speaking/index.php/wp-json/oembed/1.0/embed00d5.json]
[localhost/pastorscott/speaking/index.php/wp-json/oembed/1.0/embed12a5]
[localhost/pastorscott/speaking/index.php/wp-json/wp/v2/posts/3020.json]
[localhost/pastorscott/speaking/index.php/wp-json/oembed/1.0/embede4b1.json]
[localhost/pastorscott/speaking/index.php/wp-json/oembed/1.0/embed8419]
[localhost/pastorscott/speaking/index.php/coronaverses-25/index.html]
[localhost/pastorscott/speaking/index.php/tag/coronaverses/page/3/index.html]
[localhost/pastorscott/speaking/wp-content/uploads/dynamic-mobmenuc4af.css]
[localhost/pastorscott/speaking/indexe6ee.html]
[localhost/pastorscott/speaking/wp-content/uploads/dynamic-mobmenufaed.css]
[localhost/pastorscott/speaking/index8192.html]
[localhost/pastorscott/speaking/wp-content/uploads/dynamic-mobmenu2871.css]
[localhost/pastorscott/speaking/index3d31.html]
[localhost/pastorscott/speaking/wp-content/uploads/dynamic-mobmenu1335.css]
[localhost/pastorscott/speaking/index0fef.html]
[localhost/pastorscott/speaking/index3c52.html]
[localhost/pastorscott/speaking/wp-content/uploads/dynamic-mobmenu3d17.css]
[localhost/pastorscott/speaking/index3408.html]
[localhost/pastorscott/speaking/wp-content/uploads/dynamic-mobmenua4fe.css]
[localhost/pastorscott/speaking/index7b41.html]
[localhost/pastorscott/speaking/index.php/coronaverses-24/index.html]
[localhost/pastorscott/speaking/index.php/wp-json/oembed/1.0/embed057b.json]
[localhost/pastorscott/speaking/index.php/wp-json/oembed/1.0/embed3d3d]
[localhost/pastorscott/speaking/index.php/wp-json/wp/v2/posts/3018.json]
[localhost/pastorscott/speaking/index.php/wp-json/oembed/1.0/embed33bd.json]
[localhost/pastorscott/speaking/index.php/wp-json/oembed/1.0/embed800e]
[localhost/pastorscott/speaking/index.php/wp-json/wp/v2/posts/3016.json]
[localhost/pastorscott/speaking/index.php/coronaverses-23/index.html]
[localhost/pastorscott/speaking/index.php/coronaverses-22/index.html]
[localhost/pastorscott/speaking/index.php/coronaverses-21/index.html]
[localhost/pastorscott/speaking/index.php/wp-json/oembed/1.0/embed3bd7.json]
[localhost/pastorscott/speaking/index.php/wp-json/oembed/1.0/embed772a]
[localhost/pastorscott/speaking/index.php/wp-json/wp/v2/posts/3013.json]
[localhost/pastorscott/speaking/index.php/coronaverses-20/index.html]
[localhost/pastorscott/speaking/index.php/coronaverses-19/index.html]
[localhost/pastorscott/speaking/index.php/wp-json/wp/v2/posts/3011.json]
[localhost/pastorscott/speaking/index.php/wp-json/oembed/1.0/embed8d59.json]
[localhost/pastorscott/speaking/index.php/wp-json/wp/v2/posts/3009.json]
[localhost/pastorscott/speaking/index.php/wp-json/oembed/1.0/embed26d0]
[localhost/pastorscott/speaking/index.php/wp-json/oembed/1.0/embed860e.json]
[localhost/pastorscott/speaking/index.php/wp-json/oembed/1.0/embed2bba]
[localhost/pastorscott/speaking/index.php/wp-json/wp/v2/posts/3006.json]
[localhost/pastorscott/speaking/index.php/coronaverses-18/index.html]
[localhost/pastorscott/speaking/index.php/page/4/index.html]
[localhost/pastorscott/speaking/wp-content/uploads/dynamic-mobmenu71b4.css]
[localhost/pastorscott/speaking/indexeba0.html]
[localhost/pastorscott/speaking/wp-content/uploads/dynamic-mobmenuac45.css]
[localhost/pastorscott/speaking/indexe98c.html]
[localhost/pastorscott/speaking/wp-content/uploads/dynamic-mobmenufd06.css]
[localhost/pastorscott/speaking/indexead7.html]
[localhost/pastorscott/speaking/indexaf4f.html]
[localhost/pastorscott/speaking/wp-content/uploads/dynamic-mobmenu3b6e.css]
[localhost/pastorscott/speaking/index.php/wp-json/oembed/1.0/embed4299.json]
[localhost/pastorscott/speaking/index.php/wp-json/oembed/1.0/embed73f3]
[localhost/pastorscott/speaking/index.php/wp-json/wp/v2/posts/3004.json]
[localhost/pastorscott/speaking/index.php/wp-json/oembed/1.0/embeda639.json]
[localhost/pastorscott/speaking/index.php/wp-json/oembed/1.0/embed973b]
[localhost/pastorscott/speaking/index.php/wp-json/wp/v2/posts/3002.json]
[localhost/pastorscott/speaking/index.php/wp-json/oembed/1.0/embedef76.json]
[localhost/pastorscott/speaking/index.php/wp-json/oembed/1.0/embedb56a]
[localhost/pastorscott/speaking/indexf4ac.html]
[localhost/pastorscott/speaking/indexef72.html]
[localhost/pastorscott/speaking/wp-content/uploads/dynamic-mobmenuefee.css]
[localhost/pastorscott/speaking/indexd486.html]
[localhost/pastorscott/speaking/wp-content/uploads/dynamic-mobmenua7b9.css]
[localhost/pastorscott/speaking/indexa013.html]
[localhost/pastorscott/speaking/wp-content/uploads/dynamic-mobmenuebdb.css]
[localhost/pastorscott/speaking/index209a.html]
[localhost/pastorscott/speaking/wp-content/uploads/dynamic-mobmenu4cd1.css]
[localhost/pastorscott/speaking/index4592.html]
[localhost/pastorscott/speaking/index20df.html]
[localhost/pastorscott/speaking/wp-content/uploads/dynamic-mobmenu276f.css]
[localhost/pastorscott/speaking/index21a5.html]
[localhost/pastorscott/speaking/wp-content/uploads/dynamic-mobmenu3d32.css]
[localhost/pastorscott/speaking/indexb280.html]
[localhost/pastorscott/speaking/wp-content/uploads/dynamic-mobmenu8a83.css]
[localhost/pastorscott/speaking/indexe445.html]
[localhost/pastorscott/speaking/wp-content/uploads/dynamic-mobmenu767c.css]
[localhost/pastorscott/speaking/index3898.html]
[localhost/pastorscott/speaking/wp-content/uploads/dynamic-mobmenud741.css]
[localhost/pastorscott/speaking/index3d4f.html]
[localhost/pastorscott/speaking/wp-content/uploads/dynamic-mobmenuc049.css]
[localhost/pastorscott/speaking/indexcde5.html]
[localhost/pastorscott/speaking/wp-content/uploads/dynamic-mobmenu71c3.css]
[localhost/pastorscott/speaking/index01f7.html]
[localhost/pastorscott/speaking/wp-content/uploads/dynamic-mobmenue0e7.css]
[localhost/pastorscott/speaking/indexc190.html]
[localhost/pastorscott/speaking/index4aec.html]
[localhost/pastorscott/speaking/index7a13.html]
[localhost/pastorscott/speaking/wp-content/uploads/dynamic-mobmenu6258.css]
[localhost/pastorscott/speaking/index6a26.html]
[localhost/pastorscott/speaking/index028e.html]
[localhost/pastorscott/speaking/wp-content/uploads/dynamic-mobmenu2c69.css]
[localhost/pastorscott/speaking/indexe23a.html]
[localhost/pastorscott/speaking/wp-content/uploads/dynamic-mobmenu3e66.css]
[localhost/pastorscott/speaking/index922d.html]
[localhost/pastorscott/speaking/wp-content/uploads/dynamic-mobmenu5098.css]
[localhost/pastorscott/speaking/index4b30.html]
[localhost/pastorscott/speaking/wp-content/uploads/dynamic-mobmenuf8df.css]
[localhost/pastorscott/speaking/index9628.html]
[localhost/pastorscott/speaking/wp-content/uploads/dynamic-mobmenu1626.css]
[localhost/pastorscott/speaking/indexc2d1.html]
[localhost/pastorscott/speaking/wp-content/uploads/dynamic-mobmenuf110.css]
[localhost/pastorscott/speaking/wp-content/uploads/dynamic-mobmenu9794.css]
[localhost/pastorscott/speaking/index094a.html]
[localhost/pastorscott/speaking/index9ab8.html]
[localhost/pastorscott/speaking/wp-content/uploads/dynamic-mobmenu1b19.css]
[localhost/pastorscott/speaking/indexbb3a.html]
[localhost/pastorscott/speaking/wp-content/uploads/dynamic-mobmenuc8fe.css]
[localhost/pastorscott/speaking/wp-content/uploads/dynamic-mobmenu260f.css]
[localhost/pastorscott/speaking/index9fe1.html]
[localhost/pastorscott/speaking/wp-content/uploads/dynamic-mobmenu9bcb.css]
[localhost/pastorscott/speaking/indexa49c.html]
[localhost/pastorscott/speaking/index2d45.html]
[localhost/pastorscott/speaking/wp-content/uploads/dynamic-mobmenuff08.css]
[localhost/pastorscott/speaking/indexbf1a.html]
[localhost/pastorscott/speaking/wp-content/uploads/dynamic-mobmenub333.css]
[localhost/pastorscott/speaking/index3dfd.html]
[localhost/pastorscott/speaking/wp-content/uploads/dynamic-mobmenu11b3.css]
[localhost/pastorscott/speaking/indexe2de.html]
[localhost/pastorscott/speaking/wp-content/uploads/dynamic-mobmenub4e6.css]
[localhost/pastorscott/speaking/index1ce4.html]
[localhost/pastorscott/speaking/wp-content/uploads/dynamic-mobmenu3ae8.css]
[localhost/pastorscott/speaking/index2193.html]
[localhost/pastorscott/speaking/wp-content/uploads/dynamic-mobmenu46a7.css]
[localhost/pastorscott/speaking/index043e.html]
[localhost/pastorscott/speaking/wp-content/uploads/dynamic-mobmenuf2c6.css]
[localhost/pastorscott/speaking/indexf53a.html]
[localhost/pastorscott/speaking/index4a9b.html]
[localhost/pastorscott/speaking/wp-content/uploads/dynamic-mobmenua148.css]
[localhost/pastorscott/speaking/index6617.html]
[localhost/pastorscott/speaking/wp-content/uploads/dynamic-mobmenu1f4f.css]
[localhost/pastorscott/speaking/index692b.html]
[localhost/pastorscott/speaking/wp-content/uploads/dynamic-mobmenud206.css]
[localhost/pastorscott/speaking/wp-content/uploads/dynamic-mobmenufc46.css]
[localhost/pastorscott/speaking/index.php/author/grscott/page/4/index.html]
[localhost/pastorscott/speaking/index.php/category/ministerially_speaking/page/4/index.html]
[localhost/pastorscott/speaking/wp-content/uploads/dynamic-mobmenub557.css]
[localhost/pastorscott/speaking/index97c4.html]
[localhost/pastorscott/speaking/index.php/coronaverses-2/index.html]
[localhost/pastorscott/speaking/wp-content/uploads/dynamic-mobmenu5c87.css]
[localhost/pastorscott/speaking/index9a07.html]
[localhost/pastorscott/speaking/wp-content/uploads/dynamic-mobmenu0fe6.css]
[localhost/pastorscott/speaking/index2870.html]
[localhost/pastorscott/speaking/index.php/wp-json/wp/v2/posts/2968.json]
[localhost/pastorscott/speaking/index.php/wp-json/oembed/1.0/embed4005.json]
[localhost/pastorscott/speaking/index.php/wp-json/oembed/1.0/embed7f11]
[localhost/pastorscott/speaking/index.php/coronaverses-06/index.html]
[localhost/pastorscott/speaking/wp-content/uploads/dynamic-mobmenu65d8.css]
[localhost/pastorscott/speaking/index8df3.html]
[localhost/pastorscott/speaking/wp-content/uploads/dynamic-mobmenud2aa.css]
[localhost/pastorscott/speaking/index.php/wp-json/wp/v2/posts/2976.json]
[localhost/pastorscott/speaking/index.php/wp-json/oembed/1.0/embedf660.json]
[localhost/pastorscott/speaking/index.php/wp-json/oembed/1.0/embedcfb5]
[localhost/pastorscott/speaking/wp-content/uploads/dynamic-mobmenu6b19.css]
[localhost/pastorscott/speaking/index9d51.html]
[localhost/pastorscott/speaking/index2941.html]
[localhost/pastorscott/speaking/wp-content/uploads/dynamic-mobmenud6c5.css]
[localhost/pastorscott/speaking/index7adf.html]
[localhost/pastorscott/speaking/wp-content/uploads/dynamic-mobmenu3f82.css]
[localhost/pastorscott/speaking/index.php/coronaverses-17/index.html]
[localhost/pastorscott/speaking/index.php/coronaverses-16/index.html]
[localhost/pastorscott/speaking/index.php/wp-json/wp/v2/posts/3000.json]
[localhost/pastorscott/speaking/index.php/coronaverses-15/index.html]
[localhost/pastorscott/speaking/index.php/wp-json/oembed/1.0/embed8d9b.json]
[localhost/pastorscott/speaking/index.php/wp-json/oembed/1.0/embed35a5]
[localhost/pastorscott/speaking/index.php/wp-json/wp/v2/posts/2997.json]
[localhost/pastorscott/speaking/index.php/tag/coronaverses/page/4/index.html]
[localhost/pastorscott/speaking/indexc794.html]
[localhost/pastorscott/speaking/wp-content/uploads/dynamic-mobmenu6637.css]
[localhost/pastorscott/speaking/indexb5e2.html]
[localhost/pastorscott/speaking/wp-content/uploads/dynamic-mobmenub42f.css]
[localhost/pastorscott/speaking/indexbd4e.html]
[localhost/pastorscott/speaking/indexf65c.html]
[localhost/pastorscott/speaking/wp-content/uploads/dynamic-mobmenu3d4b.css]
[localhost/pastorscott/speaking/indexe820.html]
[localhost/pastorscott/speaking/wp-content/uploads/dynamic-mobmenud945.css]
[localhost/pastorscott/speaking/indexea5a.html]
[localhost/pastorscott/speaking/wp-content/uploads/dynamic-mobmenuc503.css]
[localhost/pastorscott/speaking/indexafaa.html]
[localhost/pastorscott/speaking/index.php/coronaverses-14/index.html]
[localhost/pastorscott/speaking/index.php/wp-json/oembed/1.0/embed3444.json]
[localhost/pastorscott/speaking/index.php/wp-json/oembed/1.0/embed1c1c]
[localhost/pastorscott/speaking/index.php/coronaverses-13/index.html]
[localhost/pastorscott/speaking/index.php/wp-json/oembed/1.0/embed30a3.json]
[localhost/pastorscott/speaking/index.php/wp-json/oembed/1.0/embede808]
[localhost/pastorscott/speaking/index.php/wp-json/wp/v2/posts/2995.json]
[localhost/pastorscott/speaking/index.php/wp-json/wp/v2/posts/2993.json]
[localhost/pastorscott/speaking/index.php/wp-json/oembed/1.0/embeddd2a.json]
[localhost/pastorscott/speaking/index.php/wp-json/oembed/1.0/embed222f]
[localhost/pastorscott/speaking/index.php/wp-json/wp/v2/posts/2991.json]
[localhost/pastorscott/speaking/index.php/coronaverses-12/index.html]
[localhost/pastorscott/speaking/index.php/coronaverses-11/index.html]
[localhost/pastorscott/speaking/index.php/wp-json/oembed/1.0/embed0d8c]
[localhost/pastorscott/speaking/index.php/wp-json/oembed/1.0/embedd3c1.json]
[localhost/pastorscott/speaking/index.php/wp-json/wp/v2/posts/2989.json]
[localhost/pastorscott/speaking/index.php/wp-json/oembed/1.0/embed4fc9.json]
[localhost/pastorscott/speaking/index.php/wp-json/oembed/1.0/embed1f56]
[localhost/pastorscott/speaking/index.php/coronaverses-10/index.html]
[localhost/pastorscott/speaking/index.php/coronaverses-09/index.html]
[localhost/pastorscott/speaking/index.php/wp-json/wp/v2/posts/2987.json]
[localhost/pastorscott/speaking/index.php/tag/coronaverse/index.html]
[localhost/pastorscott/speaking/index.php/wp-json/oembed/1.0/embede643]
[localhost/pastorscott/speaking/index.php/wp-json/oembed/1.0/embed76cc.json]
[localhost/pastorscott/speaking/index.php/wp-json/wp/v2/posts/2984.json]
[localhost/pastorscott/speaking/index.php/coronaverses-08/index.html]
[localhost/pastorscott/speaking/index.php/page/5/index.html]
[localhost/pastorscott/speaking/index.php/wp-json/oembed/1.0/embed9f23.json]
[localhost/pastorscott/speaking/index.php/author/grscott/page/5/index.html]
[localhost/pastorscott/speaking/index.php/wp-json/wp/v2/posts/2982.json]
[localhost/pastorscott/speaking/index.php/wp-json/oembed/1.0/embed3a76]
[localhost/pastorscott/speaking/index.php/wp-json/oembed/1.0/embed40be.json]
[localhost/pastorscott/speaking/index.php/category/ministerially_speaking/page/5/index.html]
[localhost/pastorscott/speaking/wp-content/uploads/dynamic-mobmenuaaa3.css]
[localhost/pastorscott/speaking/indexcffa.html]
[localhost/pastorscott/speaking/wp-content/uploads/dynamic-mobmenuf20e.css]
[localhost/pastorscott/speaking/indexaa2d.html]
[localhost/pastorscott/speaking/index.php/wp-json/oembed/1.0/embed3fa0]
[localhost/pastorscott/speaking/index.php/coronaverses-07/index.html]
[localhost/pastorscott/speaking/indexf745.html]
[localhost/pastorscott/speaking/wp-content/uploads/dynamic-mobmenu0457.css]
[localhost/pastorscott/speaking/indexa4d5.html]
[localhost/pastorscott/speaking/wp-content/uploads/dynamic-mobmenuae5e.css]
[localhost/pastorscott/speaking/index1b7a.html]
[localhost/pastorscott/speaking/wp-content/uploads/dynamic-mobmenu68c6.css]
[localhost/pastorscott/speaking/index.php/wp-json/wp/v2/posts/2980.json]
[localhost/pastorscott/speaking/index.php/wp-json/wp/v2/tags/622.json]
[localhost/pastorscott/speaking/index.php/wp-json/oembed/1.0/embed1ba6.json]
[localhost/pastorscott/speaking/index.php/wp-json/oembed/1.0/embed6b96]
[localhost/pastorscott/speaking/index.php/wp-json/wp/v2/posts/2978.json]
[localhost/pastorscott/speaking/index.php/wp-json/oembed/1.0/embed31c0.json]
[localhost/pastorscott/speaking/index.php/wp-json/oembed/1.0/embed31c1]
[localhost/pastorscott/speaking/index.php/tag/coronaverses/page/5/index.html]
[localhost/pastorscott/speaking/index00b0.html]
[localhost/pastorscott/speaking/wp-content/uploads/dynamic-mobmenuc56d.css]
[localhost/pastorscott/speaking/indexc119.html]
[localhost/pastorscott/speaking/wp-content/uploads/dynamic-mobmenuc09e.css]
[localhost/pastorscott/speaking/indexe4fe.html]
[localhost/pastorscott/speaking/wp-content/uploads/dynamic-mobmenu7b19.css]
[localhost/pastorscott/speaking/index3ae6.html]
[localhost/pastorscott/speaking/wp-content/uploads/dynamic-mobmenubc40.css]
[localhost/pastorscott/speaking/index2cb4.html]
[localhost/pastorscott/speaking/wp-content/uploads/dynamic-mobmenueba1.css]
[localhost/pastorscott/speaking/indexc3b1.html]
[localhost/pastorscott/speaking/wp-content/uploads/dynamic-mobmenu7d45.css]
[localhost/pastorscott/speaking/wp-content/uploads/dynamic-mobmenu1a33.css]
[localhost/pastorscott/speaking/indexdf1a.html]
[localhost/pastorscott/speaking/wp-content/uploads/dynamic-mobmenud132.css]
[localhost/pastorscott/speaking/index.php/page/6/index.html]
[localhost/pastorscott/speaking/wp-content/uploads/dynamic-mobmenu898c.css]
[localhost/pastorscott/speaking/index.php/author/grscott/page/6/index.html]
[localhost/pastorscott/speaking/wp-content/uploads/dynamic-mobmenu60c5.css]
[localhost/pastorscott/speaking/index.php/category/ministerially_speaking/page/6/index.html]
[localhost/pastorscott/speaking/wp-content/uploads/dynamic-mobmenu6f12.css]
[localhost/pastorscott/speaking/indexae17.html]
[localhost/pastorscott/speaking/wp-content/uploads/dynamic-mobmenue399.css]
[localhost/pastorscott/speaking/wp-content/uploads/dynamic-mobmenu152f.css]
[localhost/pastorscott/speaking/index.php/page/7/index.html]
[localhost/pastorscott/speaking/wp-content/uploads/dynamic-mobmenu962a.css]
[localhost/pastorscott/speaking/index.php/author/grscott/page/7/index.html]
[localhost/pastorscott/speaking/wp-content/uploads/dynamic-mobmenuc36c.css]
[localhost/pastorscott/speaking/index.php/category/ministerially_speaking/page/7/index.html]
[localhost/pastorscott/speaking/wp-content/uploads/dynamic-mobmenu5e96.css]
[localhost/pastorscott/speaking/index.php/page/8/index.html]
[localhost/pastorscott/speaking/wp-content/uploads/dynamic-mobmenu758a.css]
[localhost/pastorscott/speaking/index.php/author/grscott/page/8/index.html]
[localhost/pastorscott/speaking/index.php/category/ministerially_speaking/page/8/index.html]
[localhost/pastorscott/speaking/wp-content/uploads/dynamic-mobmenu8ef1.css]
[localhost/pastorscott/speaking/index.php/page/9/index.html]
[localhost/pastorscott/speaking/wp-content/uploads/dynamic-mobmenu734b.css]
[localhost/pastorscott/speaking/index.php/author/grscott/page/9/index.html]
[localhost/pastorscott/speaking/index.php/category/ministerially_speaking/page/9/index.html]
[localhost/pastorscott/speaking/wp-content/uploads/dynamic-mobmenu8457.css]
[localhost/pastorscott/speaking/index.php/page/10/index.html]
[localhost/pastorscott/speaking/wp-content/uploads/dynamic-mobmenu501e.css]
[localhost/pastorscott/speaking/index.php/author/grscott/page/10/index.html]
[localhost/pastorscott/speaking/wp-content/uploads/dynamic-mobmenu1cd8.css]
[localhost/pastorscott/speaking/index.php/category/ministerially_speaking/page/10/index.html]
[localhost/pastorscott/speaking/wp-content/uploads/dynamic-mobmenu0f42.css]
[localhost/pastorscott/speaking/index.php/page/11/index.html]
[localhost/pastorscott/speaking/wp-content/uploads/dynamic-mobmenu2250.css]
[localhost/pastorscott/speaking/index.php/author/grscott/page/11/index.html]
[localhost/pastorscott/speaking/wp-content/uploads/dynamic-mobmenu8d51.css]
[localhost/pastorscott/speaking/index.php/category/ministerially_speaking/page/11/index.html]
[localhost/pastorscott/speaking/wp-content/uploads/dynamic-mobmenu4e3e.css]
[localhost/pastorscott/speaking/index.php/page/12/index.html]
[localhost/pastorscott/speaking/wp-content/uploads/dynamic-mobmenu5326.css]
[localhost/pastorscott/speaking/index.php/author/grscott/page/12/index.html]
[localhost/pastorscott/speaking/wp-content/uploads/dynamic-mobmenu3ec7.css]
[localhost/pastorscott/speaking/index.php/category/ministerially_speaking/page/12/index.html]
[localhost/pastorscott/speaking/wp-content/uploads/dynamic-mobmenu6f97.css]
[localhost/pastorscott/speaking/index.php/page/13/index.html]
[localhost/pastorscott/speaking/wp-content/uploads/dynamic-mobmenu900b.css]
[localhost/pastorscott/speaking/index.php/author/grscott/page/13/index.html]
[localhost/pastorscott/speaking/wp-content/uploads/dynamic-mobmenu1869.css]
[localhost/pastorscott/speaking/index.php/category/ministerially_speaking/page/13/index.html]
[localhost/pastorscott/speaking/wp-content/uploads/dynamic-mobmenu6fe8.css]
[localhost/pastorscott/speaking/wp-content/uploads/dynamic-mobmenuf044.css]
